// Jest Snapshot v1, https://goo.gl/fbAQLP

exports[`renders correctly 1`] = `
<div
  className="layout"
>
  <header>
    <div
      className="container"
    >
      <div
        className="navbar navbar-expand-md navbar-dark"
      >
        <div
          className="container-fluid"
        >
          <a
            className="navbar-brand mx-auto"
            href="/"
            onClick={[Function]}
          >
            Andrey Pudov
          </a>
          <button
            aria-controls="navbarMain"
            aria-expanded="false"
            aria-label="Toggle navigation"
            className="navbar-toggler"
            data-bs-target="#navbarMain"
            data-bs-toggle="collapse"
            type="button"
          >
            <span
              className="navbar-toggler-icon"
            />
          </button>
          <div
            className="collapse navbar-collapse justify-content-sm-center"
            id="navbarMain"
          >
            <ul
              className="navbar-nav"
            >
              <li
                className="nav-item"
              >
                <a
                  className="nav-link"
                  href="/albums/"
                  onClick={[Function]}
                >
                  Albums
                </a>
              </li>
              <li
                className="nav-item"
              >
                <a
                  className="nav-link"
                  href="/contents/"
                  onClick={[Function]}
                >
                  Contents
                </a>
              </li>
              <li
                className="nav-item"
              >
                <a
                  className="nav-link"
                  href="/resume/"
                  onClick={[Function]}
                >
                  Resume
                </a>
              </li>
              <li
                className="nav-item"
              >
                <a
                  className="nav-link"
                  href="/contact/"
                  onClick={[Function]}
                >
                  Contact
                </a>
              </li>
            </ul>
          </div>
        </div>
      </div>
    </div>
  </header>
  <main>
    <div
      className="container"
    >
      <h1>
        Zelensky Syezd
        <small
          className="text-muted"
        >
          Friday, April 14, 2017
        </small>
      </h1>
      <figure>
        <div
          className="ratio ratio-16x9 gallery-video"
        >
          <iframe
            allowFullScreen={true}
            src="https://player.vimeo.com/video/517762791"
            title="Zelensky Syezd"
          />
        </div>
        <figcaption
          className="video-caption"
        >
          Zelensky Syezd Street

Construction of the stone Kremlin of Nizhny Novgorod began in 1500 with the building of the Ivanovskaya Tower; the main work commenced in 1508 and by 1515 a grandiose building was completed. The oak walls that formed the old fortifications were destroyed by a huge fire in 1513. The two-kilometer wall was reinforced by 13 towers (one of them – Zachatskaya – was on the shore of the Volga; not preserved, but was rebuilt in 2012). This “Stone City” had a permanent garrison with solid artillery weapons. With the fall of Kazan, Nizhny Novgorod Kremlin lost its military significance, and later it housed the city and provincial authorities.
        </figcaption>
      </figure>
    </div>
  </main>
  <footer>
    <div
      className="container"
    >
      <hr
        className="footer-divider"
      />
      <ul
        className="piped-links float-end"
      >
        <li
          className="first piped-links-short"
        >
          <a
            href="/resume/"
            onClick={[Function]}
          >
            About
          </a>
        </li>
        <li
          className="first piped-links-long"
        >
          <a
            href="/resume/"
            onClick={[Function]}
          >
            About Andrey Pudov
          </a>
        </li>
        <li>
          <a
            href="/contact/"
            onClick={[Function]}
          >
            Contact
          </a>
        </li>
      </ul>
      <ul
        className="piped-links"
      >
        <p
          className="piped-links-long"
        >
          Copyright © 2025 Andrey Pudov. All rights reserved.
        </p>
        <p
          className="piped-links-short"
        >
          © 2025 Andrey Pudov. All rights reserved.
        </p>
      </ul>
    </div>
  </footer>
</div>
`;
