// Jest Snapshot v1, https://goo.gl/fbAQLP

exports[`renders correctly 1`] = `
<div
  className="layout"
>
  <header>
    <div
      className="container"
    >
      <div
        className="navbar navbar-expand-md navbar-dark"
      >
        <div
          className="container-fluid"
        >
          <a
            className="navbar-brand mx-auto"
            href="/"
            onClick={[Function]}
          >
            Andrey Pudov
          </a>
          <button
            aria-controls="navbarMain"
            aria-expanded="false"
            aria-label="Toggle navigation"
            className="navbar-toggler"
            data-bs-target="#navbarMain"
            data-bs-toggle="collapse"
            type="button"
          >
            <span
              className="navbar-toggler-icon"
            />
          </button>
          <div
            className="collapse navbar-collapse justify-content-sm-center"
            id="navbarMain"
          >
            <ul
              className="navbar-nav"
            >
              <li
                className="nav-item"
              >
                <a
                  className="nav-link"
                  href="/albums"
                  onClick={[Function]}
                >
                  Albums
                </a>
              </li>
              <li
                className="nav-item"
              >
                <a
                  className="nav-link"
                  href="/contents"
                  onClick={[Function]}
                >
                  Contents
                </a>
              </li>
              <li
                className="nav-item"
              >
                <a
                  className="nav-link"
                  href="/resume"
                  onClick={[Function]}
                >
                  Resume
                </a>
              </li>
              <li
                className="nav-item"
              >
                <a
                  className="nav-link"
                  href="/contact"
                  onClick={[Function]}
                >
                  Contact
                </a>
              </li>
            </ul>
          </div>
        </div>
      </div>
    </div>
  </header>
  <main>
    <div
      className="container"
    >
      <h1>
        Andorra
        <small
          className="text-muted"
        >
          Sunday, October 16, 2022
        </small>
      </h1>
      <figure>
        <img
          alt="Andorra"
          className="img-responsive gallery-image vertical"
          src="/photographs/2022-10-15_16/2022-10-15_16_001.webp"
        />
      </figure>
      <figure>
        <img
          alt="Parc Natural Comunal de les Valls del Comapedrosa

Protected national park in the western portion of Andorra. It contains the highest point in Andorra, Coma Pedrosa, among other peaks."
          className="img-responsive gallery-image vertical"
          src="/photographs/2022-10-15_16/2022-10-15_16_002.webp"
        />
        <figcaption
          className="image-caption vertical"
        >
          Parc Natural Comunal de les Valls del Comapedrosa

Protected national park in the western portion of Andorra. It contains the highest point in Andorra, Coma Pedrosa, among other peaks.
        </figcaption>
      </figure>
      <figure>
        <img
          alt="Andorra"
          className="img-responsive gallery-image"
          src="/photographs/2022-10-15_16/2022-10-15_16_003.webp"
        />
      </figure>
      <figure>
        <img
          alt="Andorra"
          className="img-responsive gallery-image vertical"
          src="/photographs/2022-10-15_16/2022-10-15_16_004.webp"
        />
      </figure>
      <figure>
        <img
          alt="Andorra"
          className="img-responsive gallery-image vertical"
          src="/photographs/2022-10-15_16/2022-10-15_16_005.webp"
        />
      </figure>
      <figure>
        <img
          alt="Andorra"
          className="img-responsive gallery-image"
          src="/photographs/2022-10-15_16/2022-10-15_16_006.webp"
        />
      </figure>
      <figure>
        <img
          alt="Andorra"
          className="img-responsive gallery-image"
          src="/photographs/2022-10-15_16/2022-10-15_16_007.webp"
        />
      </figure>
      <figure>
        <img
          alt="Andorra"
          className="img-responsive gallery-image vertical"
          src="/photographs/2022-10-15_16/2022-10-15_16_008.webp"
        />
      </figure>
      <figure>
        <img
          alt="Andorra"
          className="img-responsive gallery-image vertical"
          src="/photographs/2022-10-15_16/2022-10-15_16_009.webp"
        />
      </figure>
      <figure>
        <img
          alt="Andorra"
          className="img-responsive gallery-image vertical"
          src="/photographs/2022-10-15_16/2022-10-15_16_010.webp"
        />
      </figure>
      <figure>
        <img
          alt="Andorra"
          className="img-responsive gallery-image"
          src="/photographs/2022-10-15_16/2022-10-15_16_011.webp"
        />
      </figure>
      <figure>
        <img
          alt="Andorra"
          className="img-responsive gallery-image vertical"
          src="/photographs/2022-10-15_16/2022-10-15_16_012.webp"
        />
      </figure>
      <figure>
        <img
          alt="Andorra"
          className="img-responsive gallery-image vertical"
          src="/photographs/2022-10-15_16/2022-10-15_16_013.webp"
        />
      </figure>
      <figure>
        <img
          alt="Andorra"
          className="img-responsive gallery-image"
          src="/photographs/2022-10-15_16/2022-10-15_16_014.webp"
        />
      </figure>
      <figure>
        <img
          alt="Mirador Roc Del Quer"
          className="img-responsive gallery-image"
          src="/photographs/2022-10-15_16/2022-10-15_16_015.webp"
        />
        <figcaption
          className="image-caption"
        >
          Mirador Roc Del Quer
        </figcaption>
      </figure>
      <figure>
        <img
          alt="Andorra"
          className="img-responsive gallery-image vertical"
          src="/photographs/2022-10-15_16/2022-10-15_16_016.webp"
        />
      </figure>
      <figure>
        <img
          alt="Andorra"
          className="img-responsive gallery-image vertical"
          src="/photographs/2022-10-15_16/2022-10-15_16_017.webp"
        />
      </figure>
      <figure>
        <img
          alt="Andorra"
          className="img-responsive gallery-image"
          src="/photographs/2022-10-15_16/2022-10-15_16_018.webp"
        />
      </figure>
      <figure>
        <img
          alt="Andorra"
          className="img-responsive gallery-image vertical"
          src="/photographs/2022-10-15_16/2022-10-15_16_019.webp"
        />
      </figure>
      <figure>
        <img
          alt="Lake Engolasters"
          className="img-responsive gallery-image"
          src="/photographs/2022-10-15_16/2022-10-15_16_020.webp"
        />
        <figcaption
          className="image-caption"
        >
          Lake Engolasters
        </figcaption>
      </figure>
      <figure>
        <img
          alt="Andorra"
          className="img-responsive gallery-image"
          src="/photographs/2022-10-15_16/2022-10-15_16_021.webp"
        />
      </figure>
      <figure>
        <img
          alt="Andorra"
          className="img-responsive gallery-image"
          src="/photographs/2022-10-15_16/2022-10-15_16_022.webp"
        />
      </figure>
    </div>
  </main>
  <footer>
    <div
      className="container"
    >
      <hr
        className="footer-divider"
      />
      <ul
        className="piped-links float-end"
      >
        <li
          className="first piped-links-short"
        >
          <a
            href="/resume"
            onClick={[Function]}
          >
            About
          </a>
        </li>
        <li
          className="first piped-links-long"
        >
          <a
            href="/resume"
            onClick={[Function]}
          >
            About Andrey Pudov
          </a>
        </li>
        <li>
          <a
            href="/contact"
            onClick={[Function]}
          >
            Contact
          </a>
        </li>
      </ul>
      <ul
        className="piped-links"
      >
        <p
          className="piped-links-long"
        >
          Copyright © 2023 Andrey Pudov. All rights reserved.
        </p>
        <p
          className="piped-links-short"
        >
          © 2023 Andrey Pudov. All rights reserved.
        </p>
      </ul>
    </div>
  </footer>
</div>
`;
