// Jest Snapshot v1, https://goo.gl/fbAQLP

exports[`renders correctly 1`] = `
<div
  className="layout"
>
  <header>
    <div
      className="container"
    >
      <div
        className="navbar navbar-expand-md navbar-dark"
      >
        <div
          className="container-fluid"
        >
          <a
            className="navbar-brand mx-auto"
            href="/en/"
            onClick={[Function]}
          >
            Header.AndreyPudov
          </a>
          <button
            aria-controls="navbarMain"
            aria-expanded="false"
            aria-label="Toggle navigation"
            className="navbar-toggler"
            data-bs-target="#navbarMain"
            data-bs-toggle="collapse"
            type="button"
          >
            <span
              className="navbar-toggler-icon"
            />
          </button>
          <div
            className="collapse navbar-collapse justify-content-sm-center"
            id="navbarMain"
          >
            <ul
              className="navbar-nav"
            >
              <li
                className="nav-item"
              >
                <a
                  className="nav-link"
                  href="/en/albums/"
                  onClick={[Function]}
                >
                  Albums
                </a>
              </li>
              <li
                className="nav-item"
              >
                <a
                  className="nav-link"
                  href="/en/contents/"
                  onClick={[Function]}
                >
                  Contents
                </a>
              </li>
              <li
                className="nav-item"
              >
                <a
                  className="nav-link"
                  href="/en/resume/"
                  onClick={[Function]}
                >
                  Resume
                </a>
              </li>
              <li
                className="nav-item"
              >
                <a
                  className="nav-link"
                  href="/en/contact/"
                  onClick={[Function]}
                >
                  Contact
                </a>
              </li>
            </ul>
          </div>
        </div>
      </div>
    </div>
  </header>
  <main>
    <div
      className="container"
    >
      <h1>
        LEBL Barcelona El Prat International Airport
        <small
          className="text-muted"
        >
          Wednesday, May 17, 2023
        </small>
      </h1>
      <figure>
        <img
          alt="LEBL Barcelona El Prat International Airport - Josep Tarradellas Barcelona–El Prat Airport is the largest and busiest airport in Catalonia, and the sixth busiest in Europe. In 2019, Barcelona Airport handled a record 52,686,314 passengers, up 5.0% from 2018. It is a hub for Level and Vueling, and a focus city for Air Europa, Iberia, EasyJet and Ryanair."
          className="img-responsive gallery-image vertical"
          src="/photographs/2023-05-17/2023-05-17_001.webp"
          title="Josep Tarradellas Barcelona–El Prat Airport is the largest and busiest airport in Catalonia, and the sixth busiest in Europe. In 2019, Barcelona Airport handled a record 52,686,314 passengers, up 5.0% from 2018. It is a hub for Level and Vueling, and a focus city for Air Europa, Iberia, EasyJet and Ryanair."
        />
        <figcaption
          className="image-caption vertical"
        >
          Josep Tarradellas Barcelona–El Prat Airport is the largest and busiest airport in Catalonia, and the sixth busiest in Europe. In 2019, Barcelona Airport handled a record 52,686,314 passengers, up 5.0% from 2018. It is a hub for Level and Vueling, and a focus city for Air Europa, Iberia, EasyJet and Ryanair.
        </figcaption>
      </figure>
      <figure>
        <img
          alt="LEBL Barcelona El Prat International Airport - Ryanair DAC is an Irish ultra low-cost carrier founded in 1984. It is headquartered in Swords, Dublin, Ireland, and has its primary operational bases at Dublin and London Stansted airports. It forms the largest part of the Ryanair Holdings family of airlines and has Ryanair UK, Buzz, Lauda Europe, and Malta Air as sister airlines. It is Ireland's biggest airline and in 2016 became Europe's largest budget airline by scheduled passengers flown, carrying more international passengers than any other airline."
          className="img-responsive gallery-image vertical"
          src="/photographs/2023-05-17/2023-05-17_002.webp"
          title="Ryanair DAC is an Irish ultra low-cost carrier founded in 1984. It is headquartered in Swords, Dublin, Ireland, and has its primary operational bases at Dublin and London Stansted airports. It forms the largest part of the Ryanair Holdings family of airlines and has Ryanair UK, Buzz, Lauda Europe, and Malta Air as sister airlines. It is Ireland's biggest airline and in 2016 became Europe's largest budget airline by scheduled passengers flown, carrying more international passengers than any other airline."
        />
        <figcaption
          className="image-caption vertical"
        >
          Ryanair DAC is an Irish ultra low-cost carrier founded in 1984. It is headquartered in Swords, Dublin, Ireland, and has its primary operational bases at Dublin and London Stansted airports. It forms the largest part of the Ryanair Holdings family of airlines and has Ryanair UK, Buzz, Lauda Europe, and Malta Air as sister airlines. It is Ireland's biggest airline and in 2016 became Europe's largest budget airline by scheduled passengers flown, carrying more international passengers than any other airline.
        </figcaption>
      </figure>
      <figure>
        <img
          alt="LEBL Barcelona El Prat International Airport - TAP Air Portugal is the flag carrier of Portugal, headquartered at Lisbon Airport which also serves as its hub. The airline was established on 14 March 1945 and began commercial services on 19 September 1946. TAP – Transportes Aéreos Portugueses – has been a member of the Star Alliance since 2005 and operates on average 2,500 flights a week to 90 destinations in 34 countries worldwide. The company has a fleet of 100 aircraft, all of which are manufactured by Airbus with the exception of 22 aircraft manufactured by Embraer and ATR, operating on behalf of the regional airline TAP Express."
          className="img-responsive gallery-image vertical"
          src="/photographs/2023-05-17/2023-05-17_003.webp"
          title="TAP Air Portugal is the flag carrier of Portugal, headquartered at Lisbon Airport which also serves as its hub. The airline was established on 14 March 1945 and began commercial services on 19 September 1946. TAP – Transportes Aéreos Portugueses – has been a member of the Star Alliance since 2005 and operates on average 2,500 flights a week to 90 destinations in 34 countries worldwide. The company has a fleet of 100 aircraft, all of which are manufactured by Airbus with the exception of 22 aircraft manufactured by Embraer and ATR, operating on behalf of the regional airline TAP Express."
        />
        <figcaption
          className="image-caption vertical"
        >
          TAP Air Portugal is the flag carrier of Portugal, headquartered at Lisbon Airport which also serves as its hub. The airline was established on 14 March 1945 and began commercial services on 19 September 1946. TAP – Transportes Aéreos Portugueses – has been a member of the Star Alliance since 2005 and operates on average 2,500 flights a week to 90 destinations in 34 countries worldwide. The company has a fleet of 100 aircraft, all of which are manufactured by Airbus with the exception of 22 aircraft manufactured by Embraer and ATR, operating on behalf of the regional airline TAP Express.
        </figcaption>
      </figure>
      <figure>
        <img
          alt="LEBL Barcelona El Prat International Airport - Vueling is a Spanish low-cost airline based at Viladecans in Greater Barcelona with hubs at Barcelona–El Prat Airport (main), Paris-Orly Airport in Paris, France and Leonardo da Vinci–Fiumicino Airport in Rome, Italy (secondary). It is the largest airline in Spain, measured by fleet size and number of destinations. As of 2021, Vueling serves 122 destinations in Africa, Asia, Europe and the Middle East, and carried more than 34 million passengers in 2019. Since 2013, it has been an operating company of International Airlines Group, the parent company of British Airways and Iberia."
          className="img-responsive gallery-image vertical"
          src="/photographs/2023-05-17/2023-05-17_004.webp"
          title="Vueling is a Spanish low-cost airline based at Viladecans in Greater Barcelona with hubs at Barcelona–El Prat Airport (main), Paris-Orly Airport in Paris, France and Leonardo da Vinci–Fiumicino Airport in Rome, Italy (secondary). It is the largest airline in Spain, measured by fleet size and number of destinations. As of 2021, Vueling serves 122 destinations in Africa, Asia, Europe and the Middle East, and carried more than 34 million passengers in 2019. Since 2013, it has been an operating company of International Airlines Group, the parent company of British Airways and Iberia."
        />
        <figcaption
          className="image-caption vertical"
        >
          Vueling is a Spanish low-cost airline based at Viladecans in Greater Barcelona with hubs at Barcelona–El Prat Airport (main), Paris-Orly Airport in Paris, France and Leonardo da Vinci–Fiumicino Airport in Rome, Italy (secondary). It is the largest airline in Spain, measured by fleet size and number of destinations. As of 2021, Vueling serves 122 destinations in Africa, Asia, Europe and the Middle East, and carried more than 34 million passengers in 2019. Since 2013, it has been an operating company of International Airlines Group, the parent company of British Airways and Iberia.
        </figcaption>
      </figure>
      <figure>
        <img
          alt="LEBL Barcelona El Prat International Airport"
          className="img-responsive gallery-image"
          src="/photographs/2023-05-17/2023-05-17_005.webp"
          title="LEBL Barcelona El Prat International Airport"
        />
      </figure>
      <figure>
        <img
          alt="LEBL Barcelona El Prat International Airport"
          className="img-responsive gallery-image vertical"
          src="/photographs/2023-05-17/2023-05-17_006.webp"
          title="LEBL Barcelona El Prat International Airport"
        />
      </figure>
      <figure>
        <img
          alt="LEBL Barcelona El Prat International Airport"
          className="img-responsive gallery-image vertical"
          src="/photographs/2023-05-17/2023-05-17_007.webp"
          title="LEBL Barcelona El Prat International Airport"
        />
      </figure>
      <figure>
        <img
          alt="LEBL Barcelona El Prat International Airport"
          className="img-responsive gallery-image vertical"
          src="/photographs/2023-05-17/2023-05-17_008.webp"
          title="LEBL Barcelona El Prat International Airport"
        />
      </figure>
      <figure>
        <img
          alt="LEBL Barcelona El Prat International Airport"
          className="img-responsive gallery-image"
          src="/photographs/2023-05-17/2023-05-17_009.webp"
          title="LEBL Barcelona El Prat International Airport"
        />
      </figure>
      <figure>
        <img
          alt="LEBL Barcelona El Prat International Airport - Scandinavian Airlines, more commonly known and styled as SAS, is the flag carrier of Denmark, Norway, and Sweden. Part of the SAS Group and headquartered at the SAS Frösundavik Office Building in Solna, Sweden, the airline operates 180 aircraft to 90 destinations. The airline's main hub is at Copenhagen-Kastrup Airport, with connections to 109 destinations around the world. Stockholm Arlanda Airport is the second largest hub, with Oslo Airport, Gardermoen being the third major hub of SAS. Minor hubs also exist at Bergen Airport, Flesland, Göteborg Landvetter Airport, Stavanger Airport, Sola, and Trondheim Airport, Værnes. SAS Cargo is an independent, wholly owned subsidiary of Scandinavian Airlines and its main office is at Copenhagen Airport."
          className="img-responsive gallery-image vertical"
          src="/photographs/2023-05-17/2023-05-17_010.webp"
          title="Scandinavian Airlines, more commonly known and styled as SAS, is the flag carrier of Denmark, Norway, and Sweden. Part of the SAS Group and headquartered at the SAS Frösundavik Office Building in Solna, Sweden, the airline operates 180 aircraft to 90 destinations. The airline's main hub is at Copenhagen-Kastrup Airport, with connections to 109 destinations around the world. Stockholm Arlanda Airport is the second largest hub, with Oslo Airport, Gardermoen being the third major hub of SAS. Minor hubs also exist at Bergen Airport, Flesland, Göteborg Landvetter Airport, Stavanger Airport, Sola, and Trondheim Airport, Værnes. SAS Cargo is an independent, wholly owned subsidiary of Scandinavian Airlines and its main office is at Copenhagen Airport."
        />
        <figcaption
          className="image-caption vertical"
        >
          Scandinavian Airlines, more commonly known and styled as SAS, is the flag carrier of Denmark, Norway, and Sweden. Part of the SAS Group and headquartered at the SAS Frösundavik Office Building in Solna, Sweden, the airline operates 180 aircraft to 90 destinations. The airline's main hub is at Copenhagen-Kastrup Airport, with connections to 109 destinations around the world. Stockholm Arlanda Airport is the second largest hub, with Oslo Airport, Gardermoen being the third major hub of SAS. Minor hubs also exist at Bergen Airport, Flesland, Göteborg Landvetter Airport, Stavanger Airport, Sola, and Trondheim Airport, Værnes. SAS Cargo is an independent, wholly owned subsidiary of Scandinavian Airlines and its main office is at Copenhagen Airport.
        </figcaption>
      </figure>
      <figure>
        <img
          alt="LEBL Barcelona El Prat International Airport"
          className="img-responsive gallery-image"
          src="/photographs/2023-05-17/2023-05-17_011.webp"
          title="LEBL Barcelona El Prat International Airport"
        />
      </figure>
      <figure>
        <img
          alt="LEBL Barcelona El Prat International Airport - Barcelona's first airfield, located at El Remolar, began operations in 1916. However, it did not have good expansion prospects, so a new airport at El Prat opened in 1918. The first plane was a Latécoère Salmson 300 which arrived from Toulouse with final destination Casablanca. The airport was used as headquarters of the Aeroclub of Catalonia and the base for the Spanish Navy's Zeppelin fleet. Scheduled commercial service began in 1927 with an Iberia service to Madrid Cuatro Vientos Airport. This was Iberia's first route. During the time of the Second Spanish Republic El Prat was one of the bases of LAPE (Líneas Aéreas Postales Españolas)."
          className="img-responsive gallery-image vertical"
          src="/photographs/2023-05-17/2023-05-17_012.webp"
          title="Barcelona's first airfield, located at El Remolar, began operations in 1916. However, it did not have good expansion prospects, so a new airport at El Prat opened in 1918. The first plane was a Latécoère Salmson 300 which arrived from Toulouse with final destination Casablanca. The airport was used as headquarters of the Aeroclub of Catalonia and the base for the Spanish Navy's Zeppelin fleet. Scheduled commercial service began in 1927 with an Iberia service to Madrid Cuatro Vientos Airport. This was Iberia's first route. During the time of the Second Spanish Republic El Prat was one of the bases of LAPE (Líneas Aéreas Postales Españolas)."
        />
        <figcaption
          className="image-caption vertical"
        >
          Barcelona's first airfield, located at El Remolar, began operations in 1916. However, it did not have good expansion prospects, so a new airport at El Prat opened in 1918. The first plane was a Latécoère Salmson 300 which arrived from Toulouse with final destination Casablanca. The airport was used as headquarters of the Aeroclub of Catalonia and the base for the Spanish Navy's Zeppelin fleet. Scheduled commercial service began in 1927 with an Iberia service to Madrid Cuatro Vientos Airport. This was Iberia's first route. During the time of the Second Spanish Republic El Prat was one of the bases of LAPE (Líneas Aéreas Postales Españolas).
        </figcaption>
      </figure>
      <figure>
        <img
          alt="LEBL Barcelona El Prat International Airport"
          className="img-responsive gallery-image vertical"
          src="/photographs/2023-05-17/2023-05-17_013.webp"
          title="LEBL Barcelona El Prat International Airport"
        />
      </figure>
      <figure>
        <img
          alt="LEBL Barcelona El Prat International Airport - The new control tower is a hyperboloid structure"
          className="img-responsive gallery-image"
          src="/photographs/2023-05-17/2023-05-17_014.webp"
          title="The new control tower is a hyperboloid structure"
        />
        <figcaption
          className="image-caption"
        >
          The new control tower is a hyperboloid structure
        </figcaption>
      </figure>
    </div>
  </main>
  <footer>
    <div
      className="container"
    >
      <hr
        className="footer-divider"
      />
      <ul
        className="piped-links float-end"
      >
        <li
          className="first piped-links-short"
        >
          <a
            href="/en/resume/"
            onClick={[Function]}
          >
            About
          </a>
        </li>
        <li
          className="first piped-links-long"
        >
          <a
            href="/en/resume/"
            onClick={[Function]}
          >
            About Andrey Pudov
          </a>
        </li>
        <li>
          <a
            href="/en/contact/"
            onClick={[Function]}
          >
            Contact
          </a>
        </li>
      </ul>
      <ul
        className="piped-links"
      >
        <p
          className="piped-links-long"
        >
          Copyright © 2023 Andrey Pudov. All rights reserved.
        </p>
        <p
          className="piped-links-short"
        >
          © 2023 Andrey Pudov. All rights reserved.
        </p>
      </ul>
    </div>
  </footer>
</div>
`;
