// Jest Snapshot v1, https://goo.gl/fbAQLP

exports[`renders correctly 1`] = `
<div
  className="layout"
>
  <header>
    <div
      className="container"
    >
      <div
        className="navbar navbar-expand-md navbar-dark"
      >
        <div
          className="container-fluid"
        >
          <a
            className="navbar-brand mx-auto"
            href="/"
            onClick={[Function]}
          >
            Andrey Pudov
          </a>
          <button
            aria-controls="navbarMain"
            aria-expanded="false"
            aria-label="Toggle navigation"
            className="navbar-toggler"
            data-bs-target="#navbarMain"
            data-bs-toggle="collapse"
            type="button"
          >
            <span
              className="navbar-toggler-icon"
            />
          </button>
          <div
            className="collapse navbar-collapse justify-content-sm-center"
            id="navbarMain"
          >
            <ul
              className="navbar-nav"
            >
              <li
                className="nav-item"
              >
                <a
                  className="nav-link"
                  href="/albums"
                  onClick={[Function]}
                >
                  Albums
                </a>
              </li>
              <li
                className="nav-item"
              >
                <a
                  className="nav-link"
                  href="/contents"
                  onClick={[Function]}
                >
                  Contents
                </a>
              </li>
              <li
                className="nav-item"
              >
                <a
                  className="nav-link"
                  href="/resume"
                  onClick={[Function]}
                >
                  Resume
                </a>
              </li>
              <li
                className="nav-item"
              >
                <a
                  className="nav-link"
                  href="/contact"
                  onClick={[Function]}
                >
                  Contact
                </a>
              </li>
            </ul>
          </div>
        </div>
      </div>
    </div>
  </header>
  <main>
    <div
      className="container"
    >
      <h1>
        Conquering Rome and Order of Malta
        <small
          className="text-muted"
        >
          Friday, January 5, 2018
        </small>
      </h1>
      <img
        alt="Andrey Pudov Conquering Rome and Order of Malta"
        className="img-responsive gallery-image vertical"
        src="../albums/2017-12-18_2018-01-05/2017-12-18_2018-01-05_001_large.jpg"
      />
      <p
        className="image-caption vertical"
      >
        Современная лестница Браманте - одна из двух наиболее известных лестниц Ватикана. Оригинальная винтовая лестница была построена в 1505 году по поручению папы Юлия II Браманте, желавшего соединить Бельведерский и Ватиканский дворцы (Апостольский или Папский). Проект лестницы принадлежит рукам основоположника и крупнейшего представителя архитектуры Высокого Возрождения, Донато Браманте. Сейчас она закрыта для публичных посещений, кроме специально организованных туров. Четыре века спустя, в 1932 году, Джузеппе Момо представил современный, широко известный посетителям Ватикана, шедевр - лестницу, по которой ежедневно проходит нескончаемый поток туристов по двум спиралям от музея Пия-Климента.
      </p>
      <img
        alt="Andrey Pudov Conquering Rome and Order of Malta"
        className="img-responsive gallery-image vertical"
        src="../albums/2017-12-18_2018-01-05/2017-12-18_2018-01-05_002_large.jpg"
      />
      <img
        alt="Andrey Pudov Conquering Rome and Order of Malta"
        className="img-responsive gallery-image"
        src="../albums/2017-12-18_2018-01-05/2017-12-18_2018-01-05_003_large.jpg"
      />
      <p
        className="image-caption"
      >
        Площадь Святого Петра - построенная в середине семнадцатого века по проекту Джованни Бернини, грандиозная площадь, выполненная в виде двух полукружий из колоннад тосканского ордена, вместе с собором образующих символическую форму «ключа Святого Петра». В сердце площади стоит, привезённый в Рим императором Калигулой, египетский обелиск, когда-то украшавший цирк Нерона и играющий роль гномона. Сегодня тысячи католиков приходят на площадь услышать выступления Папы Римского, выходящего к верующим каждое утро среды.
      </p>
      <img
        alt="Andrey Pudov Conquering Rome and Order of Malta"
        className="img-responsive gallery-image"
        src="../albums/2017-12-18_2018-01-05/2017-12-18_2018-01-05_004_large.jpg"
      />
      <img
        alt="Andrey Pudov Conquering Rome and Order of Malta"
        className="img-responsive gallery-image"
        src="../albums/2017-12-18_2018-01-05/2017-12-18_2018-01-05_005_large.jpg"
      />
      <p
        className="image-caption"
      >
        Выход из Помпей / Бронзовая статуя
      </p>
      <img
        alt="Andrey Pudov Conquering Rome and Order of Malta"
        className="img-responsive gallery-image"
        src="../albums/2017-12-18_2018-01-05/2017-12-18_2018-01-05_006_large.jpg"
      />
      <p
        className="image-caption"
      >
        Пленник Помпей - окаменелая статуя ребенка. Извержение Везувия в двадцать четвертый день августа семьдесят девятого года новой эры унесло жизни шестнадцати тысяч человек, беспечно не придавших значения множеству признаков надвигающейся катастрофы.
      </p>
      <img
        alt="Andrey Pudov Conquering Rome and Order of Malta"
        className="img-responsive gallery-image"
        src="../albums/2017-12-18_2018-01-05/2017-12-18_2018-01-05_007_large.jpg"
      />
      <img
        alt="Andrey Pudov Conquering Rome and Order of Malta"
        className="img-responsive gallery-image vertical"
        src="../albums/2017-12-18_2018-01-05/2017-12-18_2018-01-05_008_large.jpg"
      />
      <p
        className="image-caption vertical"
      >
        Виноградники в Помпеях / Везувий
      </p>
      <img
        alt="Andrey Pudov Conquering Rome and Order of Malta"
        className="img-responsive gallery-image"
        src="../albums/2017-12-18_2018-01-05/2017-12-18_2018-01-05_009_large.jpg"
      />
      <p
        className="image-caption"
      >
        «Большая Палестра» - частично сохранившееся до наших дней старинное строение, возведенное в период правления основателя Римской Империи - Октавиана Августа (начало первого века новой эры) предназначавшееся для гимнастических упражнений и спортивных мероприятий.
      </p>
      <img
        alt="Andrey Pudov Conquering Rome and Order of Malta"
        className="img-responsive gallery-image"
        src="../albums/2017-12-18_2018-01-05/2017-12-18_2018-01-05_010_large.jpg"
      />
      <p
        className="image-caption"
      >
        Виноградники в Помпеях / Везувий
      </p>
      <img
        alt="Andrey Pudov Conquering Rome and Order of Malta"
        className="img-responsive gallery-image"
        src="../albums/2017-12-18_2018-01-05/2017-12-18_2018-01-05_011_large.jpg"
      />
      <img
        alt="Andrey Pudov Conquering Rome and Order of Malta"
        className="img-responsive gallery-image"
        src="../albums/2017-12-18_2018-01-05/2017-12-18_2018-01-05_012_large.jpg"
      />
      <img
        alt="Andrey Pudov Conquering Rome and Order of Malta"
        className="img-responsive gallery-image"
        src="../albums/2017-12-18_2018-01-05/2017-12-18_2018-01-05_013_large.jpg"
      />
      <img
        alt="Andrey Pudov Conquering Rome and Order of Malta"
        className="img-responsive gallery-image"
        src="../albums/2017-12-18_2018-01-05/2017-12-18_2018-01-05_014_large.jpg"
      />
      <p
        className="image-caption"
      >
        Неаполитанский замок Сант-Эльмо. Стены этой крепости спасли жизнь целого ряда благородных особ. Так, например, в 1717 году здесь скрывался от отца лишённый права на престолонаследие  цесаревич Алексей Петрович Романов.
      </p>
      <img
        alt="Andrey Pudov Conquering Rome and Order of Malta"
        className="img-responsive gallery-image"
        src="../albums/2017-12-18_2018-01-05/2017-12-18_2018-01-05_015_large.jpg"
      />
      <img
        alt="Andrey Pudov Conquering Rome and Order of Malta"
        className="img-responsive gallery-image"
        src="../albums/2017-12-18_2018-01-05/2017-12-18_2018-01-05_016_large.jpg"
      />
      <p
        className="image-caption"
      >
        Неаполь - один из наиболее древних непрерывно заселенных городов мира и третий по величине город Италии, ставший домом более чем для трех миллионов горожан. Он был основан в восьмом веке до новой эры греками, давшими ему название - Парфенопа - мифической сирены, своим пением безуспешно пытавшейся очаровать Одиссея. Новый город - как можно было бы перевести современное название города с греческого, - один из самых противоречивых городов Италии, со своим акцентом, особыми культурой и традициями. Будучи родиной пиццы, пожалуй, известнейшего национального блюда Италии, он также славится своей особой кулинарией.
      </p>
      <img
        alt="Andrey Pudov Conquering Rome and Order of Malta"
        className="img-responsive gallery-image"
        src="../albums/2017-12-18_2018-01-05/2017-12-18_2018-01-05_017_large.jpg"
      />
      <img
        alt="Andrey Pudov Conquering Rome and Order of Malta"
        className="img-responsive gallery-image vertical"
        src="../albums/2017-12-18_2018-01-05/2017-12-18_2018-01-05_018_large.jpg"
      />
      <img
        alt="Andrey Pudov Conquering Rome and Order of Malta"
        className="img-responsive gallery-image"
        src="../albums/2017-12-18_2018-01-05/2017-12-18_2018-01-05_019_large.jpg"
      />
      <img
        alt="Andrey Pudov Conquering Rome and Order of Malta"
        className="img-responsive gallery-image vertical"
        src="../albums/2017-12-18_2018-01-05/2017-12-18_2018-01-05_020_large.jpg"
      />
      <img
        alt="Andrey Pudov Conquering Rome and Order of Malta"
        className="img-responsive gallery-image"
        src="../albums/2017-12-18_2018-01-05/2017-12-18_2018-01-05_021_large.jpg"
      />
      <img
        alt="Andrey Pudov Conquering Rome and Order of Malta"
        className="img-responsive gallery-image"
        src="../albums/2017-12-18_2018-01-05/2017-12-18_2018-01-05_022_large.jpg"
      />
      <p
        className="image-caption"
      >
        Собор Святого Петра - католический собор, без малейшего преувеличения, олицетворяющий историю, воплощённую в камне - сердце Ватикана. Одно из наиболее грандиозных сооружений Святого Престола и всего христианского мира. Его история начинается со времен правления первого христианского императора Константина, когда в четвертом веке была построена первая базилика. Над проектированием собора трудились поколения величайших итальянских мастеров, среди которых: Браманте, Рафаэль, Микеланджело, и Бернини. Сегодня собор, на протяжении почти двух тысячелетий символизирующий торжество христианства, является одной из главных достопримечательностей Рима.
      </p>
      <img
        alt="Andrey Pudov Conquering Rome and Order of Malta"
        className="img-responsive gallery-image vertical"
        src="../albums/2017-12-18_2018-01-05/2017-12-18_2018-01-05_023_large.jpg"
      />
      <img
        alt="Andrey Pudov Conquering Rome and Order of Malta"
        className="img-responsive gallery-image"
        src="../albums/2017-12-18_2018-01-05/2017-12-18_2018-01-05_024_large.jpg"
      />
      <img
        alt="Andrey Pudov Conquering Rome and Order of Malta"
        className="img-responsive gallery-image vertical"
        src="../albums/2017-12-18_2018-01-05/2017-12-18_2018-01-05_025_large.jpg"
      />
      <img
        alt="Andrey Pudov Conquering Rome and Order of Malta"
        className="img-responsive gallery-image vertical"
        src="../albums/2017-12-18_2018-01-05/2017-12-18_2018-01-05_026_large.jpg"
      />
      <p
        className="image-caption vertical"
      >
        Амфитеатр Флавиев или Колизей - одно из наиболее известных и грандиозных творений Древнего Рима. Строительство самого большого амфитеатра было положено в 72 году новой эры императором Веспасианом, одержавшим победу в Иудее, и уже спустя восемь лет, когда правление Римской Империей перешло в руки императора Тита, строительные работы были завершены. На протяжении веков, Колизей служил центром всевозможных увеселительных зрелищ. Однако, нашествия варваров привело амфитеатр в запустение и положило начало его разрушению. Арена была переоборудована в кладбище, а многочисленные сводчатые пространства и аркады приспособлены под жильё и мастерские. На сегодняшний день Колизей является символом Рима и одним из популярнейших туристических объектов.
      </p>
      <img
        alt="Andrey Pudov Conquering Rome and Order of Malta"
        className="img-responsive gallery-image"
        src="../albums/2017-12-18_2018-01-05/2017-12-18_2018-01-05_027_large.jpg"
      />
      <img
        alt="Andrey Pudov Conquering Rome and Order of Malta"
        className="img-responsive gallery-image"
        src="../albums/2017-12-18_2018-01-05/2017-12-18_2018-01-05_028_large.jpg"
      />
      <img
        alt="Andrey Pudov Conquering Rome and Order of Malta"
        className="img-responsive gallery-image"
        src="../albums/2017-12-18_2018-01-05/2017-12-18_2018-01-05_029_large.jpg"
      />
      <img
        alt="Andrey Pudov Conquering Rome and Order of Malta"
        className="img-responsive gallery-image"
        src="../albums/2017-12-18_2018-01-05/2017-12-18_2018-01-05_030_large.jpg"
      />
      <img
        alt="Andrey Pudov Conquering Rome and Order of Malta"
        className="img-responsive gallery-image"
        src="../albums/2017-12-18_2018-01-05/2017-12-18_2018-01-05_031_large.jpg"
      />
      <p
        className="image-caption"
      >
        Колизей / Вид на амфитеатр со стен Римского форума. На переднем плане изображена триумфальная арка Септимия Севера, возведённая в 205 году новой эры в память о победах императора и его сыновей Каракаллы и Геты над Парфией в двух военных кампаниях 195—203 годов.
      </p>
      <img
        alt="Andrey Pudov Conquering Rome and Order of Malta"
        className="img-responsive gallery-image"
        src="../albums/2017-12-18_2018-01-05/2017-12-18_2018-01-05_032_large.jpg"
      />
      <img
        alt="Andrey Pudov Conquering Rome and Order of Malta"
        className="img-responsive gallery-image vertical"
        src="../albums/2017-12-18_2018-01-05/2017-12-18_2018-01-05_033_large.jpg"
      />
      <img
        alt="Andrey Pudov Conquering Rome and Order of Malta"
        className="img-responsive gallery-image vertical"
        src="../albums/2017-12-18_2018-01-05/2017-12-18_2018-01-05_034_large.jpg"
      />
      <img
        alt="Andrey Pudov Conquering Rome and Order of Malta"
        className="img-responsive gallery-image"
        src="../albums/2017-12-18_2018-01-05/2017-12-18_2018-01-05_035_large.jpg"
      />
      <p
        className="image-caption"
      >
        Хаджар-Ким - крупнейший и наиболее известный мегалитический храмовый комплекс Мальты. Храм был построен в четвертом тысячелетии до новой эры, что относит его к одному из древнейших религиозных строений.
      </p>
      <img
        alt="Andrey Pudov Conquering Rome and Order of Malta"
        className="img-responsive gallery-image"
        src="../albums/2017-12-18_2018-01-05/2017-12-18_2018-01-05_036_large.jpg"
      />
      <img
        alt="Andrey Pudov Conquering Rome and Order of Malta"
        className="img-responsive gallery-image"
        src="../albums/2017-12-18_2018-01-05/2017-12-18_2018-01-05_037_large.jpg"
      />
      <p
        className="image-caption"
      >
        Башня Шиута (Sciuta Tower) - небольшая сторожевая башня, воздвигнутая в 1638 году на месте средневекового смотрового поста как часть комплекса обороны из пяти башен Ласкари.
      </p>
      <img
        alt="Andrey Pudov Conquering Rome and Order of Malta"
        className="img-responsive gallery-image"
        src="../albums/2017-12-18_2018-01-05/2017-12-18_2018-01-05_038_large.jpg"
      />
      <p
        className="image-caption"
      >
        Соляная ферма - построенные еще при римлянах, когда служба легионеров нередко оплачивалась солью, множественные фермы на Мальте по прежнему служат своему прямому назначению. Между прочим, происхождение слова «зарплата» (salary) в английском языке непосредственно связано с латинским словом «соль» (sal).
      </p>
      <img
        alt="Andrey Pudov Conquering Rome and Order of Malta"
        className="img-responsive gallery-image"
        src="../albums/2017-12-18_2018-01-05/2017-12-18_2018-01-05_039_large.jpg"
      />
      <p
        className="image-caption"
      >
        Марсаскала - морская деревня, построенная вокруг небольшой гавани в юго-восточном регионе Мальты.
      </p>
      <img
        alt="Andrey Pudov Conquering Rome and Order of Malta"
        className="img-responsive gallery-image vertical"
        src="../albums/2017-12-18_2018-01-05/2017-12-18_2018-01-05_040_large.jpg"
      />
      <img
        alt="Andrey Pudov Conquering Rome and Order of Malta"
        className="img-responsive gallery-image"
        src="../albums/2017-12-18_2018-01-05/2017-12-18_2018-01-05_041_large.jpg"
      />
      <img
        alt="Andrey Pudov Conquering Rome and Order of Malta"
        className="img-responsive gallery-image"
        src="../albums/2017-12-18_2018-01-05/2017-12-18_2018-01-05_042_large.jpg"
      />
      <p
        className="image-caption"
      >
        Сенглея. Вид на Базилику Рождества Девы Марии.
      </p>
      <img
        alt="Andrey Pudov Conquering Rome and Order of Malta"
        className="img-responsive gallery-image vertical"
        src="../albums/2017-12-18_2018-01-05/2017-12-18_2018-01-05_043_large.jpg"
      />
      <img
        alt="Andrey Pudov Conquering Rome and Order of Malta"
        className="img-responsive gallery-image vertical"
        src="../albums/2017-12-18_2018-01-05/2017-12-18_2018-01-05_044_large.jpg"
      />
      <img
        alt="Andrey Pudov Conquering Rome and Order of Malta"
        className="img-responsive gallery-image vertical"
        src="../albums/2017-12-18_2018-01-05/2017-12-18_2018-01-05_045_large.jpg"
      />
      <img
        alt="Andrey Pudov Conquering Rome and Order of Malta"
        className="img-responsive gallery-image vertical"
        src="../albums/2017-12-18_2018-01-05/2017-12-18_2018-01-05_046_large.jpg"
      />
      <img
        alt="Andrey Pudov Conquering Rome and Order of Malta"
        className="img-responsive gallery-image vertical"
        src="../albums/2017-12-18_2018-01-05/2017-12-18_2018-01-05_047_large.jpg"
      />
      <img
        alt="Andrey Pudov Conquering Rome and Order of Malta"
        className="img-responsive gallery-image"
        src="../albums/2017-12-18_2018-01-05/2017-12-18_2018-01-05_048_large.jpg"
      />
      <p
        className="image-caption"
      >
        Астрономическая обсерватория Флейрстар
      </p>
      <img
        alt="Andrey Pudov Conquering Rome and Order of Malta"
        className="img-responsive gallery-image vertical"
        src="../albums/2017-12-18_2018-01-05/2017-12-18_2018-01-05_049_large.jpg"
      />
      <img
        alt="Andrey Pudov Conquering Rome and Order of Malta"
        className="img-responsive gallery-image vertical"
        src="../albums/2017-12-18_2018-01-05/2017-12-18_2018-01-05_050_large.jpg"
      />
      <img
        alt="Andrey Pudov Conquering Rome and Order of Malta"
        className="img-responsive gallery-image"
        src="../albums/2017-12-18_2018-01-05/2017-12-18_2018-01-05_051_large.jpg"
      />
      <p
        className="image-caption"
      >
        Дачный домик
      </p>
      <img
        alt="Andrey Pudov Conquering Rome and Order of Malta"
        className="img-responsive gallery-image"
        src="../albums/2017-12-18_2018-01-05/2017-12-18_2018-01-05_052_large.jpg"
      />
      <img
        alt="Andrey Pudov Conquering Rome and Order of Malta"
        className="img-responsive gallery-image"
        src="../albums/2017-12-18_2018-01-05/2017-12-18_2018-01-05_053_large.jpg"
      />
      <p
        className="image-caption"
      >
        Дорога к морю
      </p>
      <img
        alt="Andrey Pudov Conquering Rome and Order of Malta"
        className="img-responsive gallery-image"
        src="../albums/2017-12-18_2018-01-05/2017-12-18_2018-01-05_054_large.jpg"
      />
      <img
        alt="Andrey Pudov Conquering Rome and Order of Malta"
        className="img-responsive gallery-image vertical"
        src="../albums/2017-12-18_2018-01-05/2017-12-18_2018-01-05_055_large.jpg"
      />
      <img
        alt="Andrey Pudov Conquering Rome and Order of Malta"
        className="img-responsive gallery-image vertical"
        src="../albums/2017-12-18_2018-01-05/2017-12-18_2018-01-05_056_large.jpg"
      />
      <img
        alt="Andrey Pudov Conquering Rome and Order of Malta"
        className="img-responsive gallery-image"
        src="../albums/2017-12-18_2018-01-05/2017-12-18_2018-01-05_057_large.jpg"
      />
      <img
        alt="Andrey Pudov Conquering Rome and Order of Malta"
        className="img-responsive gallery-image"
        src="../albums/2017-12-18_2018-01-05/2017-12-18_2018-01-05_058_large.jpg"
      />
      <img
        alt="Andrey Pudov Conquering Rome and Order of Malta"
        className="img-responsive gallery-image"
        src="../albums/2017-12-18_2018-01-05/2017-12-18_2018-01-05_059_large.jpg"
      />
      <p
        className="image-caption"
      >
        Коралловая лагуна
      </p>
      <img
        alt="Andrey Pudov Conquering Rome and Order of Malta"
        className="img-responsive gallery-image"
        src="../albums/2017-12-18_2018-01-05/2017-12-18_2018-01-05_060_large.jpg"
      />
      <img
        alt="Andrey Pudov Conquering Rome and Order of Malta"
        className="img-responsive gallery-image"
        src="../albums/2017-12-18_2018-01-05/2017-12-18_2018-01-05_061_large.jpg"
      />
      <img
        alt="Andrey Pudov Conquering Rome and Order of Malta"
        className="img-responsive gallery-image"
        src="../albums/2017-12-18_2018-01-05/2017-12-18_2018-01-05_062_large.jpg"
      />
      <img
        alt="Andrey Pudov Conquering Rome and Order of Malta"
        className="img-responsive gallery-image"
        src="../albums/2017-12-18_2018-01-05/2017-12-18_2018-01-05_063_large.jpg"
      />
      <p
        className="image-caption"
      >
        Дом у моря
      </p>
      <img
        alt="Andrey Pudov Conquering Rome and Order of Malta"
        className="img-responsive gallery-image"
        src="../albums/2017-12-18_2018-01-05/2017-12-18_2018-01-05_064_large.jpg"
      />
      <p
        className="image-caption"
      >
        Паромный порт на острове Гозо
      </p>
      <img
        alt="Andrey Pudov Conquering Rome and Order of Malta"
        className="img-responsive gallery-image"
        src="../albums/2017-12-18_2018-01-05/2017-12-18_2018-01-05_065_large.jpg"
      />
      <img
        alt="Andrey Pudov Conquering Rome and Order of Malta"
        className="img-responsive gallery-image"
        src="../albums/2017-12-18_2018-01-05/2017-12-18_2018-01-05_066_large.jpg"
      />
      <p
        className="image-caption"
      >
        Мдина - молчаливый город, остановивший время. Основанная более четырех тысяч лет назад, историческая столица Мальты, когда то служившая домом местной знати, по-прежнему хранит дух ушедшей эпохи. Это город-музей, окруженный высокими крепостными стенами за которые есть лишь два входа, скрывающих удивительную романтику и загадочность.
      </p>
      <img
        alt="Andrey Pudov Conquering Rome and Order of Malta"
        className="img-responsive gallery-image"
        src="../albums/2017-12-18_2018-01-05/2017-12-18_2018-01-05_067_large.jpg"
      />
      <img
        alt="Andrey Pudov Conquering Rome and Order of Malta"
        className="img-responsive gallery-image"
        src="../albums/2017-12-18_2018-01-05/2017-12-18_2018-01-05_068_large.jpg"
      />
      <img
        alt="Andrey Pudov Conquering Rome and Order of Malta"
        className="img-responsive gallery-image"
        src="../albums/2017-12-18_2018-01-05/2017-12-18_2018-01-05_069_large.jpg"
      />
      <img
        alt="Andrey Pudov Conquering Rome and Order of Malta"
        className="img-responsive gallery-image vertical"
        src="../albums/2017-12-18_2018-01-05/2017-12-18_2018-01-05_070_large.jpg"
      />
      <img
        alt="Andrey Pudov Conquering Rome and Order of Malta"
        className="img-responsive gallery-image"
        src="../albums/2017-12-18_2018-01-05/2017-12-18_2018-01-05_071_large.jpg"
      />
      <img
        alt="Andrey Pudov Conquering Rome and Order of Malta"
        className="img-responsive gallery-image vertical"
        src="../albums/2017-12-18_2018-01-05/2017-12-18_2018-01-05_072_large.jpg"
      />
      <img
        alt="Andrey Pudov Conquering Rome and Order of Malta"
        className="img-responsive gallery-image"
        src="../albums/2017-12-18_2018-01-05/2017-12-18_2018-01-05_073_large.jpg"
      />
      <img
        alt="Andrey Pudov Conquering Rome and Order of Malta"
        className="img-responsive gallery-image"
        src="../albums/2017-12-18_2018-01-05/2017-12-18_2018-01-05_074_large.jpg"
      />
      <img
        alt="Andrey Pudov Conquering Rome and Order of Malta"
        className="img-responsive gallery-image vertical"
        src="../albums/2017-12-18_2018-01-05/2017-12-18_2018-01-05_075_large.jpg"
      />
      <img
        alt="Andrey Pudov Conquering Rome and Order of Malta"
        className="img-responsive gallery-image vertical"
        src="../albums/2017-12-18_2018-01-05/2017-12-18_2018-01-05_076_large.jpg"
      />
      <img
        alt="Andrey Pudov Conquering Rome and Order of Malta"
        className="img-responsive gallery-image"
        src="../albums/2017-12-18_2018-01-05/2017-12-18_2018-01-05_077_large.jpg"
      />
      <img
        alt="Andrey Pudov Conquering Rome and Order of Malta"
        className="img-responsive gallery-image"
        src="../albums/2017-12-18_2018-01-05/2017-12-18_2018-01-05_078_large.jpg"
      />
      <img
        alt="Andrey Pudov Conquering Rome and Order of Malta"
        className="img-responsive gallery-image"
        src="../albums/2017-12-18_2018-01-05/2017-12-18_2018-01-05_079_large.jpg"
      />
      <img
        alt="Andrey Pudov Conquering Rome and Order of Malta"
        className="img-responsive gallery-image"
        src="../albums/2017-12-18_2018-01-05/2017-12-18_2018-01-05_080_large.jpg"
      />
      <img
        alt="Andrey Pudov Conquering Rome and Order of Malta"
        className="img-responsive gallery-image"
        src="../albums/2017-12-18_2018-01-05/2017-12-18_2018-01-05_081_large.jpg"
      />
      <img
        alt="Andrey Pudov Conquering Rome and Order of Malta"
        className="img-responsive gallery-image"
        src="../albums/2017-12-18_2018-01-05/2017-12-18_2018-01-05_082_large.jpg"
      />
      <img
        alt="Andrey Pudov Conquering Rome and Order of Malta"
        className="img-responsive gallery-image"
        src="../albums/2017-12-18_2018-01-05/2017-12-18_2018-01-05_083_large.jpg"
      />
      <img
        alt="Andrey Pudov Conquering Rome and Order of Malta"
        className="img-responsive gallery-image"
        src="../albums/2017-12-18_2018-01-05/2017-12-18_2018-01-05_084_large.jpg"
      />
      <img
        alt="Andrey Pudov Conquering Rome and Order of Malta"
        className="img-responsive gallery-image vertical"
        src="../albums/2017-12-18_2018-01-05/2017-12-18_2018-01-05_085_large.jpg"
      />
      <img
        alt="Andrey Pudov Conquering Rome and Order of Malta"
        className="img-responsive gallery-image vertical"
        src="../albums/2017-12-18_2018-01-05/2017-12-18_2018-01-05_086_large.jpg"
      />
      <img
        alt="Andrey Pudov Conquering Rome and Order of Malta"
        className="img-responsive gallery-image vertical"
        src="../albums/2017-12-18_2018-01-05/2017-12-18_2018-01-05_087_large.jpg"
      />
      <img
        alt="Andrey Pudov Conquering Rome and Order of Malta"
        className="img-responsive gallery-image vertical"
        src="../albums/2017-12-18_2018-01-05/2017-12-18_2018-01-05_088_large.jpg"
      />
      <img
        alt="Andrey Pudov Conquering Rome and Order of Malta"
        className="img-responsive gallery-image"
        src="../albums/2017-12-18_2018-01-05/2017-12-18_2018-01-05_089_large.jpg"
      />
      <img
        alt="Andrey Pudov Conquering Rome and Order of Malta"
        className="img-responsive gallery-image vertical"
        src="../albums/2017-12-18_2018-01-05/2017-12-18_2018-01-05_090_large.jpg"
      />
      <img
        alt="Andrey Pudov Conquering Rome and Order of Malta"
        className="img-responsive gallery-image vertical"
        src="../albums/2017-12-18_2018-01-05/2017-12-18_2018-01-05_091_large.jpg"
      />
      <img
        alt="Andrey Pudov Conquering Rome and Order of Malta"
        className="img-responsive gallery-image"
        src="../albums/2017-12-18_2018-01-05/2017-12-18_2018-01-05_092_large.jpg"
      />
    </div>
  </main>
  <footer>
    <div
      className="container"
    >
      <hr
        className="footer-divider"
      />
      <ul
        className="piped-links float-end"
      >
        <li
          className="first piped-links-short"
        >
          <a
            href="/resume"
            onClick={[Function]}
          >
            About
          </a>
        </li>
        <li
          className="first piped-links-long"
        >
          <a
            href="/resume"
            onClick={[Function]}
          >
            About Andrey Pudov
          </a>
        </li>
        <li>
          <a
            href="/contact"
            onClick={[Function]}
          >
            Contact
          </a>
        </li>
      </ul>
      <ul
        className="piped-links"
      >
        <p
          className="piped-links-long"
        >
          Copyright © 2021 Andrey Pudov. All rights reserved.
        </p>
        <p
          className="piped-links-short"
        >
          © 2021 Andrey Pudov. All rights reserved.
        </p>
      </ul>
    </div>
    <script
      src="libraries/jquery/jquery-1.11.3.min.js"
    />
    <script
      src="libraries/bootstrap/js/collapse.js"
    />
    <script
      src="libraries/bootstrap/js/dropdown.js"
    />
    <script
      src="libraries/bootstrap/js/transition.js"
    />
    <script
      src="libraries/bootstrap/js/carousel.js"
    />
    <script
      src="scripts/init.js"
    />
  </footer>
</div>
`;
