// Jest Snapshot v1, https://goo.gl/fbAQLP

exports[`renders correctly 1`] = `
<div
  className="layout"
>
  <header>
    <div
      className="container"
    >
      <div
        className="navbar navbar-expand-md navbar-dark"
      >
        <div
          className="container-fluid"
        >
          <a
            className="navbar-brand mx-auto"
            href="/en/"
            onClick={[Function]}
          >
            Header.AndreyPudov
          </a>
          <button
            aria-controls="navbarMain"
            aria-expanded="false"
            aria-label="Toggle navigation"
            className="navbar-toggler"
            data-bs-target="#navbarMain"
            data-bs-toggle="collapse"
            type="button"
          >
            <span
              className="navbar-toggler-icon"
            />
          </button>
          <div
            className="collapse navbar-collapse justify-content-sm-center"
            id="navbarMain"
          >
            <ul
              className="navbar-nav"
            >
              <li
                className="nav-item"
              >
                <a
                  className="nav-link"
                  href="/en/albums/"
                  onClick={[Function]}
                >
                  Albums
                </a>
              </li>
              <li
                className="nav-item"
              >
                <a
                  className="nav-link"
                  href="/en/contents/"
                  onClick={[Function]}
                >
                  Contents
                </a>
              </li>
              <li
                className="nav-item"
              >
                <a
                  className="nav-link"
                  href="/en/resume/"
                  onClick={[Function]}
                >
                  Resume
                </a>
              </li>
              <li
                className="nav-item"
              >
                <a
                  className="nav-link"
                  href="/en/contact/"
                  onClick={[Function]}
                >
                  Contact
                </a>
              </li>
            </ul>
          </div>
        </div>
      </div>
    </div>
  </header>
  <main>
    <div
      className="container"
    >
      <h1>
        Delta of Ebro
        <small
          className="text-muted"
        >
          Sunday, June 18, 2023
        </small>
      </h1>
      <figure>
        <img
          alt="[object Object] - La Fontcalda"
          className="img-responsive gallery-image"
          src="/photographs/2023-06-16_18/2023-06-16_18_001.webp"
          title="La Fontcalda"
        />
        <figcaption
          className="image-caption"
        >
          La Fontcalda
        </figcaption>
      </figure>
      <figure>
        <img
          alt="Delta of Ebro"
          className="img-responsive gallery-image vertical"
          src="/photographs/2023-06-16_18/2023-06-16_18_002.webp"
          title="Delta of Ebro"
        />
      </figure>
      <figure>
        <img
          alt="Delta of Ebro"
          className="img-responsive gallery-image vertical"
          src="/photographs/2023-06-16_18/2023-06-16_18_003.webp"
          title="Delta of Ebro"
        />
      </figure>
      <figure>
        <img
          alt="Delta of Ebro"
          className="img-responsive gallery-image vertical"
          src="/photographs/2023-06-16_18/2023-06-16_18_004.webp"
          title="Delta of Ebro"
        />
      </figure>
      <figure>
        <img
          alt="Delta of Ebro"
          className="img-responsive gallery-image vertical"
          src="/photographs/2023-06-16_18/2023-06-16_18_005.webp"
          title="Delta of Ebro"
        />
      </figure>
      <figure>
        <img
          alt="Delta of Ebro"
          className="img-responsive gallery-image vertical"
          src="/photographs/2023-06-16_18/2023-06-16_18_006.webp"
          title="Delta of Ebro"
        />
      </figure>
      <figure>
        <img
          alt="Delta of Ebro"
          className="img-responsive gallery-image vertical"
          src="/photographs/2023-06-16_18/2023-06-16_18_007.webp"
          title="Delta of Ebro"
        />
      </figure>
      <figure>
        <img
          alt="[object Object] - Mirador de Benifallet"
          className="img-responsive gallery-image"
          src="/photographs/2023-06-16_18/2023-06-16_18_008.webp"
          title="Mirador de Benifallet"
        />
        <figcaption
          className="image-caption"
        >
          Mirador de Benifallet
        </figcaption>
      </figure>
      <figure>
        <img
          alt="Delta of Ebro"
          className="img-responsive gallery-image vertical"
          src="/photographs/2023-06-16_18/2023-06-16_18_009.webp"
          title="Delta of Ebro"
        />
      </figure>
      <figure>
        <img
          alt="Delta of Ebro"
          className="img-responsive gallery-image vertical"
          src="/photographs/2023-06-16_18/2023-06-16_18_010.webp"
          title="Delta of Ebro"
        />
      </figure>
      <figure>
        <img
          alt="Delta of Ebro"
          className="img-responsive gallery-image"
          src="/photographs/2023-06-16_18/2023-06-16_18_011.webp"
          title="Delta of Ebro"
        />
      </figure>
      <figure>
        <img
          alt="Delta of Ebro"
          className="img-responsive gallery-image"
          src="/photographs/2023-06-16_18/2023-06-16_18_012.webp"
          title="Delta of Ebro"
        />
      </figure>
      <figure>
        <img
          alt="[object Object] - El Pinell de Brai"
          className="img-responsive gallery-image"
          src="/photographs/2023-06-16_18/2023-06-16_18_013.webp"
          title="El Pinell de Brai"
        />
        <figcaption
          className="image-caption"
        >
          El Pinell de Brai
        </figcaption>
      </figure>
      <figure>
        <img
          alt="Delta of Ebro"
          className="img-responsive gallery-image vertical"
          src="/photographs/2023-06-16_18/2023-06-16_18_014.webp"
          title="Delta of Ebro"
        />
      </figure>
      <figure>
        <img
          alt="[object Object] - Parc Natural del Delta de l'Ebre"
          className="img-responsive gallery-image"
          src="/photographs/2023-06-16_18/2023-06-16_18_015.webp"
          title="Parc Natural del Delta de l'Ebre"
        />
        <figcaption
          className="image-caption"
        >
          Parc Natural del Delta de l'Ebre
        </figcaption>
      </figure>
      <figure>
        <img
          alt="Delta of Ebro"
          className="img-responsive gallery-image vertical"
          src="/photographs/2023-06-16_18/2023-06-16_18_016.webp"
          title="Delta of Ebro"
        />
      </figure>
      <figure>
        <img
          alt="Delta of Ebro"
          className="img-responsive gallery-image"
          src="/photographs/2023-06-16_18/2023-06-16_18_017.webp"
          title="Delta of Ebro"
        />
      </figure>
      <figure>
        <img
          alt="Delta of Ebro"
          className="img-responsive gallery-image"
          src="/photographs/2023-06-16_18/2023-06-16_18_018.webp"
          title="Delta of Ebro"
        />
      </figure>
      <figure>
        <img
          alt="Delta of Ebro"
          className="img-responsive gallery-image"
          src="/photographs/2023-06-16_18/2023-06-16_18_019.webp"
          title="Delta of Ebro"
        />
      </figure>
      <figure>
        <img
          alt="Delta of Ebro"
          className="img-responsive gallery-image"
          src="/photographs/2023-06-16_18/2023-06-16_18_020.webp"
          title="Delta of Ebro"
        />
      </figure>
      <figure>
        <img
          alt="[object Object] - Cala Forn"
          className="img-responsive gallery-image"
          src="/photographs/2023-06-16_18/2023-06-16_18_021.webp"
          title="Cala Forn"
        />
        <figcaption
          className="image-caption"
        >
          Cala Forn
        </figcaption>
      </figure>
      <figure>
        <img
          alt="Delta of Ebro"
          className="img-responsive gallery-image"
          src="/photographs/2023-06-16_18/2023-06-16_18_022.webp"
          title="Delta of Ebro"
        />
      </figure>
      <figure>
        <img
          alt="Delta of Ebro"
          className="img-responsive gallery-image vertical"
          src="/photographs/2023-06-16_18/2023-06-16_18_023.webp"
          title="Delta of Ebro"
        />
      </figure>
      <figure>
        <img
          alt="Delta of Ebro"
          className="img-responsive gallery-image"
          src="/photographs/2023-06-16_18/2023-06-16_18_024.webp"
          title="Delta of Ebro"
        />
      </figure>
    </div>
  </main>
  <footer>
    <div
      className="container"
    >
      <hr
        className="footer-divider"
      />
      <ul
        className="piped-links float-end"
      >
        <li
          className="first piped-links-short"
        >
          <a
            href="/en/resume/"
            onClick={[Function]}
          >
            About
          </a>
        </li>
        <li
          className="first piped-links-long"
        >
          <a
            href="/en/resume/"
            onClick={[Function]}
          >
            About Andrey Pudov
          </a>
        </li>
        <li>
          <a
            href="/en/contact/"
            onClick={[Function]}
          >
            Contact
          </a>
        </li>
      </ul>
      <ul
        className="piped-links"
      >
        <p
          className="piped-links-long"
        >
          Copyright © 2023 Andrey Pudov. All rights reserved.
        </p>
        <p
          className="piped-links-short"
        >
          © 2023 Andrey Pudov. All rights reserved.
        </p>
      </ul>
    </div>
  </footer>
</div>
`;
