// Jest Snapshot v1, https://goo.gl/fbAQLP

exports[`renders correctly 1`] = `
<div
  className="layout"
>
  <header>
    <div
      className="container"
    >
      <div
        className="navbar navbar-expand-md navbar-dark"
      >
        <div
          className="container-fluid"
        >
          <a
            className="navbar-brand mx-auto"
            href="/"
            onClick={[Function]}
          >
            Andrey Pudov
          </a>
          <button
            aria-controls="navbarMain"
            aria-expanded="false"
            aria-label="Toggle navigation"
            className="navbar-toggler"
            data-bs-target="#navbarMain"
            data-bs-toggle="collapse"
            type="button"
          >
            <span
              className="navbar-toggler-icon"
            />
          </button>
          <div
            className="collapse navbar-collapse justify-content-sm-center"
            id="navbarMain"
          >
            <ul
              className="navbar-nav"
            >
              <li
                className="nav-item"
              >
                <a
                  className="nav-link"
                  href="/albums/"
                  onClick={[Function]}
                >
                  Albums
                </a>
              </li>
              <li
                className="nav-item"
              >
                <a
                  className="nav-link"
                  href="/contents/"
                  onClick={[Function]}
                >
                  Contents
                </a>
              </li>
              <li
                className="nav-item"
              >
                <a
                  className="nav-link"
                  href="/resume/"
                  onClick={[Function]}
                >
                  Resume
                </a>
              </li>
              <li
                className="nav-item"
              >
                <a
                  className="nav-link"
                  href="/contact/"
                  onClick={[Function]}
                >
                  Contact
                </a>
              </li>
            </ul>
          </div>
        </div>
      </div>
    </div>
  </header>
  <main>
    <div
      className="container"
    >
      <h1>
        Ekaterina Domracheva
        <small
          className="text-muted"
        >
          Wednesday, August 25, 2021
        </small>
      </h1>
      <figure>
        <img
          alt="Alice’ Song

I am awfully bored, I am simply without strength.
And thoughts come - tempting, disturbing, -
That somebody somewhere would invite me
And there I should see something specific!..

And what exactly - I really do not know.
All bet for the wager:
\\"Read for a while\\", - I sit down and read,
\\"Play for a while\\", - now I play with the kitten, -
All the same I’m awfully bored!
Sir! Take Alice with you!"
          className="img-responsive gallery-image vertical"
          src="/photographs/2021-08-25/2021-08-25_001.webp"
        />
        <figcaption
          className="image-caption vertical"
        >
          Alice’ Song

I am awfully bored, I am simply without strength.
And thoughts come - tempting, disturbing, -
That somebody somewhere would invite me
And there I should see something specific!..

And what exactly - I really do not know.
All bet for the wager:
"Read for a while", - I sit down and read,
"Play for a while", - now I play with the kitten, -
All the same I’m awfully bored!
Sir! Take Alice with you!
        </figcaption>
      </figure>
      <figure>
        <img
          alt="Ekaterina Domracheva"
          className="img-responsive gallery-image"
          src="/photographs/2021-07-24_08-02_kate/2021-07-24_08-02_007.webp"
        />
      </figure>
      <figure>
        <img
          alt="Ekaterina Domracheva"
          className="img-responsive gallery-image"
          src="/photographs/2021-07-24_08-02_kate/2021-07-24_08-02_006.webp"
        />
      </figure>
      <figure>
        <img
          alt="Ekaterina Domracheva"
          className="img-responsive gallery-image"
          src="/photographs/2021-07-24_08-02_kate/2021-07-24_08-02_005.webp"
        />
      </figure>
      <figure>
        <img
          alt="Ekaterina Domracheva"
          className="img-responsive gallery-image vertical"
          src="/photographs/2021-07-24_08-02_kate/2021-07-24_08-02_004.webp"
        />
      </figure>
      <figure>
        <img
          alt="Ekaterina Domracheva"
          className="img-responsive gallery-image vertical"
          src="/photographs/2021-07-24_08-02_kate/2021-07-24_08-02_003.webp"
        />
      </figure>
      <figure>
        <img
          alt="Ekaterina Domracheva"
          className="img-responsive gallery-image vertical"
          src="/photographs/2021-07-24_08-02_kate/2021-07-24_08-02_002.webp"
        />
      </figure>
      <figure>
        <img
          alt="Ekaterina Domracheva"
          className="img-responsive gallery-image vertical"
          src="/photographs/2021-07-24_08-02_kate/2021-07-24_08-02_001.webp"
        />
      </figure>
      <figure>
        <img
          alt="Ekaterina Domracheva"
          className="img-responsive gallery-image"
          src="/photographs/2020-07-19_08-04_kate/2020-07-19_08-04_032.webp"
        />
      </figure>
      <figure>
        <img
          alt="Ekaterina Domracheva"
          className="img-responsive gallery-image"
          src="/photographs/2020-07-19_08-04_kate/2020-07-19_08-04_031.webp"
        />
      </figure>
      <figure>
        <img
          alt="Ekaterina Domracheva"
          className="img-responsive gallery-image"
          src="/photographs/2020-07-19_08-04_kate/2020-07-19_08-04_030.webp"
        />
      </figure>
      <figure>
        <img
          alt="Ekaterina Domracheva"
          className="img-responsive gallery-image"
          src="/photographs/2020-07-19_08-04_kate/2020-07-19_08-04_029.webp"
        />
      </figure>
      <figure>
        <img
          alt="Ekaterina Domracheva"
          className="img-responsive gallery-image"
          src="/photographs/2020-07-19_08-04_kate/2020-07-19_08-04_028.webp"
        />
      </figure>
      <figure>
        <img
          alt="Ekaterina Domracheva"
          className="img-responsive gallery-image"
          src="/photographs/2020-07-19_08-04_kate/2020-07-19_08-04_027.webp"
        />
      </figure>
      <figure>
        <img
          alt="Ekaterina Domracheva"
          className="img-responsive gallery-image"
          src="/photographs/2020-07-19_08-04_kate/2020-07-19_08-04_026.webp"
        />
      </figure>
      <figure>
        <img
          alt="Ekaterina Domracheva"
          className="img-responsive gallery-image"
          src="/photographs/2020-07-19_08-04_kate/2020-07-19_08-04_025.webp"
        />
      </figure>
      <figure>
        <img
          alt="Ekaterina Domracheva"
          className="img-responsive gallery-image"
          src="/photographs/2020-07-19_08-04_kate/2020-07-19_08-04_024.webp"
        />
      </figure>
      <figure>
        <img
          alt="Ekaterina Domracheva"
          className="img-responsive gallery-image"
          src="/photographs/2020-07-19_08-04_kate/2020-07-19_08-04_023.webp"
        />
      </figure>
      <figure>
        <img
          alt="Ekaterina Domracheva"
          className="img-responsive gallery-image"
          src="/photographs/2020-07-19_08-04_kate/2020-07-19_08-04_022.webp"
        />
      </figure>
      <figure>
        <img
          alt="Ekaterina Domracheva"
          className="img-responsive gallery-image"
          src="/photographs/2020-07-19_08-04_kate/2020-07-19_08-04_021.webp"
        />
      </figure>
      <figure>
        <img
          alt="Ekaterina Domracheva"
          className="img-responsive gallery-image"
          src="/photographs/2020-07-19_08-04_kate/2020-07-19_08-04_020.webp"
        />
      </figure>
      <figure>
        <img
          alt="Ekaterina Domracheva"
          className="img-responsive gallery-image"
          src="/photographs/2020-07-19_08-04_kate/2020-07-19_08-04_019.webp"
        />
      </figure>
      <figure>
        <img
          alt="Ekaterina Domracheva"
          className="img-responsive gallery-image"
          src="/photographs/2020-07-19_08-04_kate/2020-07-19_08-04_018.webp"
        />
      </figure>
      <figure>
        <img
          alt="Ekaterina Domracheva"
          className="img-responsive gallery-image"
          src="/photographs/2020-07-19_08-04_kate/2020-07-19_08-04_017.webp"
        />
      </figure>
      <figure>
        <img
          alt="Ekaterina Domracheva"
          className="img-responsive gallery-image vertical"
          src="/photographs/2020-07-19_08-04_kate/2020-07-19_08-04_016.webp"
        />
      </figure>
      <figure>
        <img
          alt="Ekaterina Domracheva"
          className="img-responsive gallery-image"
          src="/photographs/2020-07-19_08-04_kate/2020-07-19_08-04_015.webp"
        />
      </figure>
      <figure>
        <img
          alt="Ekaterina Domracheva"
          className="img-responsive gallery-image"
          src="/photographs/2020-07-19_08-04_kate/2020-07-19_08-04_014.webp"
        />
      </figure>
      <figure>
        <img
          alt="Ekaterina Domracheva"
          className="img-responsive gallery-image"
          src="/photographs/2020-07-19_08-04_kate/2020-07-19_08-04_013.webp"
        />
      </figure>
      <figure>
        <img
          alt="Ekaterina Domracheva"
          className="img-responsive gallery-image"
          src="/photographs/2020-07-19_08-04_kate/2020-07-19_08-04_012.webp"
        />
      </figure>
      <figure>
        <img
          alt="Ekaterina Domracheva"
          className="img-responsive gallery-image"
          src="/photographs/2020-07-19_08-04_kate/2020-07-19_08-04_011.webp"
        />
      </figure>
      <figure>
        <img
          alt="Ekaterina Domracheva"
          className="img-responsive gallery-image"
          src="/photographs/2020-07-19_08-04_kate/2020-07-19_08-04_010.webp"
        />
      </figure>
      <figure>
        <img
          alt="Ekaterina Domracheva"
          className="img-responsive gallery-image"
          src="/photographs/2020-07-19_08-04_kate/2020-07-19_08-04_009.webp"
        />
      </figure>
      <figure>
        <img
          alt="Ekaterina Domracheva"
          className="img-responsive gallery-image"
          src="/photographs/2020-07-19_08-04_kate/2020-07-19_08-04_008.webp"
        />
      </figure>
      <figure>
        <img
          alt="Ekaterina Domracheva"
          className="img-responsive gallery-image"
          src="/photographs/2020-07-19_08-04_kate/2020-07-19_08-04_007.webp"
        />
      </figure>
      <figure>
        <img
          alt="Ekaterina Domracheva"
          className="img-responsive gallery-image"
          src="/photographs/2020-07-19_08-04_kate/2020-07-19_08-04_006.webp"
        />
      </figure>
      <figure>
        <img
          alt="Ekaterina Domracheva"
          className="img-responsive gallery-image vertical"
          src="/photographs/2020-07-19_08-04_kate/2020-07-19_08-04_005.webp"
        />
      </figure>
      <figure>
        <img
          alt="Ekaterina Domracheva"
          className="img-responsive gallery-image"
          src="/photographs/2020-07-19_08-04_kate/2020-07-19_08-04_004.webp"
        />
      </figure>
      <figure>
        <img
          alt="Ekaterina Domracheva"
          className="img-responsive gallery-image"
          src="/photographs/2020-07-19_08-04_kate/2020-07-19_08-04_003.webp"
        />
      </figure>
      <figure>
        <img
          alt="Ekaterina Domracheva"
          className="img-responsive gallery-image"
          src="/photographs/2020-07-19_08-04_kate/2020-07-19_08-04_002.webp"
        />
      </figure>
      <figure>
        <img
          alt="Ekaterina Domracheva"
          className="img-responsive gallery-image"
          src="/photographs/2020-07-19_08-04_kate/2020-07-19_08-04_001.webp"
        />
      </figure>
      <figure>
        <img
          alt="Ekaterina Domracheva"
          className="img-responsive gallery-image"
          src="/photographs/2020-05-11/2020-05-11_006.webp"
        />
      </figure>
      <figure>
        <img
          alt="Ekaterina Domracheva"
          className="img-responsive gallery-image"
          src="/photographs/2020-05-11/2020-05-11_011.webp"
        />
      </figure>
      <figure>
        <img
          alt="Ekaterina Domracheva"
          className="img-responsive gallery-image"
          src="/photographs/2020-05-11/2020-05-11_014.webp"
        />
      </figure>
      <figure>
        <img
          alt="A dream..."
          className="img-responsive gallery-image"
          src="/photographs/2020-06-12/2020-06-12_001.webp"
        />
        <figcaption
          className="image-caption"
        >
          A dream...
        </figcaption>
      </figure>
      <figure>
        <img
          alt="The summer evening"
          className="img-responsive gallery-image"
          src="/photographs/2020-06-08/2020-06-08_001.webp"
        />
        <figcaption
          className="image-caption"
        >
          The summer evening
        </figcaption>
      </figure>
      <figure>
        <img
          alt="The first trip"
          className="img-responsive gallery-image vertical"
          src="/photographs/2019-06-12/2019-06-12_001.webp"
        />
        <figcaption
          className="image-caption vertical"
        >
          The first trip
        </figcaption>
      </figure>
      <figure>
        <img
          alt="The first time we met"
          className="img-responsive gallery-image"
          src="/photographs/2018-06-23/2018-06-23_001.webp"
        />
        <figcaption
          className="image-caption"
        >
          The first time we met
        </figcaption>
      </figure>
    </div>
  </main>
  <footer>
    <div
      className="container"
    >
      <hr
        className="footer-divider"
      />
      <ul
        className="piped-links float-end"
      >
        <li
          className="first piped-links-short"
        >
          <a
            href="/resume/"
            onClick={[Function]}
          >
            About
          </a>
        </li>
        <li
          className="first piped-links-long"
        >
          <a
            href="/resume/"
            onClick={[Function]}
          >
            About Andrey Pudov
          </a>
        </li>
        <li>
          <a
            href="/contact/"
            onClick={[Function]}
          >
            Contact
          </a>
        </li>
      </ul>
      <ul
        className="piped-links"
      >
        <p
          className="piped-links-long"
        >
          Copyright © 2023 Andrey Pudov. All rights reserved.
        </p>
        <p
          className="piped-links-short"
        >
          © 2023 Andrey Pudov. All rights reserved.
        </p>
      </ul>
    </div>
  </footer>
</div>
`;
