// Jest Snapshot v1, https://goo.gl/fbAQLP

exports[`renders correctly 1`] = `
<div
  className="layout"
>
  <header>
    <div
      className="container"
    >
      <div
        className="navbar navbar-expand-md navbar-dark"
      >
        <div
          className="container-fluid"
        >
          <a
            className="navbar-brand mx-auto"
            href="/"
            onClick={[Function]}
          >
            Andrey Pudov
          </a>
          <button
            aria-controls="navbarMain"
            aria-expanded="false"
            aria-label="Toggle navigation"
            className="navbar-toggler"
            data-bs-target="#navbarMain"
            data-bs-toggle="collapse"
            type="button"
          >
            <span
              className="navbar-toggler-icon"
            />
          </button>
          <div
            className="collapse navbar-collapse justify-content-sm-center"
            id="navbarMain"
          >
            <ul
              className="navbar-nav"
            >
              <li
                className="nav-item"
              >
                <a
                  className="nav-link"
                  href="/albums"
                  onClick={[Function]}
                >
                  Albums
                </a>
              </li>
              <li
                className="nav-item"
              >
                <a
                  className="nav-link"
                  href="/contents"
                  onClick={[Function]}
                >
                  Contents
                </a>
              </li>
              <li
                className="nav-item"
              >
                <a
                  className="nav-link"
                  href="/resume"
                  onClick={[Function]}
                >
                  Resume
                </a>
              </li>
              <li
                className="nav-item"
              >
                <a
                  className="nav-link"
                  href="/contact"
                  onClick={[Function]}
                >
                  Contact
                </a>
              </li>
            </ul>
          </div>
        </div>
      </div>
    </div>
  </header>
  <main>
    <div
      className="container"
    >
      <h1>
        Favorite Photographs
        <small
          className="text-muted"
        >
          Thursday, July 28, 2022
        </small>
      </h1>
      <figure>
        <img
          alt="Andrey Pudov Favorite Photographs"
          className="img-responsive gallery-image vertical"
          src="/photographs/2022-07-08/2022-07-08_001.webp"
        />
        <figcaption
          className="image-caption vertical"
        >
          The Kiss of Death

The Kiss of Death is a marble sculpture, found in Poblenou Cemetery. The sculpture is thought to have been created by Jaume Barba, although others have claimed that its idea was conceived by Joan Fontbernat. The sculpture depicts death, in the form of a winged skeleton, planting a kiss on the forehead of a young man. The sculpture elicits varying responses from viewers concerning the depiction of the young man ranging from ecstasy to resignation.

"His young heart is thus extinguished. The blood in his veins grows cold. And all strength has gone. Faith has been extolled by his fall into the arms of death. Amen."
        </figcaption>
      </figure>
      <figure>
        <img
          alt="Andrey Pudov Favorite Photographs"
          className="img-responsive gallery-image"
          src="/photographs/2012-03-17/2012-03-17_032.webp"
        />
      </figure>
      <figure>
        <img
          alt="Andrey Pudov Favorite Photographs"
          className="img-responsive gallery-image"
          src="/photographs/2020-06-12/2020-06-12_001.webp"
        />
        <figcaption
          className="image-caption"
        >
          Ekaterina Domracheva
        </figcaption>
      </figure>
      <figure>
        <img
          alt="Andrey Pudov Favorite Photographs"
          className="img-responsive gallery-image"
          src="/photographs/2012-03-17/2012-03-17_031.webp"
        />
        <figcaption
          className="image-caption"
        >
          Ekaterina Domracheva
        </figcaption>
      </figure>
      <figure>
        <img
          alt="Andrey Pudov Favorite Photographs"
          className="img-responsive gallery-image"
          src="/photographs/2012-03-17/2012-03-17_030.webp"
        />
      </figure>
      <figure>
        <img
          alt="Andrey Pudov Favorite Photographs"
          className="img-responsive gallery-image vertical"
          src="/photographs/2012-03-17/2012-03-17_029_large.webp"
        />
        <figcaption
          className="image-caption vertical"
        >
          Alina Cherdakova
        </figcaption>
      </figure>
      <figure>
        <img
          alt="Andrey Pudov Favorite Photographs"
          className="img-responsive gallery-image"
          src="/photographs/2017-12-18_2018-01-05/2017-12-18_2018-01-05_022_large.webp"
        />
        <figcaption
          className="image-caption"
        >
          St. Peter's Basilica

The Papal Basilica of Saint Peter in the Vatican, or simply Saint Peter's Basilica, is a church built in the Renaissance style located in Vatican City. It was initially planned by Pope Nicholas V and then Pope Julius II to replace the aging Old St. Peter's Basilica, which was built in the fourth century by Roman emperor Constantine the Great. Construction of the present basilica began on 18 April 1506 and was completed on 18 November 1626.

Designed principally by Donato Bramante, Michelangelo, Carlo Maderno and Gian Lorenzo Bernini, St. Peter's is the most renowned work of Renaissance architecture and the largest church in the world by interior measure. While it is neither the mother church of the Catholic Church nor the cathedral of the Diocese of Rome, St. Peter's is regarded as one of the holiest Catholic shrines. It has been described as "holding a unique position in the Christian world" and as "the greatest of all churches of Christendom."
        </figcaption>
      </figure>
      <figure>
        <img
          alt="Andrey Pudov Favorite Photographs"
          className="img-responsive gallery-image"
          src="/photographs/2012-03-17/2012-03-17_027_large.webp"
        />
        <figcaption
          className="image-caption"
        >
          Kira Orlova
        </figcaption>
      </figure>
      <figure>
        <img
          alt="Andrey Pudov Favorite Photographs"
          className="img-responsive gallery-image vertical"
          src="/photographs/2012-03-17/2012-03-17_026_large.webp"
        />
      </figure>
      <figure>
        <img
          alt="Andrey Pudov Favorite Photographs"
          className="img-responsive gallery-image vertical"
          src="/photographs/2012-03-17/2012-03-17_025_large.webp"
        />
      </figure>
      <figure>
        <img
          alt="Andrey Pudov Favorite Photographs"
          className="img-responsive gallery-image"
          src="/photographs/2012-03-17/2012-03-17_024_large.webp"
        />
      </figure>
      <figure>
        <img
          alt="Andrey Pudov Favorite Photographs"
          className="img-responsive gallery-image vertical"
          src="/photographs/2012-03-17/2012-03-17_023_large.webp"
        />
      </figure>
      <figure>
        <img
          alt="Andrey Pudov Favorite Photographs"
          className="img-responsive gallery-image vertical"
          src="/photographs/2012-03-17/2012-03-17_022_large.webp"
        />
      </figure>
      <figure>
        <img
          alt="Andrey Pudov Favorite Photographs"
          className="img-responsive gallery-image"
          src="/photographs/2012-03-17/2012-03-17_021_large.webp"
        />
      </figure>
      <figure>
        <img
          alt="Andrey Pudov Favorite Photographs"
          className="img-responsive gallery-image vertical"
          src="/photographs/2012-03-17/2012-03-17_020_large.webp"
        />
      </figure>
      <figure>
        <img
          alt="Andrey Pudov Favorite Photographs"
          className="img-responsive gallery-image"
          src="/photographs/2012-03-17/2012-03-17_019_large.webp"
        />
      </figure>
      <figure>
        <img
          alt="Andrey Pudov Favorite Photographs"
          className="img-responsive gallery-image"
          src="/photographs/2012-03-17/2012-03-17_018_large.webp"
        />
      </figure>
      <figure>
        <img
          alt="Andrey Pudov Favorite Photographs"
          className="img-responsive gallery-image"
          src="/photographs/2012-03-17/2012-03-17_017_large.webp"
        />
      </figure>
      <figure>
        <img
          alt="Andrey Pudov Favorite Photographs"
          className="img-responsive gallery-image"
          src="/photographs/2016-04-16/2016-04-16_009.webp"
        />
      </figure>
      <figure>
        <img
          alt="Andrey Pudov Favorite Photographs"
          className="img-responsive gallery-image"
          src="/photographs/2012-03-17/2012-03-17_016_large.webp"
        />
      </figure>
      <figure>
        <img
          alt="Andrey Pudov Favorite Photographs"
          className="img-responsive gallery-image"
          src="/photographs/2012-03-17/2012-03-17_015_large.webp"
        />
      </figure>
      <figure>
        <img
          alt="Andrey Pudov Favorite Photographs"
          className="img-responsive gallery-image"
          src="/photographs/2012-03-17/2012-03-17_010_large.webp"
        />
      </figure>
      <figure>
        <img
          alt="Andrey Pudov Favorite Photographs"
          className="img-responsive gallery-image"
          src="/photographs/2012-03-17/2012-03-17_009_large.webp"
        />
      </figure>
      <figure>
        <img
          alt="Andrey Pudov Favorite Photographs"
          className="img-responsive gallery-image vertical"
          src="/photographs/2012-03-17/2012-03-17_008_large.webp"
        />
      </figure>
      <figure>
        <img
          alt="Andrey Pudov Favorite Photographs"
          className="img-responsive gallery-image vertical"
          src="/photographs/2012-03-17/2012-03-17_007_large.webp"
        />
      </figure>
      <figure>
        <img
          alt="Andrey Pudov Favorite Photographs"
          className="img-responsive gallery-image"
          src="/photographs/2012-03-17/2012-03-17_006_large.webp"
        />
      </figure>
      <figure>
        <img
          alt="Andrey Pudov Favorite Photographs"
          className="img-responsive gallery-image"
          src="/photographs/2012-03-17/2012-03-17_005_large.webp"
        />
      </figure>
      <figure>
        <img
          alt="Andrey Pudov Favorite Photographs"
          className="img-responsive gallery-image"
          src="/photographs/2012-03-17/2012-03-17_004_large.webp"
        />
      </figure>
    </div>
  </main>
  <footer>
    <div
      className="container"
    >
      <hr
        className="footer-divider"
      />
      <ul
        className="piped-links float-end"
      >
        <li
          className="first piped-links-short"
        >
          <a
            href="/resume"
            onClick={[Function]}
          >
            About
          </a>
        </li>
        <li
          className="first piped-links-long"
        >
          <a
            href="/resume"
            onClick={[Function]}
          >
            About Andrey Pudov
          </a>
        </li>
        <li>
          <a
            href="/contact"
            onClick={[Function]}
          >
            Contact
          </a>
        </li>
      </ul>
      <ul
        className="piped-links"
      >
        <p
          className="piped-links-long"
        >
          Copyright © 2022 Andrey Pudov. All rights reserved.
        </p>
        <p
          className="piped-links-short"
        >
          © 2022 Andrey Pudov. All rights reserved.
        </p>
      </ul>
    </div>
  </footer>
</div>
`;
