// Jest Snapshot v1, https://goo.gl/fbAQLP

exports[`renders correctly 1`] = `
<div
  className="layout"
>
  <header>
    <div
      className="container"
    >
      <div
        className="navbar navbar-expand-md navbar-dark"
      >
        <div
          className="container-fluid"
        >
          <a
            className="navbar-brand mx-auto"
            href="/"
            onClick={[Function]}
          >
            Andrey Pudov
          </a>
          <button
            aria-controls="navbarMain"
            aria-expanded="false"
            aria-label="Toggle navigation"
            className="navbar-toggler"
            data-bs-target="#navbarMain"
            data-bs-toggle="collapse"
            type="button"
          >
            <span
              className="navbar-toggler-icon"
            />
          </button>
          <div
            className="collapse navbar-collapse justify-content-sm-center"
            id="navbarMain"
          >
            <ul
              className="navbar-nav"
            >
              <li
                className="nav-item"
              >
                <a
                  className="nav-link"
                  href="/albums"
                  onClick={[Function]}
                >
                  Albums
                </a>
              </li>
              <li
                className="nav-item"
              >
                <a
                  className="nav-link"
                  href="/contents"
                  onClick={[Function]}
                >
                  Contents
                </a>
              </li>
              <li
                className="nav-item"
              >
                <a
                  className="nav-link"
                  href="/resume"
                  onClick={[Function]}
                >
                  Resume
                </a>
              </li>
              <li
                className="nav-item"
              >
                <a
                  className="nav-link"
                  href="/contact"
                  onClick={[Function]}
                >
                  Contact
                </a>
              </li>
            </ul>
          </div>
        </div>
      </div>
    </div>
  </header>
  <main>
    <div
      className="container"
    >
      <h1>
        Golden Age
        <small
          className="text-muted"
        >
          Saturday, September 15, 2012
        </small>
      </h1>
      <p>
        Наступавшая золотая осень, радовала глаза, чудесным образом наполняя новыми красками каждый живой листок. Яркое солнце всеми силами согревало землю, преподнося летнее настроение к трону вошедшей в права правления осени. Времени года, навсегда вошедшего в историю города, белоснежно белые стены, крепости которого, гордо возвышались на противоположном берегу Куйбышевского водохранилища. Здесь, посреди холмов, где по приданию без всякого огня кипит вода, стоит тысячелетний город, основанный булгарами, как пограничная крепость на севере их государства. Такой Казань предстала и пред Улу-Мухамеддом, золотоордынским ханом, и пред войском Ивана IV. Возвышаясь над временем, город невозмутимо поднимался с колен, очаровывая добротой и гостеприимством объединяя в своих границах воевавших по разные стороны народы. Таким она предстала и передо мной, вернувшимся в Казань спустя долгие шесть лет.
      </p>
      <img
        alt="Andrey Pudov Golden Age"
        className="img-responsive gallery-image"
        src="../albums/2012-09-14_15/2012-09-14_15_016_large.webp"
      />
      <p>
        Этому предшествовало, начавшееся еще до рассвета солнца, длительное путешествие сквозь меняющиеся пейзажи трех регионов России. Где редкие леса, разбитые многочисленными деревеньками Нижегородской области постепенно переходили в бескрайний хвойный лес, раскинувшийся по территории Чувашии, рассеченной чередой оврагов и речушек. Дорога меняла вид, с каждым километром неся на восток, как географический, так и культурный. Расставшись с последним поворотом перед границей Татарстана, шоссейное полотно, окруженное нетронутыми человеком полями, устремилось к небосводу, у границы которого, спустя час ожидания, стоя между высокими холмами, на противоположном берегу Волги, предстала Казань.
      </p>
      <img
        alt="Andrey Pudov Golden Age"
        className="img-responsive gallery-image"
        src="../albums/2012-09-14_15/2012-09-14_15_001_large.webp"
      />
      <img
        alt="Andrey Pudov Golden Age"
        className="img-responsive gallery-image"
        src="../albums/2012-09-14_15/2012-09-14_15_002_large.webp"
      />
      <p>
        Прибыв в Казань с друзьями, ранее не имевшими возможности окунуться в атмосферу местной культуры, я был, несомненно, рад слышать их отзывы, основанные по большей части на сильной градации, так пестро проводившей черту меж нашими народами и культурами. Здесь не было места грубости Нижнего, и царящего в нем безразличия к окружающим, на место эгоистичному отношению приходило местное гостеприимство, роднившее с Питером.
      </p>
      <img
        alt="Andrey Pudov Golden Age"
        className="img-responsive gallery-image vertical"
        src="../albums/2012-09-14_15/2012-09-14_15_003_large.webp"
      />
      <img
        alt="Andrey Pudov Golden Age"
        className="img-responsive gallery-image"
        src="../albums/2012-09-14_15/2012-09-14_15_004_large.webp"
      />
      <img
        alt="Andrey Pudov Golden Age"
        className="img-responsive gallery-image"
        src="../albums/2012-09-14_15/2012-09-14_15_005_large.webp"
      />
      <p>
        Посреди Кремля, расположившись у западных стен, стоит главная соборная мечеть республики - Кул Шариф, названная в честь её последнего имама сеида Кул-Шарифа, одного из предводителей обороны Казани. Будучи разрушенной войсками Ивана Грозного, она была построена вновь, обретя свой современный вид к празднованию тысячелетия города.
      </p>
      <img
        alt="Andrey Pudov Golden Age"
        className="img-responsive gallery-image"
        src="../albums/2012-09-14_15/2012-09-14_15_006_large.webp"
      />
      <img
        alt="Andrey Pudov Golden Age"
        className="img-responsive gallery-image"
        src="../albums/2012-09-14_15/2012-09-14_15_007_large.webp"
      />
      <img
        alt="Andrey Pudov Golden Age"
        className="img-responsive gallery-image vertical"
        src="../albums/2012-09-14_15/2012-09-14_15_008_large.webp"
      />
      <img
        alt="Andrey Pudov Golden Age"
        className="img-responsive gallery-image"
        src="../albums/2012-09-14_15/2012-09-14_15_009_large.webp"
      />
      <img
        alt="Andrey Pudov Golden Age"
        className="img-responsive gallery-image vertical"
        src="../albums/2012-09-14_15/2012-09-14_15_010_large.webp"
      />
      <p>
        Падающая башня Сююмбике, служащая предметом многолетних споров историков, так и не выяснившим дату основания, она стоит, отклонившись от своей вертикали на целых два метра. Вокруг башни ходит много легенд, сходящихся к одной из первых мусульманок, взявших на себя бремя правления государством, - Сююмбике, царице Казанского ханства.
      </p>
      <img
        alt="Andrey Pudov Golden Age"
        className="img-responsive gallery-image"
        src="../albums/2012-09-14_15/2012-09-14_15_013_large.webp"
      />
      <img
        alt="Andrey Pudov Golden Age"
        className="img-responsive gallery-image"
        src="../albums/2012-09-14_15/2012-09-14_15_012_large.webp"
      />
      <p>
        Одна из красивейших достопримечательностей города - улица Баумана, где издавна расположен центр торговли и развлечений. Ее название многократно менялось, чему способствовало, и взятие Казани, и появлению Новой слабоды в ее южной части, и происхождения революционера Николая Баумана. На протяжении улицы стоит много памятников и исторических зданий - многострадальная гостиница "Казань", с балкона которой выступал Троцкий, памятник певцу Шаляпину, фонтаны-памятники героям татарских сказок и многие другие, лежащих в основе прекрасного декора города.
      </p>
      <img
        alt="Andrey Pudov Golden Age"
        className="img-responsive gallery-image"
        src="../albums/2012-09-14_15/2012-09-14_15_044_large.webp"
      />
      <img
        alt="Andrey Pudov Golden Age"
        className="img-responsive gallery-image vertical"
        src="../albums/2012-09-14_15/2012-09-14_15_014_large.webp"
      />
      <img
        alt="Andrey Pudov Golden Age"
        className="img-responsive gallery-image"
        src="../albums/2012-09-14_15/2012-09-14_15_046_large.webp"
      />
      <img
        alt="Andrey Pudov Golden Age"
        className="img-responsive gallery-image"
        src="../albums/2012-09-14_15/2012-09-14_15_015_large.webp"
      />
      <img
        alt="Andrey Pudov Golden Age"
        className="img-responsive gallery-image"
        src="../albums/2012-09-14_15/2012-09-14_15_043_large.webp"
      />
      <img
        alt="Andrey Pudov Golden Age"
        className="img-responsive gallery-image"
        src="../albums/2012-09-14_15/2012-09-14_15_038_large.webp"
      />
      <p>
        Пирамида - здание развлекательного центра, памятник символизирующий торжество современной архитектуры.
      </p>
      <img
        alt="Andrey Pudov Golden Age"
        className="img-responsive gallery-image"
        src="../albums/2012-09-14_15/2012-09-14_15_017_large.webp"
      />
      <img
        alt="Andrey Pudov Golden Age"
        className="img-responsive gallery-image"
        src="../albums/2012-09-14_15/2012-09-14_15_020_large.webp"
      />
      <img
        alt="Andrey Pudov Golden Age"
        className="img-responsive gallery-image"
        src="../albums/2012-09-14_15/2012-09-14_15_018_large.webp"
      />
      <img
        alt="Andrey Pudov Golden Age"
        className="img-responsive gallery-image"
        src="../albums/2012-09-14_15/2012-09-14_15_024_large.webp"
      />
      <img
        alt="Andrey Pudov Golden Age"
        className="img-responsive gallery-image vertical"
        src="../albums/2012-09-14_15/2012-09-14_15_023_large.webp"
      />
      <img
        alt="Andrey Pudov Golden Age"
        className="img-responsive gallery-image vertical"
        src="../albums/2012-09-14_15/2012-09-14_15_022_large.webp"
      />
      <img
        alt="Andrey Pudov Golden Age"
        className="img-responsive gallery-image vertical"
        src="../albums/2012-09-14_15/2012-09-14_15_021_large.webp"
      />
      <img
        alt="Andrey Pudov Golden Age"
        className="img-responsive gallery-image"
        src="../albums/2012-09-14_15/2012-09-14_15_027_large.webp"
      />
      <p>
        Памятник Мусе Джалилю, установленного в память о герое Сюза, организовавшего антифашистское подполье, поставившего целью осуществление восстания военнопленных.
      </p>
      <img
        alt="Andrey Pudov Golden Age"
        className="img-responsive gallery-image"
        src="../albums/2012-09-14_15/2012-09-14_15_029_large.webp"
      />
      <img
        alt="Andrey Pudov Golden Age"
        className="img-responsive gallery-image"
        src="../albums/2012-09-14_15/2012-09-14_15_030_large.webp"
      />
      <img
        alt="Andrey Pudov Golden Age"
        className="img-responsive gallery-image vertical"
        src="../albums/2012-09-14_15/2012-09-14_15_031_large.webp"
      />
      <img
        alt="Andrey Pudov Golden Age"
        className="img-responsive gallery-image"
        src="../albums/2012-09-14_15/2012-09-14_15_032_large.webp"
      />
      <img
        alt="Andrey Pudov Golden Age"
        className="img-responsive gallery-image"
        src="../albums/2012-09-14_15/2012-09-14_15_034_large.webp"
      />
      <img
        alt="Andrey Pudov Golden Age"
        className="img-responsive gallery-image"
        src="../albums/2012-09-14_15/2012-09-14_15_033_large.webp"
      />
      <img
        alt="Andrey Pudov Golden Age"
        className="img-responsive gallery-image"
        src="../albums/2012-09-14_15/2012-09-14_15_035_large.webp"
      />
      <img
        alt="Andrey Pudov Golden Age"
        className="img-responsive gallery-image"
        src="../albums/2012-09-14_15/2012-09-14_15_037_large.webp"
      />
      <p>
        Часы универсиады, поставленные напротив знаменитых часов на Баумана, уникальный арт-объект отсчитывающий время до начала Казанской универсиады.
      </p>
      <img
        alt="Andrey Pudov Golden Age"
        className="img-responsive gallery-image vertical"
        src="../albums/2012-09-14_15/2012-09-14_15_039_large.webp"
      />
      <img
        alt="Andrey Pudov Golden Age"
        className="img-responsive gallery-image"
        src="../albums/2012-09-14_15/2012-09-14_15_040_large.webp"
      />
      <p>
        Короткие два дня путешествия пролетели мимолетом, оставив позади воспоминания и неизменное желание вернуться вновь. Вслед за Казанью ушла и теплая погода, оставив один на один, с морозной осенью, пестрящей красно-желтыми красками, словно сходящими с картины Левитана.
      </p>
      <img
        alt="Andrey Pudov Golden Age"
        className="img-responsive gallery-image"
        src="../albums/2012-09-14_15/2012-09-14_15_041_large.webp"
      />
    </div>
  </main>
  <footer>
    <div
      className="container"
    >
      <hr
        className="footer-divider"
      />
      <ul
        className="piped-links float-end"
      >
        <li
          className="first piped-links-short"
        >
          <a
            href="/resume"
            onClick={[Function]}
          >
            About
          </a>
        </li>
        <li
          className="first piped-links-long"
        >
          <a
            href="/resume"
            onClick={[Function]}
          >
            About Andrey Pudov
          </a>
        </li>
        <li>
          <a
            href="/contact"
            onClick={[Function]}
          >
            Contact
          </a>
        </li>
      </ul>
      <ul
        className="piped-links"
      >
        <p
          className="piped-links-long"
        >
          Copyright © 2021 Andrey Pudov. All rights reserved.
        </p>
        <p
          className="piped-links-short"
        >
          © 2021 Andrey Pudov. All rights reserved.
        </p>
      </ul>
    </div>
    <script
      src="libraries/jquery/jquery-1.11.3.min.js"
    />
    <script
      src="libraries/bootstrap/js/collapse.js"
    />
    <script
      src="libraries/bootstrap/js/dropdown.js"
    />
    <script
      src="libraries/bootstrap/js/transition.js"
    />
    <script
      src="libraries/bootstrap/js/carousel.js"
    />
    <script
      src="scripts/init.js"
    />
  </footer>
</div>
`;
