// Jest Snapshot v1, https://goo.gl/fbAQLP

exports[`renders correctly 1`] = `
<div
  className="layout"
>
  <header>
    <div
      className="container"
    >
      <div
        className="navbar navbar-expand-md navbar-dark"
      >
        <div
          className="container-fluid"
        >
          <a
            className="navbar-brand mx-auto"
            href="/"
            onClick={[Function]}
          >
            Andrey Pudov
          </a>
          <button
            aria-controls="navbarMain"
            aria-expanded="false"
            aria-label="Toggle navigation"
            className="navbar-toggler"
            data-bs-target="#navbarMain"
            data-bs-toggle="collapse"
            type="button"
          >
            <span
              className="navbar-toggler-icon"
            />
          </button>
          <div
            className="collapse navbar-collapse justify-content-sm-center"
            id="navbarMain"
          >
            <ul
              className="navbar-nav"
            >
              <li
                className="nav-item"
              >
                <a
                  className="nav-link"
                  href="/albums"
                  onClick={[Function]}
                >
                  Albums
                </a>
              </li>
              <li
                className="nav-item"
              >
                <a
                  className="nav-link"
                  href="/contents"
                  onClick={[Function]}
                >
                  Contents
                </a>
              </li>
              <li
                className="nav-item"
              >
                <a
                  className="nav-link"
                  href="/resume"
                  onClick={[Function]}
                >
                  Resume
                </a>
              </li>
              <li
                className="nav-item"
              >
                <a
                  className="nav-link"
                  href="/contact"
                  onClick={[Function]}
                >
                  Contact
                </a>
              </li>
            </ul>
          </div>
        </div>
      </div>
    </div>
  </header>
  <main>
    <div
      className="container"
    >
      <h1>
        Little Russia
        <small
          className="text-muted"
        >
          Saturday, September 14, 2013
        </small>
      </h1>
      <img
        alt="Andrey Pudov Little Russia"
        className="img-responsive gallery-image"
        src="../photographs/2013-09-14_27/2013-09-14_001_large.webp"
      />
      <img
        alt="Andrey Pudov Little Russia"
        className="img-responsive gallery-image"
        src="../photographs/2013-09-14_27/2013-09-14_002_large.webp"
      />
      <img
        alt="Andrey Pudov Little Russia"
        className="img-responsive gallery-image vertical"
        src="../photographs/2013-09-14_27/2013-09-14_003_large.webp"
      />
      <img
        alt="Andrey Pudov Little Russia"
        className="img-responsive gallery-image"
        src="../photographs/2013-09-14_27/2013-09-15_004_large.webp"
      />
      <img
        alt="Andrey Pudov Little Russia"
        className="img-responsive gallery-image"
        src="../photographs/2013-09-14_27/2013-09-15_005_large.webp"
      />
      <img
        alt="Andrey Pudov Little Russia"
        className="img-responsive gallery-image"
        src="../photographs/2013-09-14_27/2013-09-15_006_large.webp"
      />
      <img
        alt="Andrey Pudov Little Russia"
        className="img-responsive gallery-image"
        src="../photographs/2013-09-14_27/2013-09-15_007_large.webp"
      />
      <img
        alt="Andrey Pudov Little Russia"
        className="img-responsive gallery-image vertical"
        src="../photographs/2013-09-14_27/2013-09-15_008_large.webp"
      />
      <img
        alt="Andrey Pudov Little Russia"
        className="img-responsive gallery-image"
        src="../photographs/2013-09-14_27/2013-09-17_010_large.webp"
      />
      <img
        alt="Andrey Pudov Little Russia"
        className="img-responsive gallery-image vertical"
        src="../photographs/2013-09-14_27/2013-09-17_011_large.webp"
      />
      <img
        alt="Andrey Pudov Little Russia"
        className="img-responsive gallery-image vertical"
        src="../photographs/2013-09-14_27/2013-09-17_012_large.webp"
      />
      <img
        alt="Andrey Pudov Little Russia"
        className="img-responsive gallery-image vertical"
        src="../photographs/2013-09-14_27/2013-09-17_013_large.webp"
      />
      <img
        alt="Andrey Pudov Little Russia"
        className="img-responsive gallery-image"
        src="../photographs/2013-09-14_27/2013-09-17_014_large.webp"
      />
      <img
        alt="Andrey Pudov Little Russia"
        className="img-responsive gallery-image"
        src="../photographs/2013-09-14_27/2013-09-17_015_large.webp"
      />
      <img
        alt="Andrey Pudov Little Russia"
        className="img-responsive gallery-image"
        src="../photographs/2013-09-14_27/2013-09-17_016_large.webp"
      />
      <img
        alt="Andrey Pudov Little Russia"
        className="img-responsive gallery-image vertical"
        src="../photographs/2013-09-14_27/2013-09-17_017_large.webp"
      />
      <img
        alt="Andrey Pudov Little Russia"
        className="img-responsive gallery-image vertical"
        src="../photographs/2013-09-14_27/2013-09-17_018_large.webp"
      />
      <img
        alt="Andrey Pudov Little Russia"
        className="img-responsive gallery-image vertical"
        src="../photographs/2013-09-14_27/2013-09-17_019_large.webp"
      />
      <img
        alt="Andrey Pudov Little Russia"
        className="img-responsive gallery-image"
        src="../photographs/2013-09-14_27/2013-09-18_020_large.webp"
      />
      <img
        alt="Andrey Pudov Little Russia"
        className="img-responsive gallery-image"
        src="../photographs/2013-09-14_27/2013-09-19_021_large.webp"
      />
      <img
        alt="Andrey Pudov Little Russia"
        className="img-responsive gallery-image vertical"
        src="../photographs/2013-09-14_27/2013-09-19_022_large.webp"
      />
      <img
        alt="Andrey Pudov Little Russia"
        className="img-responsive gallery-image"
        src="../photographs/2013-09-14_27/2013-09-19_023_large.webp"
      />
      <img
        alt="Andrey Pudov Little Russia"
        className="img-responsive gallery-image"
        src="../photographs/2013-09-14_27/2013-09-19_024_large.webp"
      />
      <img
        alt="Andrey Pudov Little Russia"
        className="img-responsive gallery-image"
        src="../photographs/2013-09-14_27/2013-09-20_025_large.webp"
      />
      <img
        alt="Andrey Pudov Little Russia"
        className="img-responsive gallery-image"
        src="../photographs/2013-09-14_27/2013-09-20_026_large.webp"
      />
      <img
        alt="Andrey Pudov Little Russia"
        className="img-responsive gallery-image"
        src="../photographs/2013-09-14_27/2013-09-20_027_large.webp"
      />
      <img
        alt="Andrey Pudov Little Russia"
        className="img-responsive gallery-image"
        src="../photographs/2013-09-14_27/2013-09-21_028_large.webp"
      />
      <img
        alt="Andrey Pudov Little Russia"
        className="img-responsive gallery-image"
        src="../photographs/2013-09-14_27/2013-09-21_029_large.webp"
      />
      <img
        alt="Andrey Pudov Little Russia"
        className="img-responsive gallery-image"
        src="../photographs/2013-09-14_27/2013-09-21_030_large.webp"
      />
      <img
        alt="Andrey Pudov Little Russia"
        className="img-responsive gallery-image vertical"
        src="../photographs/2013-09-14_27/2013-09-21_031_large.webp"
      />
      <img
        alt="Andrey Pudov Little Russia"
        className="img-responsive gallery-image vertical"
        src="../photographs/2013-09-14_27/2013-09-21_032_large.webp"
      />
      <img
        alt="Andrey Pudov Little Russia"
        className="img-responsive gallery-image"
        src="../photographs/2013-09-14_27/2013-09-21_033_large.webp"
      />
      <img
        alt="Andrey Pudov Little Russia"
        className="img-responsive gallery-image vertical"
        src="../photographs/2013-09-14_27/2013-09-21_034_large.webp"
      />
      <img
        alt="Andrey Pudov Little Russia"
        className="img-responsive gallery-image"
        src="../photographs/2013-09-14_27/2013-09-21_035_large.webp"
      />
      <img
        alt="Andrey Pudov Little Russia"
        className="img-responsive gallery-image"
        src="../photographs/2013-09-14_27/2013-09-21_036_large.webp"
      />
      <img
        alt="Andrey Pudov Little Russia"
        className="img-responsive gallery-image"
        src="../photographs/2013-09-14_27/2013-09-21_037_large.webp"
      />
      <img
        alt="Andrey Pudov Little Russia"
        className="img-responsive gallery-image vertical"
        src="../photographs/2013-09-14_27/2013-09-21_038_large.webp"
      />
      <img
        alt="Andrey Pudov Little Russia"
        className="img-responsive gallery-image"
        src="../photographs/2013-09-14_27/2013-09-21_039_large.webp"
      />
      <img
        alt="Andrey Pudov Little Russia"
        className="img-responsive gallery-image"
        src="../photographs/2013-09-14_27/2013-09-21_040_large.webp"
      />
      <img
        alt="Andrey Pudov Little Russia"
        className="img-responsive gallery-image"
        src="../photographs/2013-09-14_27/2013-09-21_041_large.webp"
      />
      <img
        alt="Andrey Pudov Little Russia"
        className="img-responsive gallery-image vertical"
        src="../photographs/2013-09-14_27/2013-09-22_042_large.webp"
      />
      <img
        alt="Andrey Pudov Little Russia"
        className="img-responsive gallery-image"
        src="../photographs/2013-09-14_27/2013-09-22_043_large.webp"
      />
      <img
        alt="Andrey Pudov Little Russia"
        className="img-responsive gallery-image"
        src="../photographs/2013-09-14_27/2013-09-22_044_large.webp"
      />
      <img
        alt="Andrey Pudov Little Russia"
        className="img-responsive gallery-image"
        src="../photographs/2013-09-14_27/2013-09-22_045_large.webp"
      />
      <img
        alt="Andrey Pudov Little Russia"
        className="img-responsive gallery-image vertical"
        src="../photographs/2013-09-14_27/2013-09-22_046_large.webp"
      />
      <img
        alt="Andrey Pudov Little Russia"
        className="img-responsive gallery-image"
        src="../photographs/2013-09-14_27/2013-09-22_047_large.webp"
      />
      <img
        alt="Andrey Pudov Little Russia"
        className="img-responsive gallery-image"
        src="../photographs/2013-09-14_27/2013-09-22_048_large.webp"
      />
      <img
        alt="Andrey Pudov Little Russia"
        className="img-responsive gallery-image vertical"
        src="../photographs/2013-09-14_27/2013-09-22_049_large.webp"
      />
      <img
        alt="Andrey Pudov Little Russia"
        className="img-responsive gallery-image"
        src="../photographs/2013-09-14_27/2013-09-22_050_large.webp"
      />
      <img
        alt="Andrey Pudov Little Russia"
        className="img-responsive gallery-image vertical"
        src="../photographs/2013-09-14_27/2013-09-22_051_large.webp"
      />
      <img
        alt="Andrey Pudov Little Russia"
        className="img-responsive gallery-image"
        src="../photographs/2013-09-14_27/2013-09-22_052_large.webp"
      />
      <img
        alt="Andrey Pudov Little Russia"
        className="img-responsive gallery-image"
        src="../photographs/2013-09-14_27/2013-09-22_053_large.webp"
      />
      <img
        alt="Andrey Pudov Little Russia"
        className="img-responsive gallery-image"
        src="../photographs/2013-09-14_27/2013-09-22_054_large.webp"
      />
      <img
        alt="Andrey Pudov Little Russia"
        className="img-responsive gallery-image vertical"
        src="../photographs/2013-09-14_27/2013-09-22_055_large.webp"
      />
      <img
        alt="Andrey Pudov Little Russia"
        className="img-responsive gallery-image vertical"
        src="../photographs/2013-09-14_27/2013-09-22_056_large.webp"
      />
      <img
        alt="Andrey Pudov Little Russia"
        className="img-responsive gallery-image"
        src="../photographs/2013-09-14_27/2013-09-22_057_large.webp"
      />
      <img
        alt="Andrey Pudov Little Russia"
        className="img-responsive gallery-image"
        src="../photographs/2013-09-14_27/2013-09-22_058_large.webp"
      />
      <img
        alt="Andrey Pudov Little Russia"
        className="img-responsive gallery-image vertical"
        src="../photographs/2013-09-14_27/2013-09-22_059_large.webp"
      />
      <img
        alt="Andrey Pudov Little Russia"
        className="img-responsive gallery-image"
        src="../photographs/2013-09-14_27/2013-09-22_060_large.webp"
      />
      <img
        alt="Andrey Pudov Little Russia"
        className="img-responsive gallery-image"
        src="../photographs/2013-09-14_27/2013-09-22_061_large.webp"
      />
      <img
        alt="Andrey Pudov Little Russia"
        className="img-responsive gallery-image"
        src="../photographs/2013-09-14_27/2013-09-22_062_large.webp"
      />
      <img
        alt="Andrey Pudov Little Russia"
        className="img-responsive gallery-image"
        src="../photographs/2013-09-14_27/2013-09-22_063_large.webp"
      />
      <img
        alt="Andrey Pudov Little Russia"
        className="img-responsive gallery-image"
        src="../photographs/2013-09-14_27/2013-09-22_064_large.webp"
      />
      <img
        alt="Andrey Pudov Little Russia"
        className="img-responsive gallery-image vertical"
        src="../photographs/2013-09-14_27/2013-09-22_065_large.webp"
      />
      <img
        alt="Andrey Pudov Little Russia"
        className="img-responsive gallery-image vertical"
        src="../photographs/2013-09-14_27/2013-09-22_066_large.webp"
      />
      <img
        alt="Andrey Pudov Little Russia"
        className="img-responsive gallery-image"
        src="../photographs/2013-09-14_27/2013-09-22_068_large.webp"
      />
      <img
        alt="Andrey Pudov Little Russia"
        className="img-responsive gallery-image vertical"
        src="../photographs/2013-09-14_27/2013-09-22_069_large.webp"
      />
      <img
        alt="Andrey Pudov Little Russia"
        className="img-responsive gallery-image"
        src="../photographs/2013-09-14_27/2013-09-22_070_large.webp"
      />
      <img
        alt="Andrey Pudov Little Russia"
        className="img-responsive gallery-image"
        src="../photographs/2013-09-14_27/2013-09-22_071_large.webp"
      />
      <img
        alt="Andrey Pudov Little Russia"
        className="img-responsive gallery-image"
        src="../photographs/2013-09-14_27/2013-09-23_072_large.webp"
      />
      <img
        alt="Andrey Pudov Little Russia"
        className="img-responsive gallery-image"
        src="../photographs/2013-09-14_27/2013-09-23_073_large.webp"
      />
      <img
        alt="Andrey Pudov Little Russia"
        className="img-responsive gallery-image"
        src="../photographs/2013-09-14_27/2013-09-23_074_large.webp"
      />
      <img
        alt="Andrey Pudov Little Russia"
        className="img-responsive gallery-image vertical"
        src="../photographs/2013-09-14_27/2013-09-23_075_large.webp"
      />
      <img
        alt="Andrey Pudov Little Russia"
        className="img-responsive gallery-image"
        src="../photographs/2013-09-14_27/2013-09-23_076_large.webp"
      />
      <img
        alt="Andrey Pudov Little Russia"
        className="img-responsive gallery-image"
        src="../photographs/2013-09-14_27/2013-09-23_077_large.webp"
      />
      <img
        alt="Andrey Pudov Little Russia"
        className="img-responsive gallery-image vertical"
        src="../photographs/2013-09-14_27/2013-09-23_078_large.webp"
      />
      <img
        alt="Andrey Pudov Little Russia"
        className="img-responsive gallery-image"
        src="../photographs/2013-09-14_27/2013-09-23_079_large.webp"
      />
      <img
        alt="Andrey Pudov Little Russia"
        className="img-responsive gallery-image"
        src="../photographs/2013-09-14_27/2013-09-23_081_large.webp"
      />
      <img
        alt="Andrey Pudov Little Russia"
        className="img-responsive gallery-image"
        src="../photographs/2013-09-14_27/2013-09-23_082_large.webp"
      />
      <img
        alt="Andrey Pudov Little Russia"
        className="img-responsive gallery-image"
        src="../photographs/2013-09-14_27/2013-09-23_083_large.webp"
      />
      <img
        alt="Andrey Pudov Little Russia"
        className="img-responsive gallery-image"
        src="../photographs/2013-09-14_27/2013-09-24_084_large.webp"
      />
      <img
        alt="Andrey Pudov Little Russia"
        className="img-responsive gallery-image vertical"
        src="../photographs/2013-09-14_27/2013-09-24_086_large.webp"
      />
      <img
        alt="Andrey Pudov Little Russia"
        className="img-responsive gallery-image"
        src="../photographs/2013-09-14_27/2013-09-24_089_large.webp"
      />
      <img
        alt="Andrey Pudov Little Russia"
        className="img-responsive gallery-image"
        src="../photographs/2013-09-14_27/2013-09-24_090_large.webp"
      />
      <img
        alt="Andrey Pudov Little Russia"
        className="img-responsive gallery-image vertical"
        src="../photographs/2013-09-14_27/2013-09-24_091_large.webp"
      />
      <img
        alt="Andrey Pudov Little Russia"
        className="img-responsive gallery-image"
        src="../photographs/2013-09-14_27/2013-09-25_093_large.webp"
      />
      <img
        alt="Andrey Pudov Little Russia"
        className="img-responsive gallery-image vertical"
        src="../photographs/2013-09-14_27/2013-09-25_094_large.webp"
      />
      <img
        alt="Andrey Pudov Little Russia"
        className="img-responsive gallery-image vertical"
        src="../photographs/2013-09-14_27/2013-09-25_096_large.webp"
      />
      <img
        alt="Andrey Pudov Little Russia"
        className="img-responsive gallery-image"
        src="../photographs/2013-09-14_27/2013-09-25_099_large.webp"
      />
      <img
        alt="Andrey Pudov Little Russia"
        className="img-responsive gallery-image"
        src="../photographs/2013-09-14_27/2013-09-26_102_large.webp"
      />
      <img
        alt="Andrey Pudov Little Russia"
        className="img-responsive gallery-image"
        src="../photographs/2013-09-14_27/2013-09-27_009_large.webp"
      />
      <img
        alt="Andrey Pudov Little Russia"
        className="img-responsive gallery-image"
        src="../photographs/2013-09-14_27/2013-09-27_067_large.webp"
      />
      <img
        alt="Andrey Pudov Little Russia"
        className="img-responsive gallery-image"
        src="../photographs/2013-09-14_27/2013-09-27_080_large.webp"
      />
      <img
        alt="Andrey Pudov Little Russia"
        className="img-responsive gallery-image"
        src="../photographs/2013-09-14_27/2013-09-27_085_large.webp"
      />
      <img
        alt="Andrey Pudov Little Russia"
        className="img-responsive gallery-image"
        src="../photographs/2013-09-14_27/2013-09-27_087_large.webp"
      />
      <img
        alt="Andrey Pudov Little Russia"
        className="img-responsive gallery-image vertical"
        src="../photographs/2013-09-14_27/2013-09-27_088_large.webp"
      />
      <img
        alt="Andrey Pudov Little Russia"
        className="img-responsive gallery-image"
        src="../photographs/2013-09-14_27/2013-09-27_092_large.webp"
      />
      <img
        alt="Andrey Pudov Little Russia"
        className="img-responsive gallery-image"
        src="../photographs/2013-09-14_27/2013-09-27_095_large.webp"
      />
      <img
        alt="Andrey Pudov Little Russia"
        className="img-responsive gallery-image"
        src="../photographs/2013-09-14_27/2013-09-27_097_large.webp"
      />
      <img
        alt="Andrey Pudov Little Russia"
        className="img-responsive gallery-image"
        src="../photographs/2013-09-14_27/2013-09-27_098_large.webp"
      />
      <img
        alt="Andrey Pudov Little Russia"
        className="img-responsive gallery-image"
        src="../photographs/2013-09-14_27/2013-09-27_100_large.webp"
      />
      <img
        alt="Andrey Pudov Little Russia"
        className="img-responsive gallery-image"
        src="../photographs/2013-09-14_27/2013-09-27_101_large.webp"
      />
      <img
        alt="Andrey Pudov Little Russia"
        className="img-responsive gallery-image"
        src="../photographs/2013-09-14_27/2013-09-27_103_large.webp"
      />
      <img
        alt="Andrey Pudov Little Russia"
        className="img-responsive gallery-image"
        src="../photographs/2013-09-14_27/2013-09-27_104_large.webp"
      />
      <img
        alt="Andrey Pudov Little Russia"
        className="img-responsive gallery-image"
        src="../photographs/2013-09-14_27/2013-09-27_105_large.webp"
      />
      <img
        alt="Andrey Pudov Little Russia"
        className="img-responsive gallery-image"
        src="../photographs/2013-09-14_27/2013-09-27_106_large.webp"
      />
      <img
        alt="Andrey Pudov Little Russia"
        className="img-responsive gallery-image"
        src="../photographs/2013-09-14_27/2013-09-27_107_large.webp"
      />
      <img
        alt="Andrey Pudov Little Russia"
        className="img-responsive gallery-image"
        src="../photographs/2013-09-14_27/2013-09-27_108_large.webp"
      />
      <img
        alt="Andrey Pudov Little Russia"
        className="img-responsive gallery-image"
        src="../photographs/2013-09-14_27/2013-09-27_109_large.webp"
      />
      <img
        alt="Andrey Pudov Little Russia"
        className="img-responsive gallery-image"
        src="../photographs/2013-09-14_27/2013-09-27_110_large.webp"
      />
      <img
        alt="Andrey Pudov Little Russia"
        className="img-responsive gallery-image"
        src="../photographs/2013-09-14_27/2013-09-27_111_large.webp"
      />
      <img
        alt="Andrey Pudov Little Russia"
        className="img-responsive gallery-image"
        src="../photographs/2013-09-14_27/2013-09-27_112_large.webp"
      />
      <img
        alt="Andrey Pudov Little Russia"
        className="img-responsive gallery-image"
        src="../photographs/2013-09-14_27/2013-09-27_113_large.webp"
      />
    </div>
  </main>
  <footer>
    <div
      className="container"
    >
      <hr
        className="footer-divider"
      />
      <ul
        className="piped-links float-end"
      >
        <li
          className="first piped-links-short"
        >
          <a
            href="/resume"
            onClick={[Function]}
          >
            About
          </a>
        </li>
        <li
          className="first piped-links-long"
        >
          <a
            href="/resume"
            onClick={[Function]}
          >
            About Andrey Pudov
          </a>
        </li>
        <li>
          <a
            href="/contact"
            onClick={[Function]}
          >
            Contact
          </a>
        </li>
      </ul>
      <ul
        className="piped-links"
      >
        <p
          className="piped-links-long"
        >
          Copyright © 2021 Andrey Pudov. All rights reserved.
        </p>
        <p
          className="piped-links-short"
        >
          © 2021 Andrey Pudov. All rights reserved.
        </p>
      </ul>
    </div>
    <script
      src="libraries/jquery/jquery-1.11.3.min.js"
    />
    <script
      src="libraries/bootstrap/js/collapse.js"
    />
    <script
      src="libraries/bootstrap/js/dropdown.js"
    />
    <script
      src="libraries/bootstrap/js/transition.js"
    />
    <script
      src="libraries/bootstrap/js/carousel.js"
    />
    <script
      src="scripts/init.js"
    />
  </footer>
</div>
`;
