// Jest Snapshot v1, https://goo.gl/fbAQLP

exports[`renders correctly 1`] = `
<div
  className="layout"
>
  <header>
    <div
      className="container"
    >
      <div
        className="navbar navbar-expand-md navbar-dark"
      >
        <div
          className="container-fluid"
        >
          <a
            className="navbar-brand mx-auto"
            href="/en/"
            onClick={[Function]}
          >
            Andrey Pudov
          </a>
          <button
            aria-controls="navbarMain"
            aria-expanded="false"
            aria-label="Toggle navigation"
            className="navbar-toggler"
            data-bs-target="#navbarMain"
            data-bs-toggle="collapse"
            type="button"
          >
            <span
              className="navbar-toggler-icon"
            />
          </button>
          <div
            className="collapse navbar-collapse justify-content-sm-center"
            id="navbarMain"
          >
            <ul
              className="navbar-nav"
            >
              <li
                className="nav-item"
              >
                <a
                  className="nav-link"
                  href="/en/albums/"
                  onClick={[Function]}
                >
                  Albums
                </a>
              </li>
              <li
                className="nav-item"
              >
                <a
                  className="nav-link"
                  href="/en/contents/"
                  onClick={[Function]}
                >
                  Contents
                </a>
              </li>
              <li
                className="nav-item"
              >
                <a
                  className="nav-link"
                  href="/en/resume/"
                  onClick={[Function]}
                >
                  Resume
                </a>
              </li>
              <li
                className="nav-item"
              >
                <a
                  className="nav-link"
                  href="/en/contact/"
                  onClick={[Function]}
                >
                  Contact
                </a>
              </li>
            </ul>
          </div>
        </div>
      </div>
    </div>
  </header>
  <main>
    <div
      className="container"
    >
      <h1>
        Montserrat
        <small
          className="text-muted"
        >
          Sunday, May 7, 2023
        </small>
      </h1>
      <figure>
        <img
          alt="Montserrat - Montserrat seen from Monistrol de Montserrat"
          className="img-responsive gallery-image vertical"
          src="/photographs/2023-05-07/2023-05-07_001.webp"
          title="Montserrat seen from Monistrol de Montserrat"
        />
        <figcaption
          className="image-caption vertical"
        >
          Montserrat seen from Monistrol de Montserrat
        </figcaption>
      </figure>
      <figure>
        <img
          alt="Montserrat - Montserrat is one of the greatest symbols of Catalonia, that from being a religious centre has become a bastion of Catalan identity, without ignoring the natural environment and its characteristic morphology and structure of rounded and abrupt rocks and needles."
          className="img-responsive gallery-image"
          src="/photographs/2023-05-07/2023-05-07_002.webp"
          title="Montserrat is one of the greatest symbols of Catalonia, that from being a religious centre has become a bastion of Catalan identity, without ignoring the natural environment and its characteristic morphology and structure of rounded and abrupt rocks and needles."
        />
        <figcaption
          className="image-caption"
        >
          Montserrat is one of the greatest symbols of Catalonia, that from being a religious centre has become a bastion of Catalan identity, without ignoring the natural environment and its characteristic morphology and structure of rounded and abrupt rocks and needles.
        </figcaption>
      </figure>
      <figure>
        <img
          alt="Montserrat - Pont Gòtic

The bridge over the Llobregat river dates from the fourteenth century"
          className="img-responsive gallery-image vertical"
          src="/photographs/2023-05-07/2023-05-07_003.webp"
          title="Pont Gòtic

The bridge over the Llobregat river dates from the fourteenth century"
        />
        <figcaption
          className="image-caption vertical"
        >
          Pont Gòtic

The bridge over the Llobregat river dates from the fourteenth century
        </figcaption>
      </figure>
      <figure>
        <img
          alt="Montserrat"
          className="img-responsive gallery-image vertical"
          src="/photographs/2023-05-07/2023-05-07_004.webp"
          title="Montserrat"
        />
      </figure>
      <figure>
        <img
          alt="Montserrat"
          className="img-responsive gallery-image"
          src="/photographs/2023-05-07/2023-05-07_005.webp"
          title="Montserrat"
        />
      </figure>
      <figure>
        <img
          alt="Montserrat - Santa Maria de Montserrat Abbey

An abbey of the Order of Saint Benedict it is notable for enshrining the image of the Virgin of Montserrat. The monastery was founded in the 11th century and rebuilt between the 19th and 20th centuries, and still functions to this day, with over 70 monks. There have always been roughly 80 monks in residence."
          className="img-responsive gallery-image"
          src="/photographs/2023-05-07/2023-05-07_006.webp"
          title="Santa Maria de Montserrat Abbey

An abbey of the Order of Saint Benedict it is notable for enshrining the image of the Virgin of Montserrat. The monastery was founded in the 11th century and rebuilt between the 19th and 20th centuries, and still functions to this day, with over 70 monks. There have always been roughly 80 monks in residence."
        />
        <figcaption
          className="image-caption"
        >
          Santa Maria de Montserrat Abbey

An abbey of the Order of Saint Benedict it is notable for enshrining the image of the Virgin of Montserrat. The monastery was founded in the 11th century and rebuilt between the 19th and 20th centuries, and still functions to this day, with over 70 monks. There have always been roughly 80 monks in residence.
        </figcaption>
      </figure>
      <figure>
        <img
          alt="Montserrat"
          className="img-responsive gallery-image vertical"
          src="/photographs/2023-05-07/2023-05-07_007.webp"
          title="Montserrat"
        />
      </figure>
      <figure>
        <img
          alt="Montserrat - New facade, work of Francesc Folguera"
          className="img-responsive gallery-image vertical"
          src="/photographs/2023-05-07/2023-05-07_008.webp"
          title="New facade, work of Francesc Folguera"
        />
        <figcaption
          className="image-caption vertical"
        >
          New facade, work of Francesc Folguera
        </figcaption>
      </figure>
      <figure>
        <img
          alt="Montserrat - Monestir de Montserrat and Roca de St. Jaume"
          className="img-responsive gallery-image vertical"
          src="/photographs/2023-05-07/2023-05-07_009.webp"
          title="Monestir de Montserrat and Roca de St. Jaume"
        />
        <figcaption
          className="image-caption vertical"
        >
          Monestir de Montserrat and Roca de St. Jaume
        </figcaption>
      </figure>
      <figure>
        <img
          alt="Montserrat"
          className="img-responsive gallery-image vertical"
          src="/photographs/2023-05-07/2023-05-07_010.webp"
          title="Montserrat"
        />
      </figure>
      <figure>
        <img
          alt="Montserrat"
          className="img-responsive gallery-image vertical"
          src="/photographs/2023-05-07/2023-05-07_011.webp"
          title="Montserrat"
        />
      </figure>
      <figure>
        <img
          alt="Montserrat"
          className="img-responsive gallery-image"
          src="/photographs/2023-05-07/2023-05-07_012.webp"
          title="Montserrat"
        />
      </figure>
      <figure>
        <img
          alt="Montserrat - The massif, some 10 kilometres long and 5 kilometres wide, reaches the limits of the regions of Bages, Baix Llobregat and Anoia, and the Natural Park occupies 3,630 hectares of the municipalities of Bruc (Anoia), Marganell and Monistrol de Montserrat (Bages) and Collbató (Baix Llobregat), with almost 2,000 of these hectares as a nature reserve. An additional area of 4,039 hectares is catalogued as a protected zone, with part of the municipalities of Castellbell and El Vilar (Bages), Esparreguera (Baix Llobregat) and Vacarisses (Vallès Occidental)."
          className="img-responsive gallery-image"
          src="/photographs/2023-05-07/2023-05-07_013.webp"
          title="The massif, some 10 kilometres long and 5 kilometres wide, reaches the limits of the regions of Bages, Baix Llobregat and Anoia, and the Natural Park occupies 3,630 hectares of the municipalities of Bruc (Anoia), Marganell and Monistrol de Montserrat (Bages) and Collbató (Baix Llobregat), with almost 2,000 of these hectares as a nature reserve. An additional area of 4,039 hectares is catalogued as a protected zone, with part of the municipalities of Castellbell and El Vilar (Bages), Esparreguera (Baix Llobregat) and Vacarisses (Vallès Occidental)."
        />
        <figcaption
          className="image-caption"
        >
          The massif, some 10 kilometres long and 5 kilometres wide, reaches the limits of the regions of Bages, Baix Llobregat and Anoia, and the Natural Park occupies 3,630 hectares of the municipalities of Bruc (Anoia), Marganell and Monistrol de Montserrat (Bages) and Collbató (Baix Llobregat), with almost 2,000 of these hectares as a nature reserve. An additional area of 4,039 hectares is catalogued as a protected zone, with part of the municipalities of Castellbell and El Vilar (Bages), Esparreguera (Baix Llobregat) and Vacarisses (Vallès Occidental).
        </figcaption>
      </figure>
      <figure>
        <img
          alt="Montserrat"
          className="img-responsive gallery-image"
          src="/photographs/2023-05-07/2023-05-07_014.webp"
          title="Montserrat"
        />
      </figure>
      <figure>
        <img
          alt="Montserrat"
          className="img-responsive gallery-image vertical"
          src="/photographs/2023-05-07/2023-05-07_015.webp"
          title="Montserrat"
        />
      </figure>
      <figure>
        <img
          alt="Montserrat - The highest summit of Montserrat is called Sant Jeroni and stands at 1,236 meters above sea-level. It is accessible by hiking trails which connect from the top entrance to the Sant Joan funicular, the monastery, or the base of the mountain."
          className="img-responsive gallery-image"
          src="/photographs/2023-05-07/2023-05-07_016.webp"
          title="The highest summit of Montserrat is called Sant Jeroni and stands at 1,236 meters above sea-level. It is accessible by hiking trails which connect from the top entrance to the Sant Joan funicular, the monastery, or the base of the mountain."
        />
        <figcaption
          className="image-caption"
        >
          The highest summit of Montserrat is called Sant Jeroni and stands at 1,236 meters above sea-level. It is accessible by hiking trails which connect from the top entrance to the Sant Joan funicular, the monastery, or the base of the mountain.
        </figcaption>
      </figure>
      <figure>
        <img
          alt="Montserrat"
          className="img-responsive gallery-image vertical"
          src="/photographs/2023-05-07/2023-05-07_017.webp"
          title="Montserrat"
        />
      </figure>
      <figure>
        <img
          alt="Montserrat"
          className="img-responsive gallery-image"
          src="/photographs/2023-05-07/2023-05-07_018.webp"
          title="Montserrat"
        />
      </figure>
      <figure>
        <img
          alt="Montserrat - Panorama of the view from the Sant Jeroni summit of Montserrat"
          className="img-responsive gallery-image"
          src="/photographs/2023-05-07/2023-05-07_019.webp"
          title="Panorama of the view from the Sant Jeroni summit of Montserrat"
        />
        <figcaption
          className="image-caption"
        >
          Panorama of the view from the Sant Jeroni summit of Montserrat
        </figcaption>
      </figure>
      <figure>
        <img
          alt="Montserrat"
          className="img-responsive gallery-image vertical"
          src="/photographs/2023-05-07/2023-05-07_020.webp"
          title="Montserrat"
        />
      </figure>
      <figure>
        <img
          alt="Montserrat"
          className="img-responsive gallery-image"
          src="/photographs/2023-05-07/2023-05-07_021.webp"
          title="Montserrat"
        />
      </figure>
      <figure>
        <img
          alt="Montserrat"
          className="img-responsive gallery-image"
          src="/photographs/2023-05-07/2023-05-07_022.webp"
          title="Montserrat"
        />
      </figure>
      <figure>
        <img
          alt="Montserrat"
          className="img-responsive gallery-image vertical"
          src="/photographs/2023-05-07/2023-05-07_023.webp"
          title="Montserrat"
        />
      </figure>
      <figure>
        <img
          alt="Montserrat"
          className="img-responsive gallery-image"
          src="/photographs/2023-05-07/2023-05-07_024.webp"
          title="Montserrat"
        />
      </figure>
      <figure>
        <img
          alt="Montserrat - Montserrat does not have a particularly rich fauna due to the human presence, which has led to the disappearance of the larger species, accelerated by the fire of 1986. The animal population on Montserrat is typically Mediterranean, with mammals such as wild boar, squirrels, beech marten, common genet, Spanish ibex (which were introduced in 1995), various species of reptile, numerous rock-dwelling birds (such as the swift, crag martin or the warbler) and forest-dwelling birds (thrush, firecrest, pigeons and Orphean warbler)."
          className="img-responsive gallery-image vertical"
          src="/photographs/2023-05-07/2023-05-07_025.webp"
          title="Montserrat does not have a particularly rich fauna due to the human presence, which has led to the disappearance of the larger species, accelerated by the fire of 1986. The animal population on Montserrat is typically Mediterranean, with mammals such as wild boar, squirrels, beech marten, common genet, Spanish ibex (which were introduced in 1995), various species of reptile, numerous rock-dwelling birds (such as the swift, crag martin or the warbler) and forest-dwelling birds (thrush, firecrest, pigeons and Orphean warbler)."
        />
        <figcaption
          className="image-caption vertical"
        >
          Montserrat does not have a particularly rich fauna due to the human presence, which has led to the disappearance of the larger species, accelerated by the fire of 1986. The animal population on Montserrat is typically Mediterranean, with mammals such as wild boar, squirrels, beech marten, common genet, Spanish ibex (which were introduced in 1995), various species of reptile, numerous rock-dwelling birds (such as the swift, crag martin or the warbler) and forest-dwelling birds (thrush, firecrest, pigeons and Orphean warbler).
        </figcaption>
      </figure>
      <figure>
        <img
          alt="Montserrat"
          className="img-responsive gallery-image"
          src="/photographs/2023-05-07/2023-05-07_026.webp"
          title="Montserrat"
        />
      </figure>
      <figure>
        <img
          alt="Montserrat"
          className="img-responsive gallery-image"
          src="/photographs/2023-05-07/2023-05-07_027.webp"
          title="Montserrat"
        />
      </figure>
      <figure>
        <img
          alt="Montserrat - Rock Formations on Montserrat Mountain"
          className="img-responsive gallery-image"
          src="/photographs/2023-05-07/2023-05-07_028.webp"
          title="Rock Formations on Montserrat Mountain"
        />
        <figcaption
          className="image-caption"
        >
          Rock Formations on Montserrat Mountain
        </figcaption>
      </figure>
      <figure>
        <img
          alt="Montserrat"
          className="img-responsive gallery-image"
          src="/photographs/2023-05-07/2023-05-07_029.webp"
          title="Montserrat"
        />
      </figure>
      <figure>
        <img
          alt="Montserrat"
          className="img-responsive gallery-image"
          src="/photographs/2023-05-07/2023-05-07_030.webp"
          title="Montserrat"
        />
      </figure>
      <figure>
        <img
          alt="Montserrat"
          className="img-responsive gallery-image vertical"
          src="/photographs/2023-05-07/2023-05-07_031.webp"
          title="Montserrat"
        />
      </figure>
      <figure>
        <img
          alt="Montserrat"
          className="img-responsive gallery-image"
          src="/photographs/2023-05-07/2023-05-07_032.webp"
          title="Montserrat"
        />
      </figure>
      <figure>
        <img
          alt="Montserrat"
          className="img-responsive gallery-image"
          src="/photographs/2023-05-07/2023-05-07_033.webp"
          title="Montserrat"
        />
      </figure>
      <figure>
        <img
          alt="Montserrat"
          className="img-responsive gallery-image vertical"
          src="/photographs/2023-05-07/2023-05-07_034.webp"
          title="Montserrat"
        />
      </figure>
    </div>
  </main>
  <footer>
    <div
      className="container"
    >
      <hr
        className="footer-divider"
      />
      <ul
        className="piped-links float-end"
      >
        <li
          className="first piped-links-short"
        >
          <a
            href="/en/resume/"
            onClick={[Function]}
          >
            About
          </a>
        </li>
        <li
          className="first piped-links-long"
        >
          <a
            href="/en/resume/"
            onClick={[Function]}
          >
            About Andrey Pudov
          </a>
        </li>
        <li>
          <a
            href="/en/contact/"
            onClick={[Function]}
          >
            Contact
          </a>
        </li>
      </ul>
      <ul
        className="piped-links"
      >
        <p
          className="piped-links-long"
        >
          Copyright © 2023 Andrey Pudov. All rights reserved.
        </p>
        <p
          className="piped-links-short"
        >
          © 2023 Andrey Pudov. All rights reserved.
        </p>
      </ul>
    </div>
  </footer>
</div>
`;
