// Jest Snapshot v1, https://goo.gl/fbAQLP

exports[`renders correctly 1`] = `
<div
  className="layout"
>
  <header>
    <div
      className="container"
    >
      <div
        className="navbar navbar-expand-lg navbar-dark"
      >
        <div
          className="container-fluid"
        >
          <button
            aria-controls="navbarMain"
            aria-expanded="false"
            aria-label="Toggle navigation"
            className="navbar-toggler"
            data-bs-target="#navbarMain"
            data-bs-toggle="collapse"
            type="button"
          >
            <span
              className="navbar-toggler-icon"
            />
          </button>
          <div
            className="collapse navbar-collapse justify-content-md-center"
            id="navbarMain"
          >
            <ul
              className="navbar-nav"
            >
              <li
                className="nav-item"
              >
                <a
                  className="nav-link"
                  href="/"
                  onClick={[Function]}
                >
                  Andrey Pudov
                </a>
              </li>
              <li
                className="nav-item"
              >
                <a
                  className="nav-link"
                  href="/albums"
                  onClick={[Function]}
                >
                  Albums
                </a>
              </li>
              <li
                className="nav-item"
              >
                <a
                  className="nav-link"
                  href="/contents"
                  onClick={[Function]}
                >
                  Contents
                </a>
              </li>
              <li
                className="nav-item"
              >
                <a
                  className="nav-link"
                  href="/resume"
                  onClick={[Function]}
                >
                  Resume
                </a>
              </li>
              <li
                className="nav-item"
              >
                <a
                  className="nav-link"
                  href="/contact"
                  onClick={[Function]}
                >
                  Contact
                </a>
              </li>
            </ul>
          </div>
        </div>
      </div>
    </div>
  </header>
  <main>
    <div
      className="container"
    >
      <h1>
        Nizhny Novgorod
        <small
          className="text-muted"
        >
          Tuesday, July 16, 2019
        </small>
      </h1>
      <img
        alt="Andrey Pudov Nizhny Novgorod"
        className="img-responsive gallery-image vertical"
        src="../albums/2019-07-16/2019-07-16_001.jpg"
      />
      <img
        alt="Andrey Pudov Nizhny Novgorod"
        className="img-responsive gallery-image vertical"
        src="../albums/2019-07-16/2019-07-16_002.jpg"
      />
      <img
        alt="Andrey Pudov Nizhny Novgorod"
        className="img-responsive gallery-image "
        src="../albums/2018-04-19/2018-04-19_001.jpg"
      />
      <img
        alt="Andrey Pudov Nizhny Novgorod"
        className="img-responsive gallery-image "
        src="../albums/2018-04-19/2018-04-19_002.jpg"
      />
      <img
        alt="Andrey Pudov Nizhny Novgorod"
        className="img-responsive gallery-image "
        src="../albums/2014-10-19/2014-10-19_001_large.jpg"
      />
      <img
        alt="Andrey Pudov Nizhny Novgorod"
        className="img-responsive gallery-image "
        src="../albums/2014-10-19/2014-10-19_002_large.jpg"
      />
      <img
        alt="Andrey Pudov Nizhny Novgorod"
        className="img-responsive gallery-image "
        src="../albums/2014-10-19/2014-10-19_003_large.jpg"
      />
      <img
        alt="Andrey Pudov Nizhny Novgorod"
        className="img-responsive gallery-image vertical"
        src="../albums/2014-10-19/2014-10-19_004_large.jpg"
      />
      <img
        alt="Andrey Pudov Nizhny Novgorod"
        className="img-responsive gallery-image "
        src="../albums/2014-10-19/2014-10-19_005_large.jpg"
      />
      <img
        alt="Andrey Pudov Nizhny Novgorod"
        className="img-responsive gallery-image "
        src="../albums/2014-10-19/2014-10-19_006_large.jpg"
      />
      <img
        alt="Andrey Pudov Nizhny Novgorod"
        className="img-responsive gallery-image vertical"
        src="../albums/2014-10-19/2014-10-19_007_large.jpg"
      />
      <img
        alt="Andrey Pudov Nizhny Novgorod"
        className="img-responsive gallery-image vertical"
        src="../albums/2014-10-19/2014-10-19_008_large.jpg"
      />
      <img
        alt="Andrey Pudov Nizhny Novgorod"
        className="img-responsive gallery-image vertical"
        src="../albums/2014-10-19/2014-10-19_009_large.jpg"
      />
      <img
        alt="Andrey Pudov Nizhny Novgorod"
        className="img-responsive gallery-image "
        src="../albums/2014-10-19/2014-10-19_010_large.jpg"
      />
      <img
        alt="Andrey Pudov Nizhny Novgorod"
        className="img-responsive gallery-image "
        src="../albums/2014-10-19/2014-10-19_011_large.jpg"
      />
      <img
        alt="Andrey Pudov Nizhny Novgorod"
        className="img-responsive gallery-image "
        src="../albums/2014-10-19/2014-10-19_012_large.jpg"
      />
    </div>
  </main>
  <footer>
    <div
      className="container"
    >
      <hr
        className="footer-divider"
      />
      <ul
        className="piped-links float-end"
      >
        <li
          className="first piped-links-short"
        >
          <a
            href="/resume"
            onClick={[Function]}
          >
            About
          </a>
        </li>
        <li
          className="first piped-links-long"
        >
          <a
            href="/resume"
            onClick={[Function]}
          >
            About Andrey Pudov
          </a>
        </li>
        <li>
          <a
            href="/contact"
            onClick={[Function]}
          >
            Contact
          </a>
        </li>
      </ul>
      <ul
        className="piped-links"
      >
        <p
          className="piped-links-long"
        >
          Copyright © 2021 Andrey Pudov. All rights reserved.
        </p>
      </ul>
      <p
        className="piped-links-short"
      >
        © 2021 Andrey Pudov. All rights reserved.
      </p>
    </div>
    <script
      src="libraries/jquery/jquery-1.11.3.min.js"
    />
    <script
      src="libraries/bootstrap/js/collapse.js"
    />
    <script
      src="libraries/bootstrap/js/dropdown.js"
    />
    <script
      src="libraries/bootstrap/js/transition.js"
    />
    <script
      src="libraries/bootstrap/js/carousel.js"
    />
    <script
      src="scripts/init.js"
    />
  </footer>
</div>
`;
