// Jest Snapshot v1, https://goo.gl/fbAQLP

exports[`renders correctly 1`] = `
<div
  className="layout"
>
  <header>
    <div
      className="container"
    >
      <div
        className="navbar navbar-expand-md navbar-dark"
      >
        <div
          className="container-fluid"
        >
          <a
            className="navbar-brand mx-auto"
            href="/"
            onClick={[Function]}
          >
            Andrey Pudov
          </a>
          <button
            aria-controls="navbarMain"
            aria-expanded="false"
            aria-label="Toggle navigation"
            className="navbar-toggler"
            data-bs-target="#navbarMain"
            data-bs-toggle="collapse"
            type="button"
          >
            <span
              className="navbar-toggler-icon"
            />
          </button>
          <div
            className="collapse navbar-collapse justify-content-sm-center"
            id="navbarMain"
          >
            <ul
              className="navbar-nav"
            >
              <li
                className="nav-item"
              >
                <a
                  className="nav-link"
                  href="/albums/"
                  onClick={[Function]}
                >
                  Albums
                </a>
              </li>
              <li
                className="nav-item"
              >
                <a
                  className="nav-link"
                  href="/contents/"
                  onClick={[Function]}
                >
                  Contents
                </a>
              </li>
              <li
                className="nav-item"
              >
                <a
                  className="nav-link"
                  href="/resume/"
                  onClick={[Function]}
                >
                  Resume
                </a>
              </li>
              <li
                className="nav-item"
              >
                <a
                  className="nav-link"
                  href="/contact/"
                  onClick={[Function]}
                >
                  Contact
                </a>
              </li>
            </ul>
          </div>
        </div>
      </div>
    </div>
  </header>
  <main>
    <div
      className="container"
    >
      <h1>
        Pei Pei. Weekend in Madrid
        <small
          className="text-muted"
        >
          Tuesday, April 30, 2024
        </small>
      </h1>
      <figure>
        <img
          alt="Pei Pei. Weekend in Madrid"
          className="img-responsive gallery-image"
          src="/photographs/2024-04-10_30/2024-04-10_30_001.webp"
          title="Pei Pei. Weekend in Madrid"
        />
      </figure>
      <figure>
        <img
          alt="Pei Pei. Weekend in Madrid"
          className="img-responsive gallery-image vertical"
          src="/photographs/2024-04-10_30/2024-04-10_30_002.webp"
          title="Pei Pei. Weekend in Madrid"
        />
      </figure>
      <figure>
        <img
          alt="Pei Pei. Weekend in Madrid"
          className="img-responsive gallery-image"
          src="/photographs/2024-04-10_30/2024-04-10_30_003.webp"
          title="Pei Pei. Weekend in Madrid"
        />
      </figure>
      <figure>
        <img
          alt="Pei Pei. Weekend in Madrid"
          className="img-responsive gallery-image"
          src="/photographs/2024-04-10_30/2024-04-10_30_004.webp"
          title="Pei Pei. Weekend in Madrid"
        />
      </figure>
      <figure>
        <img
          alt="Pei Pei. Weekend in Madrid"
          className="img-responsive gallery-image vertical"
          src="/photographs/2024-04-10_30/2024-04-10_30_005.webp"
          title="Pei Pei. Weekend in Madrid"
        />
      </figure>
      <figure>
        <img
          alt="Pei Pei. Weekend in Madrid"
          className="img-responsive gallery-image vertical"
          src="/photographs/2024-04-10_30/2024-04-10_30_006.webp"
          title="Pei Pei. Weekend in Madrid"
        />
      </figure>
      <figure>
        <img
          alt="Pei Pei. Weekend in Madrid"
          className="img-responsive gallery-image vertical"
          src="/photographs/2024-04-10_30/2024-04-10_30_007.webp"
          title="Pei Pei. Weekend in Madrid"
        />
      </figure>
      <figure>
        <img
          alt="Pei Pei. Weekend in Madrid"
          className="img-responsive gallery-image vertical"
          src="/photographs/2024-04-10_30/2024-04-10_30_008.webp"
          title="Pei Pei. Weekend in Madrid"
        />
      </figure>
      <figure>
        <img
          alt="Pei Pei. Weekend in Madrid"
          className="img-responsive gallery-image"
          src="/photographs/2024-04-10_30/2024-04-10_30_009.webp"
          title="Pei Pei. Weekend in Madrid"
        />
      </figure>
      <figure>
        <img
          alt="Pei Pei. Weekend in Madrid"
          className="img-responsive gallery-image vertical"
          src="/photographs/2024-04-10_30/2024-04-10_30_010.webp"
          title="Pei Pei. Weekend in Madrid"
        />
      </figure>
      <figure>
        <img
          alt="Pei Pei. Weekend in Madrid"
          className="img-responsive gallery-image"
          src="/photographs/2024-04-10_30/2024-04-10_30_011.webp"
          title="Pei Pei. Weekend in Madrid"
        />
      </figure>
      <figure>
        <img
          alt="Pei Pei. Weekend in Madrid"
          className="img-responsive gallery-image vertical"
          src="/photographs/2024-04-10_30/2024-04-10_30_012.webp"
          title="Pei Pei. Weekend in Madrid"
        />
      </figure>
      <figure>
        <img
          alt="Pei Pei. Weekend in Madrid"
          className="img-responsive gallery-image vertical"
          src="/photographs/2024-04-10_30/2024-04-10_30_013.webp"
          title="Pei Pei. Weekend in Madrid"
        />
      </figure>
      <figure>
        <img
          alt="Pei Pei. Weekend in Madrid"
          className="img-responsive gallery-image vertical"
          src="/photographs/2024-04-10_30/2024-04-10_30_014.webp"
          title="Pei Pei. Weekend in Madrid"
        />
      </figure>
      <figure>
        <img
          alt="Pei Pei. Weekend in Madrid"
          className="img-responsive gallery-image vertical"
          src="/photographs/2024-04-10_30/2024-04-10_30_015.webp"
          title="Pei Pei. Weekend in Madrid"
        />
      </figure>
      <figure>
        <img
          alt="Pei Pei. Weekend in Madrid"
          className="img-responsive gallery-image vertical"
          src="/photographs/2024-04-10_30/2024-04-10_30_016.webp"
          title="Pei Pei. Weekend in Madrid"
        />
      </figure>
      <figure>
        <img
          alt="Pei Pei. Weekend in Madrid"
          className="img-responsive gallery-image"
          src="/photographs/2024-04-10_30/2024-04-10_30_017.webp"
          title="Pei Pei. Weekend in Madrid"
        />
      </figure>
      <figure>
        <img
          alt="Pei Pei. Weekend in Madrid"
          className="img-responsive gallery-image"
          src="/photographs/2024-04-10_30/2024-04-10_30_018.webp"
          title="Pei Pei. Weekend in Madrid"
        />
      </figure>
      <figure>
        <img
          alt="Pei Pei. Weekend in Madrid"
          className="img-responsive gallery-image vertical"
          src="/photographs/2024-04-10_30/2024-04-10_30_019.webp"
          title="Pei Pei. Weekend in Madrid"
        />
      </figure>
      <figure>
        <img
          alt="Pei Pei. Weekend in Madrid"
          className="img-responsive gallery-image vertical"
          src="/photographs/2024-04-10_30/2024-04-10_30_020.webp"
          title="Pei Pei. Weekend in Madrid"
        />
      </figure>
      <figure>
        <img
          alt="Pei Pei. Weekend in Madrid"
          className="img-responsive gallery-image vertical"
          src="/photographs/2024-04-10_30/2024-04-10_30_021.webp"
          title="Pei Pei. Weekend in Madrid"
        />
      </figure>
      <figure>
        <img
          alt="Pei Pei. Weekend in Madrid"
          className="img-responsive gallery-image vertical"
          src="/photographs/2024-04-10_30/2024-04-10_30_022.webp"
          title="Pei Pei. Weekend in Madrid"
        />
      </figure>
      <figure>
        <img
          alt="Pei Pei. Weekend in Madrid"
          className="img-responsive gallery-image vertical"
          src="/photographs/2024-04-10_30/2024-04-10_30_023.webp"
          title="Pei Pei. Weekend in Madrid"
        />
      </figure>
      <figure>
        <img
          alt="Pei Pei. Weekend in Madrid"
          className="img-responsive gallery-image vertical"
          src="/photographs/2024-04-10_30/2024-04-10_30_024.webp"
          title="Pei Pei. Weekend in Madrid"
        />
      </figure>
    </div>
  </main>
  <footer>
    <div
      className="container"
    >
      <hr
        className="footer-divider"
      />
      <ul
        className="piped-links float-end"
      >
        <li
          className="first piped-links-short"
        >
          <a
            href="/resume/"
            onClick={[Function]}
          >
            About
          </a>
        </li>
        <li
          className="first piped-links-long"
        >
          <a
            href="/resume/"
            onClick={[Function]}
          >
            About Andrey Pudov
          </a>
        </li>
        <li>
          <a
            href="/contact/"
            onClick={[Function]}
          >
            Contact
          </a>
        </li>
      </ul>
      <ul
        className="piped-links"
      >
        <p
          className="piped-links-long"
        >
          Copyright © 2025 Andrey Pudov. All rights reserved.
        </p>
        <p
          className="piped-links-short"
        >
          © 2025 Andrey Pudov. All rights reserved.
        </p>
      </ul>
    </div>
  </footer>
</div>
`;
