// Jest Snapshot v1, https://goo.gl/fbAQLP

exports[`renders correctly 1`] = `
<div
  className="layout"
>
  <header>
    <div
      className="container"
    >
      <div
        className="navbar navbar-expand-md navbar-dark"
      >
        <div
          className="container-fluid"
        >
          <a
            className="navbar-brand mx-auto"
            href="/"
            onClick={[Function]}
          >
            Andrey Pudov
          </a>
          <button
            aria-controls="navbarMain"
            aria-expanded="false"
            aria-label="Toggle navigation"
            className="navbar-toggler"
            data-bs-target="#navbarMain"
            data-bs-toggle="collapse"
            type="button"
          >
            <span
              className="navbar-toggler-icon"
            />
          </button>
          <div
            className="collapse navbar-collapse justify-content-sm-center"
            id="navbarMain"
          >
            <ul
              className="navbar-nav"
            >
              <li
                className="nav-item"
              >
                <a
                  className="nav-link"
                  href="/albums"
                  onClick={[Function]}
                >
                  Albums
                </a>
              </li>
              <li
                className="nav-item"
              >
                <a
                  className="nav-link"
                  href="/contents"
                  onClick={[Function]}
                >
                  Contents
                </a>
              </li>
              <li
                className="nav-item"
              >
                <a
                  className="nav-link"
                  href="/resume"
                  onClick={[Function]}
                >
                  Resume
                </a>
              </li>
              <li
                className="nav-item"
              >
                <a
                  className="nav-link"
                  href="/contact"
                  onClick={[Function]}
                >
                  Contact
                </a>
              </li>
            </ul>
          </div>
        </div>
      </div>
    </div>
  </header>
  <main>
    <div
      className="container"
    >
      <h1>
        Rekshino
        <small
          className="text-muted"
        >
          Saturday, October 26, 2019
        </small>
      </h1>
      <img
        alt="Andrey Pudov Rekshino"
        className="img-responsive gallery-image"
        src="../albums/2019-10-26/2019-10-26_001.jpg"
      />
      <img
        alt="Andrey Pudov Rekshino"
        className="img-responsive gallery-image"
        src="../albums/2019-10-26/2019-10-26_002.jpg"
      />
      <img
        alt="Andrey Pudov Rekshino"
        className="img-responsive gallery-image vertical"
        src="../albums/2019-10-26/2019-10-26_003.jpg"
      />
      <img
        alt="Andrey Pudov Rekshino"
        className="img-responsive gallery-image"
        src="../albums/2019-10-26/2019-10-26_004.jpg"
      />
      <img
        alt="Andrey Pudov Rekshino"
        className="img-responsive gallery-image vertical"
        src="../albums/2019-10-26/2019-10-26_005.jpg"
      />
      <img
        alt="Andrey Pudov Rekshino"
        className="img-responsive gallery-image"
        src="../albums/2019-10-26/2019-10-26_006.jpg"
      />
      <img
        alt="Andrey Pudov Rekshino"
        className="img-responsive gallery-image"
        src="../albums/2019-10-26/2019-10-26_007.jpg"
      />
      <img
        alt="Andrey Pudov Rekshino"
        className="img-responsive gallery-image"
        src="../albums/2019-10-26/2019-10-26_008.jpg"
      />
      <img
        alt="Andrey Pudov Rekshino"
        className="img-responsive gallery-image"
        src="../albums/2019-10-26/2019-10-26_009.jpg"
      />
      <img
        alt="Andrey Pudov Rekshino"
        className="img-responsive gallery-image vertical"
        src="../albums/2019-10-26/2019-10-26_010.jpg"
      />
      <img
        alt="Andrey Pudov Rekshino"
        className="img-responsive gallery-image"
        src="../albums/2019-10-26/2019-10-26_011.jpg"
      />
      <img
        alt="Andrey Pudov Rekshino"
        className="img-responsive gallery-image"
        src="../albums/2019-10-26/2019-10-26_012.jpg"
      />
    </div>
  </main>
  <footer>
    <div
      className="container"
    >
      <hr
        className="footer-divider"
      />
      <ul
        className="piped-links float-end"
      >
        <li
          className="first piped-links-short"
        >
          <a
            href="/resume"
            onClick={[Function]}
          >
            About
          </a>
        </li>
        <li
          className="first piped-links-long"
        >
          <a
            href="/resume"
            onClick={[Function]}
          >
            About Andrey Pudov
          </a>
        </li>
        <li>
          <a
            href="/contact"
            onClick={[Function]}
          >
            Contact
          </a>
        </li>
      </ul>
      <ul
        className="piped-links"
      >
        <p
          className="piped-links-long"
        >
          Copyright © 2021 Andrey Pudov. All rights reserved.
        </p>
        <p
          className="piped-links-short"
        >
          © 2021 Andrey Pudov. All rights reserved.
        </p>
      </ul>
    </div>
    <script
      src="libraries/jquery/jquery-1.11.3.min.js"
    />
    <script
      src="libraries/bootstrap/js/collapse.js"
    />
    <script
      src="libraries/bootstrap/js/dropdown.js"
    />
    <script
      src="libraries/bootstrap/js/transition.js"
    />
    <script
      src="libraries/bootstrap/js/carousel.js"
    />
    <script
      src="scripts/init.js"
    />
  </footer>
</div>
`;
