// Jest Snapshot v1, https://goo.gl/fbAQLP

exports[`renders correctly 1`] = `
<div
  className="layout"
>
  <header>
    <div
      className="container"
    >
      <div
        className="navbar navbar-expand-md navbar-dark"
      >
        <div
          className="container-fluid"
        >
          <a
            className="navbar-brand mx-auto"
            href="/"
            onClick={[Function]}
          >
            Andrey Pudov
          </a>
          <button
            aria-controls="navbarMain"
            aria-expanded="false"
            aria-label="Toggle navigation"
            className="navbar-toggler"
            data-bs-target="#navbarMain"
            data-bs-toggle="collapse"
            type="button"
          >
            <span
              className="navbar-toggler-icon"
            />
          </button>
          <div
            className="collapse navbar-collapse justify-content-sm-center"
            id="navbarMain"
          >
            <ul
              className="navbar-nav"
            >
              <li
                className="nav-item"
              >
                <a
                  className="nav-link"
                  href="/albums"
                  onClick={[Function]}
                >
                  Albums
                </a>
              </li>
              <li
                className="nav-item"
              >
                <a
                  className="nav-link"
                  href="/contents"
                  onClick={[Function]}
                >
                  Contents
                </a>
              </li>
              <li
                className="nav-item"
              >
                <a
                  className="nav-link"
                  href="/resume"
                  onClick={[Function]}
                >
                  Resume
                </a>
              </li>
              <li
                className="nav-item"
              >
                <a
                  className="nav-link"
                  href="/contact"
                  onClick={[Function]}
                >
                  Contact
                </a>
              </li>
            </ul>
          </div>
        </div>
      </div>
    </div>
  </header>
  <main>
    <div
      className="container"
    >
      <h1>
        Tatyana Bysheva
        <small
          className="text-muted"
        >
          Friday, July 27, 2018
        </small>
      </h1>
      <figure>
        <img
          alt="Tatyana Bysheva"
          className="img-responsive gallery-image vertical"
          src="/photographs/2018-07-27/2018-07-27_001.webp"
        />
      </figure>
      <figure>
        <img
          alt="Tatyana Bysheva"
          className="img-responsive gallery-image vertical"
          src="/photographs/2018-07-27/2018-07-27_002.webp"
        />
      </figure>
      <figure>
        <img
          alt="Tatyana Bysheva"
          className="img-responsive gallery-image vertical"
          src="/photographs/2018-07-27/2018-07-27_003.webp"
        />
      </figure>
      <figure>
        <img
          alt="Tatyana Bysheva"
          className="img-responsive gallery-image vertical"
          src="/photographs/2018-07-27/2018-07-27_004.webp"
        />
      </figure>
      <figure>
        <img
          alt="Tatyana Bysheva"
          className="img-responsive gallery-image vertical"
          src="/photographs/2018-07-27/2018-07-27_005.webp"
        />
      </figure>
      <figure>
        <img
          alt="Tatyana Bysheva"
          className="img-responsive gallery-image vertical"
          src="/photographs/2018-07-27/2018-07-27_006.webp"
        />
      </figure>
      <figure>
        <img
          alt="Tatyana Bysheva"
          className="img-responsive gallery-image"
          src="/photographs/2017-07-22/2017-07-22_001.webp"
        />
      </figure>
      <figure>
        <img
          alt="Tatyana Bysheva"
          className="img-responsive gallery-image"
          src="/photographs/2017-07-22/2017-07-22_004.webp"
        />
      </figure>
      <figure>
        <img
          alt="Tatyana Bysheva"
          className="img-responsive gallery-image vertical"
          src="/photographs/2017-07-22/2017-07-22_005.webp"
        />
      </figure>
      <figure>
        <img
          alt="Tatyana Bysheva"
          className="img-responsive gallery-image vertical"
          src="/photographs/2017-07-22/2017-07-22_006.webp"
        />
      </figure>
    </div>
  </main>
  <footer>
    <div
      className="container"
    >
      <hr
        className="footer-divider"
      />
      <ul
        className="piped-links float-end"
      >
        <li
          className="first piped-links-short"
        >
          <a
            href="/resume"
            onClick={[Function]}
          >
            About
          </a>
        </li>
        <li
          className="first piped-links-long"
        >
          <a
            href="/resume"
            onClick={[Function]}
          >
            About Andrey Pudov
          </a>
        </li>
        <li>
          <a
            href="/contact"
            onClick={[Function]}
          >
            Contact
          </a>
        </li>
      </ul>
      <ul
        className="piped-links"
      >
        <p
          className="piped-links-long"
        >
          Copyright © 2022 Andrey Pudov. All rights reserved.
        </p>
        <p
          className="piped-links-short"
        >
          © 2022 Andrey Pudov. All rights reserved.
        </p>
      </ul>
    </div>
  </footer>
</div>
`;
