// Jest Snapshot v1, https://goo.gl/fbAQLP

exports[`renders correctly 1`] = `
<div
  className="layout"
>
  <header>
    <div
      className="container"
    >
      <div
        className="navbar navbar-expand-md navbar-dark"
      >
        <div
          className="container-fluid"
        >
          <a
            className="navbar-brand mx-auto"
            href="/"
            onClick={[Function]}
          >
            Header.AndreyPudov
          </a>
          <button
            aria-controls="navbarMain"
            aria-expanded="false"
            aria-label="Toggle navigation"
            className="navbar-toggler"
            data-bs-target="#navbarMain"
            data-bs-toggle="collapse"
            type="button"
          >
            <span
              className="navbar-toggler-icon"
            />
          </button>
          <div
            className="collapse navbar-collapse justify-content-sm-center"
            id="navbarMain"
          >
            <ul
              className="navbar-nav"
            >
              <li
                className="nav-item"
              >
                <a
                  className="nav-link"
                  href="/albums/"
                  onClick={[Function]}
                >
                  Albums
                </a>
              </li>
              <li
                className="nav-item"
              >
                <a
                  className="nav-link"
                  href="/contents/"
                  onClick={[Function]}
                >
                  Contents
                </a>
              </li>
              <li
                className="nav-item"
              >
                <a
                  className="nav-link"
                  href="/resume/"
                  onClick={[Function]}
                >
                  Resume
                </a>
              </li>
              <li
                className="nav-item"
              >
                <a
                  className="nav-link"
                  href="/contact/"
                  onClick={[Function]}
                >
                  Contact
                </a>
              </li>
            </ul>
          </div>
        </div>
      </div>
    </div>
  </header>
  <main>
    <div
      className="container"
    >
      <h1>
        Contents.Contents
      </h1>
      <ol
        className="contents"
      >
        <li>
          <h2>
            Street Photography
          </h2>
        </li>
        <li>
          <a
            href="/photographs/la-merce/"
            onClick={[Function]}
          >
            La Mercè
            <small>
              Friday, September 20, 2024
            </small>
          </a>
        </li>
        <li>
          <a
            href="/photographs/gracia-festivities/"
            onClick={[Function]}
          >
            Castellers de la Vila de Gràcia
            <small>
              Sunday, August 18, 2024
            </small>
          </a>
        </li>
        <li>
          <a
            href="/photographs/madrid/"
            onClick={[Function]}
          >
            Madrid
            <small>
              Sunday, October 8, 2023
            </small>
          </a>
        </li>
        <li>
          <a
            href="/photographs/barcelona/"
            onClick={[Function]}
          >
            Barcelona
            <small>
              Sunday, September 24, 2023
            </small>
          </a>
        </li>
        <li>
          <a
            href="/photographs/barcelona-airport/"
            onClick={[Function]}
          >
            LEBL Barcelona El Prat International Airport
            <small>
              Wednesday, May 17, 2023
            </small>
          </a>
        </li>
        <li>
          <a
            href="/photographs/perpignan/"
            onClick={[Function]}
          >
            Perpignan
            <small>
              Tuesday, December 6, 2022
            </small>
          </a>
        </li>
        <li>
          <a
            href="/photographs/gotheborg/"
            onClick={[Function]}
          >
            Götheborg. Conquering Scandinavia
            <small>
              Saturday, September 10, 2022
            </small>
          </a>
        </li>
        <li>
          <a
            href="/photographs/oslo/"
            onClick={[Function]}
          >
            Oslo. Conquering Scandinavia
            <small>
              Monday, September 5, 2022
            </small>
          </a>
        </li>
        <li>
          <a
            href="/photographs/stockholm/"
            onClick={[Function]}
          >
            Stockholm. Conquering Scandinavia
            <small>
              Thursday, September 1, 2022
            </small>
          </a>
        </li>
        <li>
          <a
            href="/photographs/poblenou-cemetery/"
            onClick={[Function]}
          >
            Poblenou Cemetery
            <small>
              Friday, July 8, 2022
            </small>
          </a>
        </li>
        <li>
          <a
            href="/photographs/united-states-4.0/"
            onClick={[Function]}
          >
            Conquering America 4.0
            <small>
              Wednesday, March 11, 2020
            </small>
          </a>
        </li>
        <li>
          <a
            href="/photographs/nizhny-novgorod/"
            onClick={[Function]}
          >
            Nizhny Novgorod
            <small>
              Sunday, November 17, 2019
            </small>
          </a>
        </li>
        <li>
          <a
            href="/photographs/united-states-3.0/"
            onClick={[Function]}
          >
            Conquering America 3.0
            <small>
              Saturday, May 25, 2019
            </small>
          </a>
        </li>
        <li>
          <a
            href="/photographs/rome-malta/"
            onClick={[Function]}
          >
            Conquering Rome and Order of Malta
            <small>
              Friday, January 5, 2018
            </small>
          </a>
        </li>
        <li>
          <a
            href="/photographs/ride-in-rekshino/"
            onClick={[Function]}
          >
            Ride in Rekshino
            <small>
              Saturday, October 28, 2017
            </small>
          </a>
        </li>
        <li>
          <a
            href="/photographs/united-states-2.0/"
            onClick={[Function]}
          >
            Conquering America 2.0
            <small>
              Sunday, September 24, 2017
            </small>
          </a>
        </li>
        <li>
          <a
            href="/photographs/ramon-palace/"
            onClick={[Function]}
          >
            Princess Oldenburg's Palace
            <small>
              Saturday, January 7, 2017
            </small>
          </a>
        </li>
        <li>
          <a
            href="/photographs/united-states/"
            onClick={[Function]}
          >
            Conquering America
            <small>
              Saturday, November 5, 2016
            </small>
          </a>
        </li>
        <li>
          <a
            href="/photographs/kaliningrad/"
            onClick={[Function]}
          >
            Kaliningrad. The amber capital of the World
            <small>
              Tuesday, August 30, 2016
            </small>
          </a>
        </li>
        <li>
          <a
            href="/photographs/ekaterinburg/"
            onClick={[Function]}
          >
            Ekaterinburg. The Picture of City
            <small>
              Thursday, December 25, 2014
            </small>
          </a>
        </li>
        <li>
          <a
            href="/photographs/yoshkar-ola/"
            onClick={[Function]}
          >
            Yoshkar-Ola. Tsar's town on Kokshaga River
            <small>
              Saturday, May 10, 2014
            </small>
          </a>
        </li>
        <li>
          <a
            href="/photographs/little-russia/"
            onClick={[Function]}
          >
            Little Russia
            <small>
              Friday, September 27, 2013
            </small>
          </a>
        </li>
      </ol>
      <ol
        className="contents"
      >
        <li>
          <h2>
            Nature Photography
          </h2>
        </li>
        <li>
          <a
            href="/photographs/ordesa/"
            onClick={[Function]}
          >
            Ordesa and Monte Perdido National Park
            <small>
              Saturday, November 18, 2023
            </small>
          </a>
        </li>
        <li>
          <a
            href="/photographs/grapebusters/"
            onClick={[Function]}
          >
            Grapebusters
            <small>
              Monday, September 25, 2023
            </small>
          </a>
        </li>
        <li>
          <a
            href="/photographs/ebro/"
            onClick={[Function]}
          >
            Delta of Ebro
            <small>
              Sunday, June 18, 2023
            </small>
          </a>
        </li>
        <li>
          <a
            href="/photographs/set-gorgs/"
            onClick={[Function]}
          >
            Ruta dels Set Gorgs de Campdevànol
            <small>
              Saturday, June 3, 2023
            </small>
          </a>
        </li>
        <li>
          <a
            href="/photographs/montserrat/"
            onClick={[Function]}
          >
            Montserrat
            <small>
              Sunday, May 7, 2023
            </small>
          </a>
        </li>
        <li>
          <a
            href="/photographs/els-empedrats-del-montseny/"
            onClick={[Function]}
          >
            Els Empedrats del Montseny
            <small>
              Sunday, November 13, 2022
            </small>
          </a>
        </li>
        <li>
          <a
            href="/photographs/andorra/"
            onClick={[Function]}
          >
            Andorra
            <small>
              Sunday, October 16, 2022
            </small>
          </a>
        </li>
        <li>
          <a
            href="/photographs/puigmal/"
            onClick={[Function]}
          >
            Puigmal
            <small>
              Monday, August 15, 2022
            </small>
          </a>
        </li>
        <li>
          <a
            href="/photographs/turo-de-lhome/"
            onClick={[Function]}
          >
            Turó de l'Home
            <small>
              Sunday, August 7, 2022
            </small>
          </a>
        </li>
        <li>
          <a
            href="/photographs/castillo-de-mataplana/"
            onClick={[Function]}
          >
            Castillo de Mataplana
            <small>
              Sunday, July 24, 2022
            </small>
          </a>
        </li>
        <li>
          <a
            href="/photographs/crimea/"
            onClick={[Function]}
          >
            Crimean Holidays
            <small>
              Monday, August 2, 2021
            </small>
          </a>
        </li>
        <li>
          <a
            href="/photographs/altay/"
            onClick={[Function]}
          >
            Altay. Conquering Siberia 2.0
            <small>
              Monday, August 24, 2020
            </small>
          </a>
        </li>
        <li>
          <a
            href="/photographs/rekshino/"
            onClick={[Function]}
          >
            Rekshino
            <small>
              Saturday, October 26, 2019
            </small>
          </a>
        </li>
        <li>
          <a
            href="/photographs/lake-baikal/"
            onClick={[Function]}
          >
            Lake Baikal
            <small>
              Saturday, August 8, 2015
            </small>
          </a>
        </li>
      </ol>
      <ol
        className="contents"
      >
        <li>
          <h2>
            Portrait Photography
          </h2>
        </li>
        <li>
          <a
            href="/photographs/pei-pei-rain/"
            onClick={[Function]}
          >
            Pei Pei. Rain in Barcelona
            <small>
              Saturday, September 21, 2024
            </small>
          </a>
        </li>
        <li>
          <a
            href="/photographs/pei-pei-stockholm/"
            onClick={[Function]}
          >
            Pei Pei. Weekend in Stockholm
            <small>
              Sunday, July 14, 2024
            </small>
          </a>
        </li>
        <li>
          <a
            href="/photographs/pei-pei-montserrat/"
            onClick={[Function]}
          >
            Pei Pei. Climbing Montserrat
            <small>
              Saturday, June 15, 2024
            </small>
          </a>
        </li>
        <li>
          <a
            href="/photographs/pei-pei-madrid/"
            onClick={[Function]}
          >
            Pei Pei. Weekend in Madrid
            <small>
              Tuesday, April 30, 2024
            </small>
          </a>
        </li>
        <li>
          <a
            href="/photographs/pei-pei-chen/"
            onClick={[Function]}
          >
            Pei Pei Chen
            <small>
              Saturday, March 30, 2024
            </small>
          </a>
        </li>
        <li>
          <a
            href="/photographs/andrey-pudov/"
            onClick={[Function]}
          >
            Andrey Pudov
            <small>
              Saturday, July 9, 2022
            </small>
          </a>
        </li>
        <li>
          <a
            href="/photographs/ekaterina-domracheva/"
            onClick={[Function]}
          >
            Ekaterina Domracheva
            <small>
              Wednesday, August 25, 2021
            </small>
          </a>
        </li>
        <li>
          <a
            href="/photographs/irina-domracheva/"
            onClick={[Function]}
          >
            Irina Domracheva
            <small>
              Monday, May 11, 2020
            </small>
          </a>
        </li>
        <li>
          <a
            href="/photographs/alina-cherdakova/"
            onClick={[Function]}
          >
            Alina Cherdakova
            <small>
              Saturday, August 18, 2018
            </small>
          </a>
        </li>
        <li>
          <a
            href="/photographs/tatyana-bysheva/"
            onClick={[Function]}
          >
            Tatyana Bysheva
            <small>
              Friday, July 27, 2018
            </small>
          </a>
        </li>
        <li>
          <a
            href="/photographs/looking-for-the-wind/"
            onClick={[Function]}
          >
            Looking for the Wind
            <small>
              Sunday, May 27, 2018
            </small>
          </a>
        </li>
        <li>
          <a
            href="/photographs/kira-orlova/"
            onClick={[Function]}
          >
            Kira Orlova
            <small>
              Sunday, October 22, 2017
            </small>
          </a>
        </li>
        <li>
          <a
            href="/photographs/ekaterina-malysheva/"
            onClick={[Function]}
          >
            Ekaterina Malysheva
            <small>
              Saturday, October 7, 2017
            </small>
          </a>
        </li>
        <li>
          <a
            href="/photographs/lolita-rakhmatova/"
            onClick={[Function]}
          >
            Lolita Rakhmatova
            <small>
              Saturday, December 12, 2015
            </small>
          </a>
        </li>
        <li>
          <a
            href="/photographs/asia-farakshina/"
            onClick={[Function]}
          >
            Asia Farakshina
            <small>
              Friday, August 14, 2015
            </small>
          </a>
        </li>
        <li>
          <a
            href="/photographs/lake-baikal-team/"
            onClick={[Function]}
          >
            Lake Baikal Team
            <small>
              Saturday, August 8, 2015
            </small>
          </a>
        </li>
        <li>
          <a
            href="/photographs/marina-alekseeva/"
            onClick={[Function]}
          >
            Marina Alekseeva
            <small>
              Tuesday, September 10, 2013
            </small>
          </a>
        </li>
        <li>
          <a
            href="/photographs/vera-klemenova/"
            onClick={[Function]}
          >
            Vera Klemenova
            <small>
              Thursday, July 19, 2012
            </small>
          </a>
        </li>
      </ol>
      <ol
        className="contents"
      >
        <li>
          <h2>
            Event Photography
          </h2>
        </li>
        <li>
          <a
            href="/photographs/intel-office/"
            onClick={[Function]}
          >
            Intel Office in Nizhny Novgorod
            <small>
              Friday, February 14, 2020
            </small>
          </a>
        </li>
        <li>
          <a
            href="/photographs/formula-sochi-3.0/"
            onClick={[Function]}
          >
            2019 Formula 1 Russian Grand Prix
            <small>
              Monday, September 30, 2019
            </small>
          </a>
        </li>
        <li>
          <a
            href="/photographs/balloon-festival/"
            onClick={[Function]}
          >
            Balloon Festival
            <small>
              Saturday, February 24, 2018
            </small>
          </a>
        </li>
        <li>
          <a
            href="/photographs/strigino/"
            onClick={[Function]}
          >
            Strigino International Airport
            <small>
              Wednesday, August 23, 2017
            </small>
          </a>
        </li>
        <li>
          <a
            href="/photographs/maks/"
            onClick={[Function]}
          >
            MAKS International Aviation and Space Show
            <small>
              Saturday, July 22, 2017
            </small>
          </a>
        </li>
        <li>
          <a
            href="/photographs/partners-day/"
            onClick={[Function]}
          >
            Intel Partners Day
            <small>
              Wednesday, November 9, 2016
            </small>
          </a>
        </li>
        <li>
          <a
            href="/photographs/formula-sochi-2.0/"
            onClick={[Function]}
          >
            2016 Formula 1 Russian Grand Prix
            <small>
              Wednesday, May 4, 2016
            </small>
          </a>
        </li>
        <li>
          <a
            href="/photographs/intel-products/"
            onClick={[Function]}
          >
            Intel Software Products
            <small>
              Friday, April 15, 2016
            </small>
          </a>
        </li>
        <li>
          <a
            href="/photographs/formula-sochi/"
            onClick={[Function]}
          >
            2015 Formula 1 Russian Grand Prix
            <small>
              Sunday, October 11, 2015
            </small>
          </a>
        </li>
        <li>
          <a
            href="/photographs/military-museum/"
            onClick={[Function]}
          >
            Battle Glory of the Urals
            <small>
              Thursday, December 25, 2014
            </small>
          </a>
        </li>
      </ol>
      <ol
        className="contents"
      >
        <li>
          <h2>
            Drawings
          </h2>
        </li>
        <li>
          <a
            href="/drawings/watercolor/"
            onClick={[Function]}
          >
            Watercolor
            <small>
              Thursday, April 18, 2024
            </small>
          </a>
        </li>
        <li>
          <a
            href="/drawings/soft-pastel/"
            onClick={[Function]}
          >
            Soft Pastel
            <small>
              Monday, November 1, 2021
            </small>
          </a>
        </li>
        <li>
          <a
            href="/drawings/pencil-sketches/"
            onClick={[Function]}
          >
            Pencil Sketches
            <small>
              Thursday, July 16, 2020
            </small>
          </a>
        </li>
      </ol>
      <ol
        className="contents"
      >
        <li>
          <h2>
            Contents.TimeLapses
          </h2>
        </li>
        <li>
          <a
            href="/timelapses/bolshaya-pokrovskaya/"
            onClick={[Function]}
          >
            Bolshaya Pokrovskaya
            <small>
              Friday, April 14, 2017
            </small>
          </a>
        </li>
        <li>
          <a
            href="/timelapses/maxim-gorky/"
            onClick={[Function]}
          >
            Monument to Maxim Gorky
            <small>
              Friday, April 14, 2017
            </small>
          </a>
        </li>
        <li>
          <a
            href="/timelapses/spit/"
            onClick={[Function]}
          >
            Spit of Nizhny Novgorod
            <small>
              Friday, April 14, 2017
            </small>
          </a>
        </li>
        <li>
          <a
            href="/timelapses/state-bank/"
            onClick={[Function]}
          >
            The State Bank of Russia
            <small>
              Friday, April 14, 2017
            </small>
          </a>
        </li>
        <li>
          <a
            href="/timelapses/switzerland-park/"
            onClick={[Function]}
          >
            Switzerland Park
            <small>
              Friday, April 14, 2017
            </small>
          </a>
        </li>
        <li>
          <a
            href="/timelapses/zelensky-syezd/"
            onClick={[Function]}
          >
            Zelensky Syezd
            <small>
              Friday, April 14, 2017
            </small>
          </a>
        </li>
      </ol>
      <ol
        className="contents"
      >
        <li>
          <h2>
            Contents.Performances
          </h2>
        </li>
        <li>
          <a
            href="/performances/gravity-falls/"
            onClick={[Function]}
          >
            Contents.GravityFalls
            <small>
              Monday, January 18, 2021
            </small>
          </a>
        </li>
        <li>
          <a
            href="/performances/cure-for-wellness/"
            onClick={[Function]}
          >
            Contents.ACureForWellness
            <small>
              Saturday, March 17, 2018
            </small>
          </a>
        </li>
        <li>
          <a
            href="/performances/mia-and-sebastian/"
            onClick={[Function]}
          >
            Contents.MiaAndSebastian
            <small>
              Thursday, September 7, 2017
            </small>
          </a>
        </li>
      </ol>
      <ol
        className="contents"
      >
        <li>
          <h2>
            Contents.Articles
          </h2>
        </li>
        <li>
          <a
            href="/photographs/russian-emirates/"
            onClick={[Function]}
          >
            Russian Emirates
            <small>
              Wednesday, November 21, 2012
            </small>
          </a>
        </li>
        <li>
          <a
            href="/photographs/golden-age/"
            onClick={[Function]}
          >
            Golden Age
            <small>
              Saturday, September 15, 2012
            </small>
          </a>
        </li>
        <li>
          <a
            href="/photographs/imperial-town/"
            onClick={[Function]}
          >
            Imperial Town
            <small>
              Wednesday, May 9, 2012
            </small>
          </a>
        </li>
      </ol>
      <ol
        className="contents"
      >
        <li>
          <h2>
            Contents.Projects
          </h2>
        </li>
        <li>
          <a
            href="https://github.com/andreypudov/paragliding-weather"
            rel="noreferrer"
            target="_blank"
          >
            Contents.ParaglidingWeather
            <small>
              Wednesday, January 6, 2021
            </small>
          </a>
        </li>
        <li>
          <a
            href="https://github.com/andreypudov/timetable"
            rel="noreferrer"
            target="_blank"
          >
            Contents.Timetable
            <small>
              Wednesday, January 6, 2021
            </small>
          </a>
        </li>
        <li>
          <a
            href="https://github.com/andreypudov/algorithms"
            rel="noreferrer"
            target="_blank"
          >
            Contents.LaboratoryOfAlgorithms
            <small>
              Tuesday, July 10, 2018
            </small>
          </a>
        </li>
        <li>
          <a
            href="https://github.com/andreypudov/openweatherjs"
            rel="noreferrer"
            target="_blank"
          >
            Contents.OpenWeatherJS
            <small>
              Wednesday, October 24, 2018
            </small>
          </a>
        </li>
      </ol>
    </div>
  </main>
  <footer>
    <div
      className="container"
    >
      <hr
        className="footer-divider"
      />
      <ul
        className="piped-links float-end"
      >
        <li
          className="first piped-links-short"
        >
          <a
            href="/resume/"
            onClick={[Function]}
          >
            About
          </a>
        </li>
        <li
          className="first piped-links-long"
        >
          <a
            href="/resume/"
            onClick={[Function]}
          >
            About Andrey Pudov
          </a>
        </li>
        <li>
          <a
            href="/contact/"
            onClick={[Function]}
          >
            Contact
          </a>
        </li>
      </ul>
      <ul
        className="piped-links"
      >
        <p
          className="piped-links-long"
        >
          Copyright © 2023 Andrey Pudov. All rights reserved.
        </p>
        <p
          className="piped-links-short"
        >
          © 2023 Andrey Pudov. All rights reserved.
        </p>
      </ul>
    </div>
  </footer>
</div>
`;
