// Jest Snapshot v1, https://goo.gl/fbAQLP

exports[`renders correctly 1`] = `
<div
  className="layout"
>
  <header>
    <div
      className="container"
    >
      <div
        className="navbar navbar-expand-md navbar-dark"
      >
        <div
          className="container-fluid"
        >
          <a
            className="navbar-brand mx-auto"
            href="/"
            onClick={[Function]}
          >
            Header.AndreyPudov
          </a>
          <button
            aria-controls="navbarMain"
            aria-expanded="false"
            aria-label="Toggle navigation"
            className="navbar-toggler"
            data-bs-target="#navbarMain"
            data-bs-toggle="collapse"
            type="button"
          >
            <span
              className="navbar-toggler-icon"
            />
          </button>
          <div
            className="collapse navbar-collapse justify-content-sm-center"
            id="navbarMain"
          >
            <ul
              className="navbar-nav"
            >
              <li
                className="nav-item"
              >
                <a
                  className="nav-link"
                  href="/albums/"
                  onClick={[Function]}
                >
                  Albums
                </a>
              </li>
              <li
                className="nav-item"
              >
                <a
                  className="nav-link"
                  href="/contents/"
                  onClick={[Function]}
                >
                  Contents
                </a>
              </li>
              <li
                className="nav-item"
              >
                <a
                  className="nav-link"
                  href="/resume/"
                  onClick={[Function]}
                >
                  Resume
                </a>
              </li>
              <li
                className="nav-item"
              >
                <a
                  className="nav-link"
                  href="/contact/"
                  onClick={[Function]}
                >
                  Contact
                </a>
              </li>
            </ul>
          </div>
        </div>
      </div>
    </div>
  </header>
  <main>
    <div
      className="container"
    >
      <h1>
        Resume.Resume
      </h1>
      <p
        className="lead text-muted mb-5"
      >
        Resume.DrivenProfessional
      </p>
      <div
        className="row"
      >
        <div
          className="col-xs-12 col-sm-7"
        >
          <div
            className="curriculum-vitae"
          >
            <div
              className="box"
            >
              <h2>
                Resume.Education
              </h2>
              <ul
                className="clearfix"
                id="education"
              >
                <li>
                  <div
                    className="year pull-left"
                  >
                    1989
                  </div>
                  <div
                    className="description pull-right"
                  >
                    <h3>
                      Resume.IWasBorn
                    </h3>
                    <p>
                      Resume.TheCapitalCity
                    </p>
                  </div>
                </li>
                <li>
                  <div
                    className="year pull-left"
                  >
                    2002
                  </div>
                  <div
                    className="description pull-right"
                  >
                    <h3>
                      Resume.MusicalSchool
                    </h3>
                    <p>
                      Resume.MasterInMusic
                    </p>
                  </div>
                </li>
                <li>
                  <div
                    className="year pull-left"
                  >
                    2006
                  </div>
                  <div
                    className="description pull-right"
                  >
                    <h3>
                      Resume.HighSchool
                    </h3>
                    <p />
                  </div>
                </li>
                <li>
                  <div
                    className="year pull-left"
                  >
                    2011
                  </div>
                  <div
                    className="description pull-right"
                  >
                    <h3>
                      Resume.UniversityGraduation
                    </h3>
                    <p>
                      Resume.MADI
                    </p>
                    <p>
                      <small>
                        <strong>
                          Resume.Thesis
                          :
                        </strong>
                        Â 
                        Resume.TheUseOfNeuralNetworks
                      </small>
                    </p>
                  </div>
                </li>
                <li>
                  <div
                    className="year pull-left"
                  >
                    2016
                  </div>
                  <div
                    className="description pull-right"
                  >
                    <h3>
                      Resume.Enrolled
                    </h3>
                    <p>
                      Resume.Vodnyk
                    </p>
                  </div>
                </li>
              </ul>
            </div>
            <div
              className="box"
            >
              <h2>
                Resume.Experience
              </h2>
              <div
                className="job clearfix row"
              >
                <div
                  className="col-sm-3"
                >
                  <div
                    className="where"
                  >
                    Resume.CombinationAB
                  </div>
                  <div
                    className="year"
                  >
                    Resume.2021ToPresent
                  </div>
                </div>
                <div
                  className="col-sm-9"
                >
                  <div
                    className="profession"
                  >
                    Resume.SrEngineer
                  </div>
                  <div
                    className="description"
                  />
                </div>
              </div>
              <div
                className="job clearfix row"
              >
                <div
                  className="col-sm-3"
                >
                  <div
                    className="where"
                  >
                    Resume.EPAM
                  </div>
                  <div
                    className="year"
                  >
                    2020 - 2021
                  </div>
                </div>
                <div
                  className="col-sm-9"
                >
                  <div
                    className="profession"
                  >
                    Resume.SrEngineer
                  </div>
                  <div
                    className="description"
                  >
                    Resume.DevelopedAnInnovative
                    <br />
                    <br />
                    Resume.LedAndMentoredATeam
                  </div>
                </div>
              </div>
              <div
                className="job clearfix row"
              >
                <div
                  className="col-sm-3"
                >
                  <div
                    className="where"
                  >
                    Resume.Intel
                  </div>
                  <div
                    className="year"
                  >
                    2018 - 2020
                  </div>
                </div>
                <div
                  className="col-sm-9"
                >
                  <div
                    className="profession"
                  >
                    Resume.TechnicalLead
                  </div>
                  <div
                    className="description"
                  >
                    Resume.TookTheRoleOfTeamLeader
                    <br />
                    <br />
                    Resume.LedBuildingOfNewProjectInfrastructure
                    <br />
                    <br />
                    Resume.ImplementedSeveralBusinessCriticalFeatures
                  </div>
                </div>
              </div>
              <div
                className="job clearfix row"
              >
                <div
                  className="col-sm-3"
                >
                  <div
                    className="where"
                  >
                    Resume.Intel
                  </div>
                  <div
                    className="year"
                  >
                    2013 - 2018
                  </div>
                </div>
                <div
                  className="col-sm-9"
                >
                  <div
                    className="profession"
                  >
                    Resume.SrEngineer
                  </div>
                  <div
                    className="description"
                  >
                    Resume.SoftwareEngineerResponsibleForTheDesign
                    <br />
                    <br />
                    Resume.DesignedAndDevelopedTheNewWebsiteArchitecture
                    <br />
                    <br />
                    Resume.ImplementedAModernRoleBasedRightsModel
                    <br />
                    <br />
                    Resume.ImplementedInfrastructure
                  </div>
                </div>
              </div>
              <div
                className="job clearfix row"
              >
                <div
                  className="col-sm-3"
                >
                  <div
                    className="where"
                  >
                    Resume.Intel
                  </div>
                  <div
                    className="year"
                  >
                    2011 - 2013
                  </div>
                </div>
                <div
                  className="col-sm-9"
                >
                  <div
                    className="profession"
                  >
                    Resume.Engineer
                  </div>
                  <div
                    className="description"
                  >
                    Resume.MainSoftwareDeveloperForCommonLicensing
                    <br />
                    <br />
                    Resume.ImplementedTheCodeSigningInterface
                  </div>
                </div>
              </div>
            </div>
          </div>
        </div>
        <div
          className="col-xs-12 col-sm-5"
        >
          <div
            className="curriculum-vitae"
          >
            <div
              className="box clearfix"
            >
              <h2>
                Resume.Contact
              </h2>
              <div
                className="contact-item"
              >
                <a
                  href="mailto:mail@andreypudov.com"
                  rel="noreferrer"
                  target="_blank"
                >
                  <div
                    className="icon pull-left text-center"
                  >
                    <span
                      className="fa fa-envelope fa-fw"
                    />
                  </div>
                  <div
                    className="title only"
                  >
                    mail@andreypudov.com
                  </div>
                </a>
              </div>
              <div
                className="contact-item"
              >
                <a
                  href="https://linkedin.com/in/pudov"
                  rel="noreferrer"
                  target="_blank"
                >
                  <div
                    className="icon pull-left text-center"
                  >
                    <span
                      className="fa fa-linkedin fa-fw"
                    />
                  </div>
                  <div
                    className="title"
                  >
                    Resume.LinkedIn
                  </div>
                  <div
                    className="description"
                  >
                    <small>
                      https://linkedin.com/in/pudov
                    </small>
                  </div>
                </a>
              </div>
            </div>
            <div
              className="box"
            >
              <h2>
                Resume.Skills
              </h2>
              <div
                className="skills"
              >
                <div
                  className="item-skills"
                  data-percent="0.90"
                  style={
                    Object {
                      "width": "90%",
                    }
                  }
                >
                  C#
                </div>
                <div
                  className="item-skills"
                  data-percent="0.75"
                  style={
                    Object {
                      "width": "75%",
                    }
                  }
                >
                  ASP.NET MVC / Core
                </div>
                <div
                  className="item-skills"
                  data-percent="0.75"
                  style={
                    Object {
                      "width": "75%",
                    }
                  }
                >
                  TypeScript
                </div>
                <div
                  className="item-skills"
                  data-percent="0.60"
                  style={
                    Object {
                      "width": "60%",
                    }
                  }
                >
                  React / Redux
                </div>
                <div
                  className="item-skills"
                  data-percent="0.25"
                  style={
                    Object {
                      "width": "25%",
                    }
                  }
                >
                  CSS / Sass / LESS
                </div>
                <div
                  className="skills-legend clearfix"
                >
                  <div
                    className="legend-left legend"
                  >
                    <small>
                      Resume.Beginner
                    </small>
                  </div>
                  <div
                    className="legend-left legend"
                  >
                    <span>
                      <small>
                        Resume.Proficient
                      </small>
                    </span>
                  </div>
                  <div
                    className="legend-right legend"
                  >
                    <span>
                      <small>
                        Resume.Expert
                      </small>
                    </span>
                  </div>
                  <div
                    className="legend-right legend"
                  >
                    <small>
                      Resume.Master
                    </small>
                  </div>
                </div>
              </div>
            </div>
            <div
              className="box"
            >
              <h2>
                Resume.Languages
              </h2>
              <div
                id="language-skills"
              >
                <div
                  className="skill"
                >
                  Resume.Russian
                </div>
                <div
                  className="skill"
                >
                  Resume.English
                </div>
              </div>
            </div>
            <div
              className="box"
            >
              <h2>
                Resume.Hobbies
              </h2>
              <div
                className="hobby"
              >
                Resume.Aviation
              </div>
              <div
                className="hobby"
              >
                Resume.Photography
              </div>
              <div
                className="hobby"
              >
                Resume.Running
              </div>
              <div
                className="hobby"
              >
                Resume.Cycling
              </div>
            </div>
          </div>
        </div>
        <div
          className="col"
        >
          <div
            className="curriculum-vitae"
          >
            <h2>
              Resume.Recommendations
            </h2>
            <figure
              className="recommendations"
            >
              <blockquote
                className="blockquote"
              >
                <p>
                  Resume.AndreyWasATechnicalLeaderInMyTeam
                </p>
              </blockquote>
              <figcaption
                className="blockquote-footer"
              >
                <a
                  href="https://www.linkedin.com/in/viktorya-gvozdeva-154046120/"
                  rel="noreferrer"
                  target="_blank"
                >
                  Resume.ViktoryaGvozdeva
                </a>
              </figcaption>
            </figure>
            <figure
              className="recommendations"
            >
              <blockquote
                className="blockquote"
              >
                <p>
                  Resume.AndreyAndIWorkedInTheSameGroup
                </p>
              </blockquote>
              <figcaption
                className="blockquote-footer"
              >
                <a
                  href="https://www.linkedin.com/in/tanya-zaslavsky-905aa53/"
                  rel="noreferrer"
                  target="_blank"
                >
                  Resume.TanyaZaslavsky
                </a>
              </figcaption>
            </figure>
            <figure
              className="recommendations"
            >
              <blockquote
                className="blockquote"
              >
                <p>
                  Resume.IWorkedWithAndreyAsPart
                </p>
              </blockquote>
              <figcaption
                className="blockquote-footer"
              >
                <a
                  href="https://www.linkedin.com/in/doug-helbling-9151148/"
                  rel="noreferrer"
                  target="_blank"
                >
                  Resume.DougHelbling
                </a>
              </figcaption>
            </figure>
            <figure
              className="recommendations"
            >
              <blockquote
                className="blockquote"
              >
                <p>
                  Resume.IWorkedWithAndreyForManyYears
                </p>
              </blockquote>
              <figcaption
                className="blockquote-footer"
              >
                <a
                  href="https://www.linkedin.com/in/paul-frumkin/"
                  rel="noreferrer"
                  target="_blank"
                >
                  Resume.PaulFrumkin
                </a>
              </figcaption>
            </figure>
          </div>
        </div>
      </div>
    </div>
  </main>
  <footer>
    <div
      className="container"
    >
      <hr
        className="footer-divider"
      />
      <ul
        className="piped-links float-end"
      >
        <li
          className="first piped-links-short"
        >
          <a
            href="/resume/"
            onClick={[Function]}
          >
            About
          </a>
        </li>
        <li
          className="first piped-links-long"
        >
          <a
            href="/resume/"
            onClick={[Function]}
          >
            About Andrey Pudov
          </a>
        </li>
        <li>
          <a
            href="/contact/"
            onClick={[Function]}
          >
            Contact
          </a>
        </li>
      </ul>
      <ul
        className="piped-links"
      >
        <p
          className="piped-links-long"
        >
          Copyright Â© 2025 Andrey Pudov. All rights reserved.
        </p>
        <p
          className="piped-links-short"
        >
          Â© 2025 Andrey Pudov. All rights reserved.
        </p>
      </ul>
    </div>
  </footer>
</div>
`;
