// Jest Snapshot v1, https://goo.gl/fbAQLP

exports[`renders correctly 1`] = `
<div
  className="layout"
>
  <header>
    <div
      className="container"
    >
      <div
        className="navbar navbar-expand-md navbar-dark"
      >
        <div
          className="container-fluid"
        >
          <a
            className="navbar-brand mx-auto"
            href="/"
            onClick={[Function]}
          >
            Andrey Pudov
          </a>
          <button
            aria-controls="navbarMain"
            aria-expanded="false"
            aria-label="Toggle navigation"
            className="navbar-toggler"
            data-bs-target="#navbarMain"
            data-bs-toggle="collapse"
            type="button"
          >
            <span
              className="navbar-toggler-icon"
            />
          </button>
          <div
            className="collapse navbar-collapse justify-content-sm-center"
            id="navbarMain"
          >
            <ul
              className="navbar-nav"
            >
              <li
                className="nav-item"
              >
                <a
                  className="nav-link"
                  href="/albums/"
                  onClick={[Function]}
                >
                  Albums
                </a>
              </li>
              <li
                className="nav-item"
              >
                <a
                  className="nav-link"
                  href="/contents/"
                  onClick={[Function]}
                >
                  Contents
                </a>
              </li>
              <li
                className="nav-item"
              >
                <a
                  className="nav-link"
                  href="/resume/"
                  onClick={[Function]}
                >
                  Resume
                </a>
              </li>
              <li
                className="nav-item"
              >
                <a
                  className="nav-link"
                  href="/contact/"
                  onClick={[Function]}
                >
                  Contact
                </a>
              </li>
            </ul>
          </div>
        </div>
      </div>
    </div>
  </header>
  <main>
    <div
      className="container"
    >
      <h1>
        Intel Office in Nizhny Novgorod
        <small
          className="text-muted"
        >
          Friday, February 14, 2020
        </small>
      </h1>
      <figure>
        <img
          alt="Intel Office in Nizhny Novgorod"
          className="img-responsive gallery-image"
          src="/photographs/2020-02-13_14/2020-02-13_14_001.webp"
          title="Intel Office in Nizhny Novgorod"
        />
      </figure>
      <figure>
        <img
          alt="Intel Office in Nizhny Novgorod - Darya Kiryanova"
          className="img-responsive gallery-image vertical"
          src="/photographs/2020-02-13_14/2020-02-13_14_002.webp"
          title="Darya Kiryanova"
        />
        <figcaption
          className="image-caption vertical"
        >
          Darya Kiryanova
        </figcaption>
      </figure>
      <figure>
        <img
          alt="Intel Office in Nizhny Novgorod"
          className="img-responsive gallery-image"
          src="/photographs/2020-02-13_14/2020-02-13_14_003.webp"
          title="Intel Office in Nizhny Novgorod"
        />
      </figure>
      <figure>
        <img
          alt="Intel Office in Nizhny Novgorod"
          className="img-responsive gallery-image"
          src="/photographs/2020-02-13_14/2020-02-13_14_004.webp"
          title="Intel Office in Nizhny Novgorod"
        />
      </figure>
      <figure>
        <img
          alt="Intel Office in Nizhny Novgorod"
          className="img-responsive gallery-image"
          src="/photographs/2020-02-13_14/2020-02-13_14_005.webp"
          title="Intel Office in Nizhny Novgorod"
        />
      </figure>
      <figure>
        <img
          alt="Intel Office in Nizhny Novgorod"
          className="img-responsive gallery-image"
          src="/photographs/2020-02-13_14/2020-02-13_14_006.webp"
          title="Intel Office in Nizhny Novgorod"
        />
      </figure>
      <figure>
        <img
          alt="Intel Office in Nizhny Novgorod"
          className="img-responsive gallery-image"
          src="/photographs/2020-02-13_14/2020-02-13_14_007.webp"
          title="Intel Office in Nizhny Novgorod"
        />
      </figure>
      <figure>
        <img
          alt="Intel Office in Nizhny Novgorod"
          className="img-responsive gallery-image vertical"
          src="/photographs/2020-02-13_14/2020-02-13_14_008.webp"
          title="Intel Office in Nizhny Novgorod"
        />
      </figure>
      <figure>
        <img
          alt="Intel Office in Nizhny Novgorod"
          className="img-responsive gallery-image"
          src="/photographs/2020-02-13_14/2020-02-13_14_009.webp"
          title="Intel Office in Nizhny Novgorod"
        />
      </figure>
      <figure>
        <img
          alt="Intel Office in Nizhny Novgorod"
          className="img-responsive gallery-image"
          src="/photographs/2020-02-13_14/2020-02-13_14_010.webp"
          title="Intel Office in Nizhny Novgorod"
        />
      </figure>
      <figure>
        <img
          alt="Intel Office in Nizhny Novgorod - Natalia Muravieva"
          className="img-responsive gallery-image"
          src="/photographs/2020-02-13_14/2020-02-13_14_011.webp"
          title="Natalia Muravieva"
        />
        <figcaption
          className="image-caption"
        >
          Natalia Muravieva
        </figcaption>
      </figure>
      <figure>
        <img
          alt="Intel Office in Nizhny Novgorod"
          className="img-responsive gallery-image"
          src="/photographs/2020-02-13_14/2020-02-13_14_012.webp"
          title="Intel Office in Nizhny Novgorod"
        />
      </figure>
      <figure>
        <img
          alt="Intel Office in Nizhny Novgorod"
          className="img-responsive gallery-image"
          src="/photographs/2020-02-13_14/2020-02-13_14_013.webp"
          title="Intel Office in Nizhny Novgorod"
        />
      </figure>
      <figure>
        <img
          alt="Intel Office in Nizhny Novgorod"
          className="img-responsive gallery-image vertical"
          src="/photographs/2020-02-13_14/2020-02-13_14_014.webp"
          title="Intel Office in Nizhny Novgorod"
        />
      </figure>
      <figure>
        <img
          alt="Intel Office in Nizhny Novgorod"
          className="img-responsive gallery-image"
          src="/photographs/2020-02-13_14/2020-02-13_14_015.webp"
          title="Intel Office in Nizhny Novgorod"
        />
      </figure>
      <figure>
        <img
          alt="Intel Office in Nizhny Novgorod - Vadim Grishkin"
          className="img-responsive gallery-image"
          src="/photographs/2020-02-13_14/2020-02-13_14_016.webp"
          title="Vadim Grishkin"
        />
        <figcaption
          className="image-caption"
        >
          Vadim Grishkin
        </figcaption>
      </figure>
      <figure>
        <img
          alt="Intel Office in Nizhny Novgorod"
          className="img-responsive gallery-image"
          src="/photographs/2020-02-13_14/2020-02-13_14_017.webp"
          title="Intel Office in Nizhny Novgorod"
        />
      </figure>
      <figure>
        <img
          alt="Intel Office in Nizhny Novgorod"
          className="img-responsive gallery-image"
          src="/photographs/2020-02-13_14/2020-02-13_14_018.webp"
          title="Intel Office in Nizhny Novgorod"
        />
      </figure>
      <figure>
        <img
          alt="Intel Office in Nizhny Novgorod"
          className="img-responsive gallery-image"
          src="/photographs/2020-02-13_14/2020-02-13_14_019.webp"
          title="Intel Office in Nizhny Novgorod"
        />
      </figure>
      <figure>
        <img
          alt="Intel Office in Nizhny Novgorod"
          className="img-responsive gallery-image"
          src="/photographs/2020-02-13_14/2020-02-13_14_020.webp"
          title="Intel Office in Nizhny Novgorod"
        />
      </figure>
      <figure>
        <img
          alt="Intel Office in Nizhny Novgorod"
          className="img-responsive gallery-image"
          src="/photographs/2020-02-13_14/2020-02-13_14_021.webp"
          title="Intel Office in Nizhny Novgorod"
        />
      </figure>
      <figure>
        <img
          alt="Intel Office in Nizhny Novgorod"
          className="img-responsive gallery-image"
          src="/photographs/2020-02-13_14/2020-02-13_14_022.webp"
          title="Intel Office in Nizhny Novgorod"
        />
      </figure>
      <figure>
        <img
          alt="Intel Office in Nizhny Novgorod"
          className="img-responsive gallery-image"
          src="/photographs/2020-02-13_14/2020-02-13_14_023.webp"
          title="Intel Office in Nizhny Novgorod"
        />
      </figure>
      <figure>
        <img
          alt="Intel Office in Nizhny Novgorod"
          className="img-responsive gallery-image vertical"
          src="/photographs/2020-02-13_14/2020-02-13_14_024.webp"
          title="Intel Office in Nizhny Novgorod"
        />
      </figure>
      <figure>
        <img
          alt="Intel Office in Nizhny Novgorod - Anatoly Lubomirov"
          className="img-responsive gallery-image"
          src="/photographs/2020-02-13_14/2020-02-13_14_025.webp"
          title="Anatoly Lubomirov"
        />
        <figcaption
          className="image-caption"
        >
          Anatoly Lubomirov
        </figcaption>
      </figure>
      <figure>
        <img
          alt="Intel Office in Nizhny Novgorod"
          className="img-responsive gallery-image"
          src="/photographs/2020-02-13_14/2020-02-13_14_026.webp"
          title="Intel Office in Nizhny Novgorod"
        />
      </figure>
      <figure>
        <img
          alt="Intel Office in Nizhny Novgorod"
          className="img-responsive gallery-image"
          src="/photographs/2020-02-13_14/2020-02-13_14_027.webp"
          title="Intel Office in Nizhny Novgorod"
        />
      </figure>
      <figure>
        <img
          alt="Intel Office in Nizhny Novgorod"
          className="img-responsive gallery-image"
          src="/photographs/2020-02-13_14/2020-02-13_14_028.webp"
          title="Intel Office in Nizhny Novgorod"
        />
      </figure>
      <figure>
        <img
          alt="Intel Office in Nizhny Novgorod"
          className="img-responsive gallery-image"
          src="/photographs/2020-02-13_14/2020-02-13_14_029.webp"
          title="Intel Office in Nizhny Novgorod"
        />
      </figure>
      <figure>
        <img
          alt="Intel Office in Nizhny Novgorod"
          className="img-responsive gallery-image"
          src="/photographs/2020-02-13_14/2020-02-13_14_030.webp"
          title="Intel Office in Nizhny Novgorod"
        />
      </figure>
      <figure>
        <img
          alt="Intel Office in Nizhny Novgorod - Serge Papkov"
          className="img-responsive gallery-image"
          src="/photographs/2020-02-13_14/2020-02-13_14_031.webp"
          title="Serge Papkov"
        />
        <figcaption
          className="image-caption"
        >
          Serge Papkov
        </figcaption>
      </figure>
      <figure>
        <img
          alt="Intel Office in Nizhny Novgorod"
          className="img-responsive gallery-image"
          src="/photographs/2020-02-13_14/2020-02-13_14_032.webp"
          title="Intel Office in Nizhny Novgorod"
        />
      </figure>
    </div>
  </main>
  <footer>
    <div
      className="container"
    >
      <hr
        className="footer-divider"
      />
      <ul
        className="piped-links float-end"
      >
        <li
          className="first piped-links-short"
        >
          <a
            href="/resume/"
            onClick={[Function]}
          >
            About
          </a>
        </li>
        <li
          className="first piped-links-long"
        >
          <a
            href="/resume/"
            onClick={[Function]}
          >
            About Andrey Pudov
          </a>
        </li>
        <li>
          <a
            href="/contact/"
            onClick={[Function]}
          >
            Contact
          </a>
        </li>
      </ul>
      <ul
        className="piped-links"
      >
        <p
          className="piped-links-long"
        >
          Copyright © 2025 Andrey Pudov. All rights reserved.
        </p>
        <p
          className="piped-links-short"
        >
          © 2025 Andrey Pudov. All rights reserved.
        </p>
      </ul>
    </div>
  </footer>
</div>
`;
